0 0 1 0 0 0 0 0 0 3 0 3
0 0 9 14 13 0 15 4 1 0 12 3
0 0 0 0 44 12 0 0 0 36 0 0
991 758 1323 1406 0 0 1784 0 11 0 1192 1149
1291 0 0 0 0 3479 0 5632 0 0 0 0
9415 0 0 0 0 8949 0 3388 0 0 398 803
14287 3747 4132 0 0 0 300 1881 0 0 0 0
0 1554 14139 383 6916 10567 0 0 20584 17008 9027 0
10181 0 0 0 0 0 41560 27951 28240 0 261 0
0 0 47913 75323 97307 0 56843 83911 3678 1915 0 0
0 123171 73078 0 0 0 197718 0 0 0 0 8305
0 250610 241367 0 388709 0 46497 0 154729 165019 0 175290
679457 940102 940416 0 912593 0 566863 0 0 0 0 0
2040349 is not a prime.
0 1211340 231670 0 1542762 241083 1201230 1153390 1298397 0 0 276740
2675964 2515896 2793750 2265823 0 1902115 0 0 2528028 2904086 989272 0
7926856 6424718 2791806 0 0 5438024 0 4738979 5362503 6100904 1844125 0
5084216 6672957 0 0 0 0 0 0 8161012 0 1777256 3881125
10202497 0 2342893 0 16491320 16600590 0 0 0 0 4748748 905141
58148437+1 is not divisible by 4.
