22
1 10 104 261 256 164 32 9 64 109 165 62 92 229 279 129 206 223 170 57 259 166
22
1 65 63 114 275 137 11 172 195 260 253 78 132 133 231 242 149 141 66 279 23 45
22
1 160 80 221 154 244 24 206 190 171 42 139 37 120 135 57 167 118 116 156 188 33
22
1 284 31 43 133 240 87 297 263 125 174 170 28 274 67 124 70 95 152 267 66 77
22
1 225 28 247 222 128 138 226 108 252 105 113 297 275 151 43 203 254 58 15 11 298
22
1 266 229 169 113 182 122 135 183 126 40 269 68 74 179 299 252 191 162 241 77 75
22
1 32 262 173 153 147 129 144 273 275 166 36 277 184 176 255 183 137 168 231 225 133
22
300 121 218 189 148 143 92 109 217 12 120 140 122 48 150 257 173 156 58 44 166 242
22
300 283 274 261 91 259 164 113 9 12 218 263 180 133 25 130 230 77 188 153 210 108
22
300 13 131 276 26 187 153 229 142 223 201 48 101 90 298 168 123 247 179 250 60 165
22
300 223 91 161 234 136 123 114 122 180 206 151 65 109 244 263 270 42 88 1 159 110
22
300 249 52 96 55 175 247 17 202 92 224 89 8 86 208 5 155 165 108 10 193 187
22
300 248 145 195 134 179 291 196 96 22 156 137 54 44 51 141 251 143 190 110 173 39
22
300 45 142 258 115 21 135 98 71 293 51 233 132 154 95 107 39 105 25 93 80 292
22
300 265 68 277 16 113 157 260 147 80 142 251 290 189 84 63 206 128 109 212 29 204
22
300 157 258 95 289 128 260 186 175 253 16 174 92 148 113 50 71 282 222 271 142 170
22
300 230 49 295 154 172 100 257 296 160 99 217 127 146 161 20 196 26 33 268 53 254
22
300 237 188 196 139 131 40 285 251 181 43 227 89 153 172 186 116 140 47 213 2 93
22
1 263 66 220 102 23 33 127 228 299 25 8 34 131 269 185 46 222 167 30 36 27
22
300 2 53 20 293 255 292 220 178 182 148 168 265 241 279 111 82 39 272 191 284 76
22
1 222 17 133 202 240 150 116 190 177 26 114 214 77 277 225 146 147 111 6 162 265
22
300 196 176 84 75 199 141 209 163 2 145 40 233 61 62 294 268 193 66 125 82 263
22
1 123 261 53 72 61 197 73 36 250 81 98 170 105 228 35 131 34 12 174 188 161
22
300 272 269 72 169 87 180 270 116 276 266 176 74 275 229 100 223 193 164 222 67 91
22
300 32 65 142 245 261 77 117 277 141 247 182 85 56 101 76 134 197 173 51 239 291
22
1 170 169 158 212 28 79 208 124 252 95 58 32 196 48 2 54 74 37 147 249 242
22
300 53 202 221 3 47 200 299 81 4 273 173 193 179 128 94 127 24 112 133 245 149
22
1 251 148 253 297 160 257 300 51 103 245 170 92 260 281 68 181 64 244 24 127 295
22
1 265 149 118 165 57 154 63 160 48 91 42 37 214 246 52 196 181 300 24 235 17
22
300 98 101 125 135 89 225 61 109 275 231 290 63 193 78 113 298 119 164 282 67 177
22
1 70 67 77 12 167 117 20 232 97 103 264 155 122 209 61 192 38 184 291 63 6
22
300 212 22 94 291 65 93 287 39 271 37 15 234 104 111 224 163 219 236 136 174 88
22
1 116 136 49 193 197 131 181 249 278 186 239 142 39 290 253 159 281 22 183 215 189
22
1 183 280 109 264 165 87 140 291 158 162 216 74 284 72 234 9 206 298 281 47 289
22
300 93 290 146 190 206 91 188 73 243 158 49 229 275 299 235 263 112 185 122 249 246
22
300 31 13 135 228 124 64 174 58 55 188 130 180 141 5 110 193 191 195 1 84 227
22
1 152 262 195 184 215 196 91 65 106 278 190 300 143 296 144 191 162 117 140 99 168
22
300 102 144 29 119 184 22 173 162 126 193 167 265 187 146 185 80 264 298 157 241 74
22
1 208 197 232 283 118 21 203 211 291 62 14 38 159 148 206 177 106 169 129 80 77
22
1 259 209 106 181 65 27 60 182 271 63 243 224 212 157 249 141 217 115 221 136 188
22
300 39 178 236 81 295 275 55 101 96 167 121 163 294 298 242 171 186 276 260 231 32
22
300 25 88 282 85 169 19 260 115 249 160 122 194 8 150 125 113 81 63 166 208 235
22
1 24 253 230 26 251 192 59 106 129 223 196 243 222 117 33 176 248 111 298 183 86
22
300 251 154 106 82 104 54 165 150 161 114 66 227 162 174 11 232 95 41 103 166 288
22
1 286 247 99 105 293 299 182 200 67 31 148 255 274 228 214 51 158 137 170 3 278
22
300 155 141 69 207 278 84 81 158 18 95 92 215 271 17 120 198 223 298 204 214 249
22
1 295 52 26 21 163 70 137 215 203 75 267 208 225 223 196 253 58 116 167 129 230
22
1 155 55 252 208 62 45 85 241 163 190 166 142 171 278 234 111 59 2 44 11 148
22
1 125 278 60 14 117 83 285 160 257 104 280 37 80 195 124 107 185 27 273 93 148
22
1 216 269 56 85 19 25 282 54 7 53 293 297 103 68 298 222 73 146 78 170 247
22
300 286 89 111 276 161 272 228 117 162 75 80 91 100 279 231 294 41 128 65 36 102
22
1 43 232 114 117 290 161 295 98 193 284 18 297 144 173 187 47 224 122 128 211 129
22
300 158 7 220 16 1 120 26 90 188 47 62 35 48 142 208 44 191 114 272 28 117
22
300 267 145 170 155 256 252 100 297 197 253 36 38 232 131 62 10 288 208 9 204 67
22
1 38 23 243 20 220 46 123 230 146 165 166 231 101 35 260 2 178 99 117 259 217
22
300 78 234 37 270 42 143 188 257 63 76 193 49 29 92 151 283 211 53 219 45 233
22
1 227 256 62 145 14 177 277 291 94 141 199 85 37 139 259 194 27 106 135 235 80
22
300 239 177 59 256 88 144 108 175 37 140 283 134 86 223 295 272 75 284 179 188 33
22
1 80 136 81 40 6 60 67 84 272 45 288 111 207 171 72 75 155 256 69 182 26
22
300 186 165 110 236 290 6 225 39 160 257 3 296 93 86 219 200 17 214 154 203 187
22
1 75 274 22 67 84 186 257 219 130 177 279 238 116 94 134 187 164 230 258 183 218
22
300 28 267 270 73 288 149 52 32 228 104 223 215 118 275 178 43 98 272 191 168 169
22
300 44 254 172 152 8 57 82 194 170 200 245 4 119 190 199 84 239 51 117 76 189
22
1 238 5 21 290 79 122 231 209 98 39 4 81 154 148 67 168 78 262 233 50 176
22
1 273 184 221 134 261 258 58 73 53 100 241 49 297 252 289 269 183 71 149 274 185
22
300 226 94 63 260 39 153 177 209 264 189 166 236 12 282 15 293 250 6 183 286 19
22
300 82 156 102 259 62 53 67 9 7 296 264 194 124 237 270 77 281 35 204 144 164
22
299 117 20 119 87 183 219 284 274 55 22 88 95 245 25 198 281 144 190 113 254 129
22
299 60 86 20 217 257 184 132 183 207 80 222 236 136 122 177 179 97 161 258 260 104
22
299 13 232 159 231 34 186 258 64 162 275 33 119 82 187 241 62 244 264 259 61 90
22
299 37 82 131 171 94 243 67 238 80 182 90 259 214 162 15 119 260 120 29 86 128
22
299 291 178 182 107 292 95 163 54 251 239 105 37 262 141 204 222 8 153 72 238 30
22
299 141 238 217 124 277 233 157 105 129 259 255 71 82 136 183 162 254 52 33 120 43
22
299 175 272 70 111 258 20 61 191 270 216 50 137 158 64 84 172 39 134 296 55 7
22
299 172 167 249 96 23 99 193 44 157 2 254 58 211 106 141 196 200 156 258 65 248
22
299 61 202 174 192 161 55 66 260 275 113 111 35 50 142 78 19 64 163 281 131 84
22
299 161 14 49 286 21 251 218 118 52 4 262 5 72 115 65 150 182 68 86 296 56
22
299 246 62 33 211 179 114 227 141 109 82 195 159 259 178 284 272 234 43 297 101 181
22
299 159 206 143 9 81 280 4 228 154 101 27 189 298 203 152 70 106 18 109 284 212
22
299 42 230 33 67 145 284 102 224 280 285 239 287 65 88 36 72 218 269 166 155 82
22
299 233 32 9 73 234 129 268 178 229 150 127 205 168 35 84 8 193 26 250 232 11
22
299 295 98 246 101 130 267 136 288 198 37 20 177 17 144 33 114 204 110 75 189 149
22
299 283 256 165 286 60 89 38 183 134 186 158 15 138 200 92 133 6 12 205 125 59
22
299 6 170 278 228 225 157 81 200 3 215 121 203 258 107 37 84 179 94 288 296 202
22
299 28 31 297 286 134 15 112 146 292 79 123 159 49 203 104 186 189 68 166 265 207
22
299 183 222 60 138 9 192 69 203 137 216 82 115 6 68 90 7 74 15 263 268 59
22
299 112 194 73 222 106 69 125 51 104 253 129 270 234 173 248 116 176 147 190 218 66
22
299 69 73 235 9 145 215 225 124 21 112 96 41 106 121 88 157 74 187 19 54 279
22
299 38 138 206 83 96 183 250 261 64 185 233 293 136 224 88 192 164 243 144 264 162
22
299 261 114 103 186 57 78 173 67 212 13 7 208 142 180 47 257 237 95 76 254 122
22
299 64 27 201 51 114 150 223 15 151 277 62 6 200 13 3 59 136 47 103 131 76
22
299 79 124 282 72 283 276 189 256 270 31 209 164 100 114 154 208 158 35 59 226 160
22
299 85 86 165 209 196 145 109 101 254 250 153 192 235 114 257 89 119 57 262 51 229
22
299 46 221 265 243 171 121 153 219 295 24 43 157 289 98 194 130 28 119 190 30 143
22
299 3 249 91 47 154 52 244 64 164 8 255 125 49 206 155 147 223 112 59 184 185
22
299 256 88 8 181 285 52 172 259 188 20 158 87 205 290 248 54 25 138 262 154 10
22
299 273 250 277 78 281 13 73 290 175 204 238 91 107 221 183 264 24 261 192 48 278
22
299 221 84 23 217 260 154 120 64 6 159 194 38 39 137 200 2 157 234 184 254 134
22
299 280 125 285 188 91 225 128 183 48 145 244 96 245 164 28 158 203 6 236 151 219
22
299 126 151 10 108 273 62 147 153 121 209 24 237 193 186 168 165 132 60 75 285 257
22
299 12 34 297 245 272 17 251 296 148 44 218 191 3 25 169 154 20 124 276 121 237
22
299 268 71 259 187 240 57 24 65 245 108 97 69 201 210 110 40 3 204 247 107 191
22
298 253 143 129 90 287 226 34 194 178 230 96 275 42 107 152 187 68 130 147 235 29
22
298 133 212 15 115 227 210 46 118 65 180 187 75 104 30 272 54 238 45 242 125 95
22
298 277 126 290 233 259 39 98 107 65 176 108 256 197 42 267 295 195 72 142 46 61
22
298 136 57 291 169 264 98 145 166 190 230 222 167 292 226 192 25 188 284 29 95 204
22
298 29 223 123 26 186 47 128 262 39 12 183 84 145 135 67 204 58 138 126 211 195
22
298 88 220 123 267 231 34 186 160 246 41 234 291 164 99 49 130 254 25 261 175 135
22
298 104 106 98 196 216 266 203 95 151 273 68 125 185 168 102 262 39 65 105 248 212
22
298 172 106 295 31 280 228 28 82 127 83 285 144 118 134 85 39 21 68 77 154 149
22
298 279 238 35 229 41 293 94 232 121 132 196 24 133 254 150 120 291 29 43 237 264
22
298 205 232 105 202 11 102 174 151 150 135 248 181 216 296 9 279 221 212 108 79 228
22
298 114 268 22 38 148 71 119 182 261 297 156 240 48 217 132 17 63 252 181 245 116
22
298 235 40 54 167 103 186 251 203 29 198 89 163 92 87 12 90 264 174 292 33 112
22
298 154 57 209 237 173 2 217 124 86 98 295 283 176 219 4 102 292 53 250 140 10
22
298 120 9 249 52 73 261 140 69 182 40 33 166 30 32 167 229 206 6 159 212 47
22
298 203 163 200 68 92 285 275 63 274 267 130 154 194 156 110 262 80 235 190 254 170
22
298 44 279 92 141 275 188 238 24 27 129 293 189 48 78 202 82 220 34 185 40 287
22
298 47 19 144 41 291 176 216 53 180 173 24 94 274 115 97 275 119 124 221 195 49
22
298 267 70 80 215 100 236 18 42 266 74 90 13 54 165 89 294 121 168 282 86 149
22
298 97 295 283 126 274 197 99 225 178 196 258 68 293 236 265 144 212 36 47 151 188
22
298 250 53 24 221 91 277 57 183 10 62 60 21 241 262 235 110 181 51 107 158 243
22
298 93 12 218 178 30 149 227 16 75 121 141 275 284 127 109 250 102 278 189 222 14
22
298 34 228 186 14 54 155 9 224 111 268 214 85 129 151 265 203 105 279 48 266 15
22
298 147 157 102 37 209 220 177 27 176 243 68 21 265 124 193 212 233 137 74 248 51
22
298 192 108 246 274 49 83 241 41 158 254 232 157 21 152 197 48 190 51 15 143 146
22
298 252 248 280 259 192 139 13 62 295 154 289 140 79 149 284 162 67 209 59 92 41
22
298 43 240 10 107 134 175 136 207 292 266 110 27 272 285 112 188 279 139 74 245 29
22
298 22 190 112 108 155 156 204 48 218 107 174 258 245 186 168 297 143 283 110 93 165
22
298 257 60 58 192 273 143 119 246 262 296 248 150 195 290 107 101 104 67 29 219 5
22
297 164 191 40 225 242 121 24 134 261 79 94 287 200 165 128 190 271 131 28 52 34
22
297 47 244 245 53 147 36 25 131 41 140 119 259 78 151 134 232 121 248 133 250 264
22
297 132 48 292 126 144 35 95 273 167 70 124 166 261 169 47 187 232 213 284 75 194
22
297 184 259 216 50 117 98 101 268 209 247 289 151 239 181 109 104 291 135 115 158 278
22
297 22 219 61 220 243 113 98 77 107 122 127 109 210 232 229 161 60 144 131 294 223
22
297 205 108 31 231 77 26 134 282 253 281 127 215 106 83 78 44 55 268 292 175 115
22
297 225 37 255 20 155 142 283 65 41 172 262 199 35 294 94 77 141 192 287 263 59
22
297 5 202 131 113 34 116 159 156 228 100 117 255 18 176 212 58 133 296 93 168 60
22
297 99 49 105 8 287 162 141 285 6 185 68 290 103 238 280 199 101 210 201 188 281
22
297 171 1 205 106 92 198 91 95 290 174 16 222 280 156 177 288 241 55 153 21 178
22
297 153 277 83 7 294 195 156 251 47 257 171 252 180 125 80 265 18 186 183 178 147
22
297 110 239 94 291 163 112 260 142 205 245 216 242 45 119 145 103 7 176 182 234 157
22
296 257 111 160 278 234 64 231 126 249 17 131 158 214 193 51 133 34 154 181 18 244
22
296 81 181 184 107 154 114 214 4 104 87 50 20 288 60 263 201 77 177 166 157 112
22
296 170 175 101 270 75 73 254 117 134 33 286 280 195 129 230 60 255 142 138 35 6
22
296 11 212 82 153 108 94 137 66 38 24 20 124 166 217 14 253 289 182 117 235 211
22
296 132 254 60 98 182 83 261 262 160 192 185 104 142 34 37 45 157 134 212 151 207
22
296 239 31 45 129 135 238 228 38 32 192 39 18 286 260 72 216 250 163 107 193 185
22
296 171 170 137 218 30 268 256 100 73 84 258 250 234 290 184 102 168 131 15 45 53
22
296 227 66 266 293 256 192 11 148 25 289 221 161 107 2 30 134 74 92 131 15 95
22
296 116 207 275 206 78 71 231 134 74 34 84 148 12 119 7 175 249 30 121 9 122
22
296 176 120 206 90 187 238 233 86 12 159 103 287 186 295 140 242 189 150 26 129 142
22
296 126 157 241 110 283 68 29 156 47 8 169 27 265 216 228 62 147 17 238 193 285
22
296 212 79 276 187 130 87 224 284 143 19 266 246 196 233 131 99 119 109 34 27 223
22
296 27 282 232 55 35 264 243 153 169 29 166 266 198 101 81 108 49 224 127 225 56
22
297 37 53 107 249 9 137 126 34 246 149 84 39 178 259 217 71 281 272 268 250 99
22
296 224 33 199 117 123 68 204 147 150 244 142 28 164 85 210 125 225 3 13 169 20
22
296 59 156 167 67 186 88 132 264 195 205 295 229 223 43 142 178 96 293 115 252 22
22
296 3 152 187 197 125 21 150 27 219 294 200 143 52 138 231 36 258 41 181 100 218
22
297 33 166 46 157 27 143 136 73 207 60 173 259 243 35 292 128 110 262 244 267 62
22
297 224 221 124 282 220 149 125 290 269 131 281 200 289 271 222 155 294 206 52 79 30
22
296 99 293 276 100 206 174 172 128 27 250 272 73 143 78 274 79 279 6 13 41 82
22
296 219 22 16 79 213 95 110 289 48 246 158 81 176 255 204 145 174 276 126 175 292
22
297 23 160 24 284 271 197 31 3 116 92 164 184 156 87 253 281 216 59 131 175 228
22
296 86 291 258 38 61 64 241 246 158 13 99 162 137 44 153 49 102 280 293 245 225
22
296 274 76 231 18 186 63 273 65 168 166 104 184 270 34 256 207 215 289 86 257 205
22
297 74 174 261 198 209 213 227 256 119 282 159 30 287 190 60 258 38 237 197 49 244
22
297 85 68 165 227 144 120 12 152 130 230 124 217 126 205 22 33 112 169 73 178 208
22
296 240 188 5 202 285 262 49 88 16 127 65 274 246 43 31 191 96 225 18 64 293
22
297 270 210 165 78 275 76 160 37 294 154 32 206 279 97 29 75 217 234 109 93 50
22
296 43 57 254 60 295 39 40 36 236 182 251 204 42 12 240 143 188 191 88 268 149
22
297 13 195 95 153 71 158 37 59 81 108 111 293 106 224 229 48 285 234 9 251 57
22
296 225 90 57 134 173 151 95 216 251 19 292 234 38 276 205 100 54 8 44 146 63
22
297 292 209 101 295 238 18 12 200 230 294 3 45 33 95 288 202 155 78 71 80 147
22
296 260 218 180 44 206 160 40 60 275 237 87 183 127 200 267 42 7 287 178 190 90
22
297 133 41 44 85 83 138 258 182 265 106 198 173 238 144 72 66 215 295 64 184 285
22
297 261 167 72 192 233 76 17 51 217 136 248 269 36 170 176 279 149 189 108 119 208
22
296 50 157 93 290 60 248 162 125 276 219 84 21 38 178 37 223 39 137 212 166 193
22
296 248 139 103 36 244 212 273 45 76 52 194 274 187 101 48 6 245 62 173 242 278
22
297 273 198 88 188 24 217 186 87 193 290 37 284 149 83 233 75 167 109 164 51 132
22
296 245 267 145 136 173 11 227 116 55 170 108 100 248 93 19 87 218 3 140 152 114
22
297 215 188 278 85 52 282 281 214 190 81 46 123 252 261 150 234 175 139 196 61 292
22
296 252 250 156 48 215 164 190 32 62 259 42 275 111 229 147 236 257 239 68 71 265
22
296 153 27 123 72 101 212 51 269 229 179 173 59 234 276 40 80 185 265 200 137 284
22
297 181 171 57 37 146 73 83 229 147 243 209 10 68 226 39 50 246 168 152 112 51
22
296 133 238 187 107 204 215 274 72 77 28 172 18 181 208 84 167 266 194 71 288 256
22
296 232 83 254 280 85 16 124 38 74 20 57 114 161 64 187 192 3 284 60 135 235
22
297 135 120 154 141 249 52 258 152 71 149 265 213 65 30 262 127 224 231 168 13 275
22
296 69 266 249 201 134 154 166 49 37 137 7 109 121 270 272 34 82 41 21 284 251
22
297 65 169 149 107 246 2 96 9 31 49 131 272 26 78 176 10 141 72 196 273 115
22
296 75 201 169 174 6 54 28 119 22 223 282 258 17 85 56 147 167 110 160 221 78
22
297 206 211 197 149 294 105 217 144 62 174 32 47 61 229 157 8 184 45 226 193 108
22
296 203 209 270 292 295 173 272 98 195 177 125 175 293 81 144 80 241 130 222 54 22
22
296 183 40 139 175 236 115 108 240 206 25 218 98 210 102 222 197 113 114 121 62 173
22
297 96 129 139 8 100 26 58 202 208 293 223 278 279 118 197 151 257 254 282 11 273
22
296 115 246 159 5 150 269 206 146 210 252 160 128 27 271 9 102 220 83 277 270 168
22
297 185 11 282 161 293 204 289 89 286 108 229 264 194 188 6 107 203 177 10 262 156
22
295 166 163 260 68 62 259 180 31 78 25 223 49 191 140 37 42 69 198 24 162 244
22
295 263 121 27 134 170 221 247 164 287 174 156 70 114 257 29 64 131 162 132 267 259
22
295 187 273 237 194 90 12 121 44 83 76 31 98 241 228 282 201 20 27 109 218 226
22
295 287 72 83 277 79 85 267 17 249 51 4 87 102 140 135 46 182 137 134 171 26
22
295 61 255 232 270 135 155 195 18 169 142 14 128 90 292 84 251 215 71 179 214 293
22
295 71 154 263 151 72 16 212 66 235 162 15 92 84 233 290 112 93 193 96 141 238
22
295 180 54 124 118 21 7 75 27 238 172 251 83 248 162 286 217 120 86 176 221 10
22
295 221 102 17 172 186 208 269 263 168 187 170 20 274 217 242 23 70 153 214 42 67
22
295 104 165 270 101 34 218 256 228 8 73 150 249 136 202 5 11 262 31 55 244 233
22
295 238 60 199 103 198 131 151 259 138 9 154 41 121 214 263 265 109 182 254 163 269
22
295 138 28 225 66 148 140 67 129 219 272 234 22 251 93 14 293 196 11 54 84 143
22
295 213 165 168 277 92 80 195 115 262 256 30 89 27 106 136 75 35 86 167 269 39
22
295 53 162 227 69 201 63 250 163 100 140 87 57 196 236 185 293 257 98 154 281 176
22
295 147 259 59 45 162 127 253 18 257 115 60 202 17 157 107 177 87 142 190 226 102
22
295 108 50 76 72 74 269 170 112 119 221 18 208 275 209 160 166 7 77 2 65 199
22
295 48 244 200 128 146 13 102 241 111 286 132 94 189 173 39 79 10 273 89 126 288
22
295 207 198 132 155 211 26 25 281 222 73 21 224 146 172 158 77 212 292 118 290 152
22
295 96 205 93 132 88 154 234 102 14 282 99 58 208 77 253 215 161 5 110 185 18
22
295 154 257 232 209 96 107 161 132 287 233 105 150 158 255 90 189 32 106 226 129 54
22
295 36 289 201 154 143 240 188 203 35 206 224 199 189 177 288 278 233 2 105 82 125
22
295 72 261 292 146 98 151 167 240 209 70 285 134 243 105 271 55 249 235 52 281 89
22
295 64 225 257 56 95 261 249 111 152 151 62 18 80 116 136 60 161 52 192 290 237
22
295 129 37 79 67 281 152 276 277 273 66 144 123 241 161 75 76 148 216 182 188 62
22
295 275 29 186 89 63 122 271 119 140 249 293 233 174 97 150 278 241 55 31 124 52
22
295 278 219 26 153 223 95 240 271 74 41 273 76 270 23 138 195 268 284 52 82 202
22
295 133 205 288 136 220 157 230 193 140 59 33 197 179 209 278 5 271 280 189 154 277
22
294 97 258 98 49 90 196 149 4 265 136 130 68 33 176 217 286 244 169 92 201 150
22
294 4 201 248 92 148 247 286 77 289 90 89 116 237 47 55 6 174 108 53 266 287
22
294 54 293 190 290 2 263 208 93 264 249 94 237 123 152 193 217 288 112 75 178 284
22
294 240 125 61 274 171 148 17 258 184 74 281 130 34 289 4 214 95 268 177 263 41
22
294 143 13 146 130 207 113 79 33 163 116 46 18 86 35 16 136 273 181 195 59 230
22
294 149 55 12 126 9 36 66 199 210 246 116 15 208 113 158 109 129 209 176 89 258
22
294 14 211 224 67 130 49 230 40 128 243 269 43 169 27 179 101 46 273 291 138 140
22
294 231 202 134 14 223 207 120 178 44 252 108 126 114 54 152 16 3 135 129 176 203
22
294 47 252 283 140 111 32 86 229 110 267 142 73 144 174 56 57 155 97 293 234 44
22
294 100 3 39 191 212 242 249 165 192 198 208 52 205 265 139 115 76 12 51 189 252
22
294 262 158 26 255 38 236 220 5 228 202 276 42 271 145 241 49 74 12 190 80 70
22
294 123 25 206 272 58 245 9 12 112 74 205 248 183 38 97 94 139 14 20 132 56
22
294 155 176 9 179 253 3 146 21 44 35 271 123 171 252 78 8 33 19 213 241 26
22
294 250 48 291 288 230 68 256 21 115 18 121 71 69 4 268 33 286 11 133 53 94
22
294 265 53 68 92 6 266 73 188 247 263 226 11 27 66 111 257 130 65 159 79 63
22
294 182 57 29 202 124 276 226 26 32 63 280 126 154 158 37 53 258 272 238 142 69
22
294 44 15 209 241 202 127 249 12 149 258 238 40 158 222 60 162 30 124 221 8 68
22
294 227 197 224 27 246 139 135 204 109 280 147 42 151 242 278 55 38 252 40 163 262
22
294 177 45 258 61 110 263 107 78 236 178 181 8 259 134 129 241 170 142 232 117 105
22
294 242 179 233 182 98 58 13 111 160 133 229 46 155 252 143 210 12 84 177 42 249
22
294 136 209 162 147 63 24 112 122 71 116 169 124 282 252 287 96 158 236 127 193 233
22
294 76 117 211 72 273 258 57 42 290 16 161 93 206 19 190 231 10 228 37 162 194
22
294 239 225 281 28 260 271 146 149 83 58 123 254 114 219 242 73 30 232 35 105 208
22
294 185 270 216 181 132 44 178 241 137 196 232 101 180 204 104 55 81 141 159 35 53
22
294 56 116 89 180 230 253 41 251 54 64 154 175 266 125 161 19 112 132 96 219 18
22
294 135 130 70 150 36 178 233 229 214 8 181 142 117 215 189 234 296 231 11 186 14
22
294 207 191 145 166 222 30 25 261 128 149 217 225 269 80 164 84 285 249 127 274 55
22
294 117 167 223 26 14 251 161 178 224 89 110 70 185 158 99 184 281 282 150 239 196
22
294 257 256 59 251 283 292 99 54 4 47 192 149 207 45 244 17 12 201 184 282 95
22
294 86 35 213 223 173 160 208 273 34 167 281 144 17 164 214 39 8 112 233 236 71
22
294 107 196 7 130 26 206 177 43 274 21 83 101 178 252 257 134 190 61 164 131 268
22
294 180 66 112 62 256 170 138 102 231 217 271 11 281 174 239 6 122 287 250 14 153
22
294 127 168 243 248 116 115 211 185 286 288 180 51 38 91 263 135 170 163 199 107 74
22
293 32 241 6 203 167 103 147 62 257 123 277 259 251 201 231 179 4 3 218 63 73
22
293 231 18 243 147 201 35 254 239 244 292 75 98 143 99 281 88 121 212 251 139 205
22
293 103 31 143 94 24 120 84 285 272 49 176 235 237 244 105 75 190 123 47 51 225
22
293 7 275 175 30 143 27 178 240 230 8 33 127 40 174 44 237 286 83 150 202 199
22
293 204 96 267 201 152 20 86 286 147 17 265 4 273 221 198 51 244 214 211 127 160
22
293 4 168 94 288 2 81 249 47 52 213 39 256 120 101 144 80 244 42 33 55 239
22
293 265 270 13 252 30 190 227 53 246 4 175 83 134 147 180 207 101 158 128 179 33
22
293 210 65 177 193 96 103 265 196 112 113 106 131 100 13 56 168 271 286 270 266 241
22
293 216 22 170 160 153 26 17 267 214 63 112 73 137 175 14 204 290 61 135 66 106
22
293 277 256 209 134 236 269 212 12 10 266 108 107 69 281 287 60 104 118 243 110 158
22
293 80 91 288 263 149 268 84 213 47 81 220 37 30 255 166 181 139 76 17 21 237
22
293 254 57 35 257 12 267 216 115 104 7 23 94 227 231 135 11 79 176 21 30 218
22
293 60 63 2 256 122 16 24 95 278 183 158 221 54 18 115 58 42 260 291 251 266
22
293 260 272 192 157 43 240 175 239 102 90 52 242 289 197 159 160 31 190 11 38 93
22
293 45 48 193 245 108 252 247 55 256 156 104 196 163 100 260 5 125 50 216 31 171
22
293 174 103 5 209 288 111 44 122 203 278 3 271 229 104 102 16 81 72 34 238 213
22
293 74 287 238 37 159 34 20 176 231 165 105 91 190 65 202 285 248 181 193 68 33
22
293 102 181 131 228 61 69 207 275 155 178 163 58 252 201 59 263 73 52 51 223 246
22
293 84 194 88 196 281 130 282 221 177 71 21 249 121 81 193 59 132 277 43 236 3
22
293 139 54 64 261 258 28 110 266 220 161 154 270 256 180 254 156 246 46 172 151 130
22
293 114 108 254 211 22 126 101 138 110 208 204 8 188 13 244 50 3 213 144 88 158
22
293 121 22 171 74 86 46 16 3 237 219 126 252 108 79 292 161 29 111 197 96 246
22
293 226 280 47 152 55 144 258 220 170 238 245 188 100 161 54 48 23 272 3 21 49
22
293 31 284 87 234 40 120 25 28 57 154 247 181 122 143 45 32 240 209 227 211 76
22
293 186 22 33 108 5 118 281 271 18 78 20 194 266 62 274 55 149 246 272 114 121
22
293 179 232 281 12 112 93 18 202 2 268 8 97 189 283 199 209 25 82 42 46 151
22
293 25 222 264 101 273 36 198 133 250 219 197 220 230 270 53 116 186 169 46 52 159
22
293 2 199 248 137 46 279 88 182 240 243 8 140 124 49 93 54 94 101 126 26 11
22
293 61 100 74 107 81 213 233 79 262 278 258 177 20 24 21 4 16 249 189 227 150
22
292 267 196 52 279 79 9 51 74 277 141 119 81 45 268 82 123 145 60 129 99 206
22
292 99 23 204 216 151 135 213 108 246 40 226 114 105 166 157 141 86 63 44 178 258
22
292 40 133 96 251 215 14 152 211 100 166 123 44 263 286 285 3 67 158 72 22 200
22
292 111 277 112 205 80 10 173 156 109 108 97 89 236 189 59 190 194 223 127 287 134
22
292 144 3 66 263 55 230 100 39 252 258 234 157 112 96 267 147 58 170 218 60 186
22
292 155 252 90 52 243 157 69 119 148 269 205 22 235 12 46 79 108 78 75 287 72
22
292 131 166 31 128 188 228 50 278 18 58 163 85 213 217 108 4 247 66 202 158 143
22
292 185 5 84 88 44 27 275 107 290 102 110 43 153 233 16 140 213 136 122 118 199
22
292 52 109 6 200 147 37 87 54 9 106 100 215 59 225 92 76 176 29 223 205 118
22
292 77 269 190 275 72 287 264 257 266 288 219 78 69 204 156 83 187 56 7 181 284
22
292 21 33 119 73 107 271 22 270 97 216 149 17 30 117 241 46 155 264 194 20 93
22
292 139 194 265 61 258 10 153 249 220 160 281 184 111 291 146 85 204 37 14 97 203
22
292 94 289 189 192 24 225 284 184 165 234 254 183 124 178 221 57 89 216 251 212 286
22
292 89 223 237 31 119 221 281 84 248 131 175 28 116 202 16 252 184 49 128 228 122
22
292 49 102 18 105 9 6 286 118 67 93 36 251 96 95 2 106 44 189 131 80 184
22
292 160 19 255 21 211 209 167 118 58 67 76 144 264 198 185 61 139 44 261 236 164
22
292 6 103 230 209 33 217 215 274 20 262 201 276 23 79 19 258 13 118 121 206 179
22
292 138 9 208 213 7 206 116 258 39 64 104 228 221 152 198 41 147 124 238 204 220
22
292 13 35 290 62 15 212 265 7 250 276 232 8 209 9 68 221 33 109 185 259 104
22
292 79 210 231 106 215 10 36 92 111 251 289 66 96 34 118 35 24 14 159 147 271
22
292 250 11 56 36 197 286 239 199 93 120 289 261 253 173 28 23 119 203 210 62 285
22
292 259 6 206 156 100 13 46 251 199 113 151 23 197 21 182 243 125 210 271 124 48
22
292 229 49 296 15 210 212 211 115 10 194 208 99 45 234 236 260 231 173 176 219 2
22
291 276 224 267 38 173 15 61 280 259 194 142 113 2 105 77 284 251 126 96 188 203
22
291 265 93 190 244 197 199 89 219 256 11 120 86 25 5 202 247 159 140 2 43 171
22
291 140 270 170 191 253 72 18 63 192 224 2 138 278 105 78 282 215 230 274 88 240
22
291 177 140 284 167 123 80 16 213 142 257 30 6 106 42 118 266 143 161 26 54 243
22
291 103 102 206 3 163 79 42 276 189 63 263 58 66 118 120 138 52 124 184 64 273
22
291 246 251 73 49 236 26 170 234 195 32 125 17 70 69 117 86 228 260 94 85 164
22
291 13 99 142 7 239 5 182 235 63 101 161 236 26 181 289 154 67 138 56 121 183
22
291 204 201 116 122 60 32 14 186 231 58 198 268 213 89 105 94 178 211 111 152 67
22
291 96 244 87 47 40 92 200 3 44 89 278 15 286 259 272 62 256 274 114 247 158
22
291 78 137 242 59 40 198 69 195 98 102 133 227 149 8 263 145 19 95 48 118 87
22
291 272 175 284 26 153 198 137 203 227 217 30 130 288 65 265 262 176 274 68 60 59
22
291 23 220 66 217 166 180 130 204 171 37 57 64 74 134 16 231 233 260 184 84 252
22
291 101 36 90 175 147 137 30 253 80 171 212 117 263 109 239 237 215 74 42 267 62
22
291 16 236 164 17 242 140 192 117 277 174 128 113 217 195 179 47 3 194 139 31 168
22
291 162 196 148 54 176 118 74 232 183 198 271 166 191 32 99 9 288 281 62 88 237
22
291 128 144 59 28 266 25 215 89 135 39 180 133 87 122 232 214 118 61 201 172 167
22
291 225 208 165 289 148 211 154 84 252 117 224 186 184 198 41 240 69 121 246 112 48
22
292 176 179 240 96 230 158 101 5 54 19 12 191 233 164 269 159 155 168 47 291 199
22
291 86 187 188 126 134 265 135 154 97 124 29 38 186 61 92 129 185 118 130 90 235
22
292 188 97 217 35 27 179 142 247 80 277 200 159 50 33 158 100 175 8 32 26 43
22
291 50 5 112 93 119 135 167 267 274 259 229 70 244 106 137 220 39 145 159 20 187
22
292 125 8 76 80 218 277 173 235 282 43 225 26 285 44 19 85 222 104 119 28 82
22
290 288 38 82 235 162 71 109 155 69 146 122 18 42 171 265 72 258 205 241 36 65
22
290 221 24 118 174 38 123 96 87 231 26 4 63 173 71 279 249 45 77 50 139 37
22
290 274 229 210 253 75 56 272 79 283 166 86 180 276 216 107 110 70 9 19 201 196
22
290 111 60 256 59 87 84 171 30 62 37 6 101 267 188 150 283 90 43 124 185 51
22
290 134 256 152 259 14 266 125 249 169 55 138 172 102 27 205 5 33 176 195 71 115
22
290 211 127 200 6 35 114 53 17 106 25 224 222 50 177 233 140 286 27 36 18 269
22
290 203 72 33 212 52 20 190 37 46 169 247 200 245 109 48 211 231 171 197 198 10
22
290 93 32 23 217 266 125 96 272 28 83 69 249 79 286 225 16 52 212 178 276 99
22
290 222 233 124 121 24 125 235 284 42 282 184 111 182 64 82 86 91 60 276 286 65
22
290 82 15 29 244 215 120 223 56 163 164 66 147 261 264 94 26 30 286 65 226 206
22
290 126 245 145 172 48 21 277 103 176 246 198 98 151 52 66 216 20 249 276 149 28
22
290 31 247 134 224 59 98 216 235 181 38 118 193 201 242 116 284 215 162 18 175 13
22
290 50 172 79 19 74 273 48 223 8 270 34 231 77 238 271 117 64 131 162 141 27
22
290 73 162 62 118 268 288 259 157 148 248 25 14 115 66 163 263 80 75 109 245 291
22
289 79 8 19 213 273 16 116 214 17 226 113 31 210 228 174 7 269 89 13 278 2
22
289 279 220 23 85 282 50 81 73 46 205 159 182 190 37 44 105 124 288 256 249 243
22
289 49 95 214 260 202 243 161 252 123 238 271 48 115 160 181 258 262 92 217 20 101
22
289 223 228 250 102 271 137 181 174 134 113 177 142 157 28 60 220 15 122 11 204 210
22
289 112 236 16 70 48 267 36 187 45 242 113 92 286 139 32 58 281 18 189 168 91
22
289 145 216 41 126 29 60 42 24 108 255 105 282 35 263 76 276 133 16 123 69 114
22
289 28 138 235 38 218 268 127 21 195 108 220 23 225 135 29 71 204 176 208 224 155
22
289 238 29 32 129 114 226 225 42 161 17 271 285 90 36 48 264 87 186 142 274 40
22
289 4 43 90 287 148 98 240 249 85 54 163 181 91 273 202 51 76 261 176 280 251
22
289 103 41 279 175 154 126 248 158 239 51 108 54 225 211 277 201 230 141 34 219 220
22
289 17 3 109 240 67 208 167 214 15 43 258 101 145 55 122 66 264 269 140 253 82
22
289 214 219 272 172 25 31 148 96 99 89 252 24 164 190 241 35 143 51 75 182 133
22
290 245 256 70 194 56 124 49 274 156 105 246 53 18 249 150 62 154 23 133 149 176
22
289 47 2 188 91 110 13 27 218 215 102 199 62 40 264 67 127 283 64 115 226 213
22
290 68 265 36 180 28 267 151 89 18 84 96 70 87 15 251 167 264 253 88 234 80
22
289 73 80 83 143 162 50 148 234 268 99 212 277 47 232 188 257 124 210 144 112 186
22
290 15 106 187 51 104 54 103 137 90 251 287 230 91 131 134 284 172 248 201 101 121
22
290 258 252 58 120 21 161 249 240 132 151 241 248 53 44 160 185 91 155 278 77 244
22
289 283 144 109 217 20 248 140 105 66 55 97 276 194 8 128 158 252 82 133 198 42
22
290 43 76 242 87 70 37 160 145 102 61 108 181 83 11 28 119 35 172 170 116 50
22
289 75 91 99 29 211 189 243 288 169 76 122 154 251 256 143 213 11 136 98 25 234
22
290 227 67 30 149 275 284 222 32 125 264 78 8 215 201 158 51 33 155 183 72 89
22
289 154 187 68 181 21 16 252 73 275 81 156 256 58 15 92 253 202 111 188 112 64
22
290 164 78 56 156 20 288 279 45 275 256 231 138 94 284 12 176 189 142 109 70 34
22
289 81 285 120 17 56 209 102 59 185 12 278 88 69 66 136 38 2 177 282 58 235
22
289 239 170 157 208 249 272 164 254 98 177 185 154 85 209 78 81 256 242 214 115 158
22
290 271 223 167 78 132 264 232 197 221 169 287 205 16 103 35 129 22 39 85 25 229
22
290 230 33 75 180 126 277 278 68 7 231 139 32 240 81 274 222 43 232 229 263 141
22
289 146 190 69 198 168 153 195 30 63 116 22 114 219 19 66 282 85 33 121 157 52
22
289 202 224 184 75 105 87 210 15 175 220 110 92 187 128 172 104 248 147 103 6 287
22
288 25 168 211 236 98 212 266 272 49 99 114 254 235 143 208 205 37 63 15 80 62
22
288 11 71 201 136 194 147 43 212 112 264 202 67 21 36 168 185 193 245 95 215 155
22
288 57 281 236 90 161 137 6 3 282 147 186 133 38 185 235 40 138 42 50 242 237
22
288 38 27 98 138 224 225 111 268 181 171 244 234 261 164 158 41 85 124 259 68 269
22
288 199 197 275 261 124 241 221 210 64 269 213 13 208 66 240 184 286 143 212 238 8
22
288 110 124 242 216 239 101 75 243 137 118 61 149 272 263 13 148 40 200 168 45 15
22
288 143 109 190 113 263 156 239 290 285 42 88 86 38 135 41 259 91 45 165 203 46
22
288 90 144 158 247 244 265 83 268 145 189 71 40 124 61 180 109 142 112 48 137 152
22
288 172 176 258 232 179 38 220 278 247 80 183 221 79 152 39 198 64 3 53 277 274
22
288 276 72 247 3 269 65 265 284 170 177 180 194 267 263 59 132 46 235 229 68 18
22
287 213 113 215 46 12 243 216 22 266 62 220 210 239 23 209 223 97 20 274 283 3
22
287 118 59 112 164 73 23 15 163 17 255 120 288 174 70 91 19 256 282 95 89 158
22
287 150 96 172 55 31 57 88 278 241 285 91 238 81 25 58 128 237 174 188 43 83
22
287 58 222 263 213 128 237 141 171 242 107 193 140 219 45 145 2 250 274 113 80 103
22
287 15 212 286 209 60 186 189 97 283 285 144 72 4 57 154 149 53 132 52 217 265
22
287 22 170 73 250 149 4 41 267 243 46 173 270 7 76 286 146 254 218 239 134 34
22
287 270 121 262 61 129 249 176 254 226 134 237 21 165 59 122 169 4 34 117 130 80
22
287 275 189 286 48 176 177 29 267 78 205 159 245 164 218 144 85 274 206 93 240 14
22
288 253 105 170 117 255 153 159 11 248 58 269 206 69 200 142 124 43 254 191 240 195
22
287 40 245 236 113 122 16 89 70 107 93 213 190 272 75 266 139 130 267 46 276 224
22
288 44 195 277 35 34 241 64 177 83 230 40 232 158 276 51 283 286 96 189 226 176
22
287 237 14 211 92 240 131 103 171 51 155 217 100 95 93 43 111 254 44 110 129 21
22
287 98 282 125 268 155 154 266 19 51 100 59 252 219 69 133 211 248 188 105 263 120
22
288 257 37 32 134 285 222 234 207 283 8 206 173 10 251 202 231 239 9 122 109 146
22
287 69 99 5 199 215 18 191 288 264 286 43 44 206 267 240 135 143 201 207 67 115
22
287 201 30 108 8 82 164 42 43 200 157 187 197 205 228 282 182 16 279 281 226 12
22
288 88 250 153 237 74 271 240 194 230 70 286 143 66 124 101 41 267 99 55 233 164
22
287 11 208 207 26 124 275 63 69 245 226 57 146 138 223 189 169 49 105 52 4 249
22
288 251 67 277 84 193 255 42 19 231 34 123 192 45 29 38 242 215 207 62 136 216
22
288 181 203 218 9 157 74 6 60 103 54 48 25 250 237 105 148 70 252 154 216 220
22
288 202 184 34 234 95 3 32 209 47 83 63 131 191 150 62 284 270 169 23 259 93
22
287 246 193 232 55 108 44 57 75 43 272 279 282 199 102 107 121 243 244 222 5 165
22
288 95 16 149 145 254 237 163 230 160 66 92 134 52 76 98 248 187 109 147 179 80
22
287 130 17 6 110 276 214 78 153 79 197 63 72 58 13 213 51 69 14 5 46 19
22
288 6 128 211 75 150 50 147 14 180 31 137 100 71 121 108 119 249 25 78 160 220
22
287 147 176 128 137 158 234 201 203 90 117 47 58 34 150 184 181 244 191 48 219 8
22
288 103 49 277 45 132 138 42 201 239 70 173 179 256 122 91 57 26 273 79 34 116
22
288 260 102 272 196 86 8 202 121 52 149 90 216 58 84 55 240 184 199 109 283 34
22
288 99 254 108 125 27 196 65 14 68 69 28 277 182 32 10 96 157 235 179 94 75
22
286 71 87 241 47 268 284 35 137 278 135 73 116 32 184 30 117 24 38 240 247 12
22
286 265 122 246 222 10 166 207 204 7 274 179 4 188 27 88 80 185 220 89 12 125
22
286 136 78 242 224 139 36 284 201 177 123 89 118 93 107 214 128 198 267 163 185 110
22
286 48 23 223 35 75 19 266 232 173 150 216 26 53 250 217 279 89 252 186 273 13
22
286 222 4 92 192 12 69 89 7 126 247 281 219 53 157 262 140 68 88 85 107 170
22
286 210 205 110 63 26 38 69 77 105 13 103 261 94 235 222 178 198 146 114 121 273
22
286 13 86 283 66 140 247 5 239 180 189 22 202 18 230 52 25 118 24 212 103 238
22
286 44 281 269 103 144 29 272 208 6 200 253 70 275 80 98 225 146 5 51 88 256
22
286 84 181 108 206 102 244 58 78 83 86 280 7 155 49 38 132 212 204 236 267 120
22
286 236 228 60 13 57 39 270 251 243 19 33 22 183 239 276 266 125 196 62 127 197
22
286 34 236 48 232 2 169 42 198 40 5 37 149 86 283 50 281 95 189 59 223 246
22
286 37 221 148 29 201 226 239 243 121 210 83 77 46 35 209 24 275 107 71 270 50
22
286 285 184 279 180 7 2 208 151 10 56 211 68 55 14 258 125 165 129 199 74 69
22
286 82 60 110 198 203 21 166 282 195 167 75 132 70 56 71 186 168 129 65 268 230
22
286 22 152 259 105 79 246 183 257 58 66 60 186 189 106 141 273 139 243 255 272 20
22
286 46 7 22 25 132 95 6 203 205 220 96 11 153 9 81 198 123 114 228 3 184
22
286 93 14 77 60 155 213 138 227 234 101 130 275 269 42 257 261 189 277 45 235 274
22
286 150 252 122 31 22 251 162 219 142 198 54 228 87 234 80 100 141 92 137 128 20
22
286 109 131 87 256 60 81 205 151 284 260 184 120 182 11 137 160 248 133 54 84 91
22
287 47 173 152 160 149 236 19 178 213 46 164 214 210 24 67 247 63 64 243 181 257
22
285 13 238 129 161 147 203 244 239 232 9 159 101 273 104 77 33 187 64 234 206 45
22
285 9 153 132 112 117 140 237 271 30 127 214 4 61 184 210 119 56 90 68 187 79
22
285 268 168 238 198 68 146 41 36 87 179 237 208 211 205 108 191 170 276 265 136 94
22
285 78 80 92 106 211 275 23 208 159 91 40 136 11 5 249 238 142 202 14 185 59
22
285 52 249 183 20 23 51 8 234 202 160 220 92 207 10 164 54 264 76 5 81 203
22
285 72 269 115 243 68 33 7 112 228 18 11 123 29 205 19 234 248 98 261 49 67
22
285 264 249 155 22 140 280 18 151 184 277 141 121 252 55 160 77 75 128 24 190 83
22
285 32 5 159 47 188 62 132 17 30 43 244 199 211 97 50 79 123 121 142 35 229
22
285 229 207 161 197 16 60 130 78 176 113 272 232 57 75 133 73 233 137 45 116 204
22
285 61 124 37 158 65 258 268 242 284 45 220 136 68 283 203 182 92 96 74 50 88
22
285 6 228 26 203 58 57 56 34 185 206 55 81 282 89 10 247 283 29 276 109 201
22
285 197 106 112 203 30 127 237 85 4 190 153 6 140 259 144 182 202 128 55 114 52
22
285 15 156 16 239 42 86 115 109 129 204 212 32 150 137 113 263 94 279 23 96 22
22
285 142 45 31 211 233 5 277 135 216 283 171 58 98 2 127 278 202 110 195 228 74
22
285 89 65 53 277 199 70 232 239 268 58 2 269 79 28 164 225 6 263 84 82 42
22
285 201 253 56 94 146 221 142 278 126 121 77 177 222 164 23 144 156 19 47 53 107
22
285 76 205 234 119 45 273 238 235 242 95 159 269 105 260 185 187 123 282 81 226 197
22
285 38 274 77 220 97 226 201 198 26 244 238 241 24 213 53 22 155 200 72 256 205
22
285 98 159 143 282 154 6 267 173 240 19 150 262 87 169 13 144 155 70 120 248 83
22
285 252 10 136 161 227 220 276 179 61 27 172 110 33 76 14 175 248 13 7 3 48
22
285 51 152 192 34 232 45 242 195 172 86 205 145 258 209 255 6 277 248 83 52 80
22
285 127 232 145 119 272 42 102 92 56 111 77 79 36 199 203 190 249 85 130 224 132
22
285 53 229 175 250 118 272 176 195 192 189 63 100 32 52 98 129 179 82 150 199 56
22
286 280 134 88 190 215 182 110 12 96 244 259 116 207 129 192 121 269 213 54 150 273
22
284 70 229 226 250 33 238 268 189 132 36 233 150 170 230 44 39 28 29 272 222 107
22
284 29 247 106 226 71 144 150 49 255 233 232 162 203 213 123 37 99 9 221 252 216
22
284 236 99 281 276 72 196 145 199 84 172 141 146 239 9 59 108 81 58 156 256 65
22
284 80 128 222 146 123 209 272 165 249 213 241 6 260 52 199 25 251 191 117 14 159
22
284 217 16 4 41 173 97 238 197 282 179 115 51 24 14 273 181 270 261 198 20 29
22
284 206 9 12 262 187 221 50 44 165 193 84 70 159 162 240 90 62 6 209 2 174
22
284 159 123 156 218 195 239 233 79 72 241 198 265 280 171 262 71 144 58 220 66 256
22
284 124 136 221 202 45 281 43 3 273 72 239 240 236 48 140 79 278 229 197 254 170
22
284 282 143 245 91 186 182 68 100 48 77 27 117 193 203 84 142 34 59 156 103 229
22
284 3 200 224 272 197 165 50 62 238 104 72 39 241 29 75 205 141 226 90 108 255
22
284 180 68 281 76 27 83 124 268 176 285 185 84 178 134 270 128 193 273 230 34 79
22
283 9 135 150 274 39 64 191 53 205 4 240 141 91 178 24 26 236 102 101 193 212
22
283 88 234 98 284 122 126 111 25 280 250 20 95 90 91 106 206 135 177 9 239 190
22
283 90 5 77 39 74 222 127 152 33 55 116 261 101 4 199 204 64 185 191 38 117
22
283 257 96 117 30 67 101 99 214 258 172 145 111 202 84 2 219 45 5 156 89 13
22
283 86 242 228 83 139 133 178 117 209 195 150 113 141 243 165 50 259 134 247 253 78
22
283 31 99 119 158 276 2 280 3 166 27 197 131 202 200 236 30 149 227 130 192 141
22
283 109 192 234 174 92 34 155 231 267 100 63 189 28 111 193 59 228 131 274 95 160
22
283 98 102 73 56 117 146 273 246 97 236 43 103 262 169 63 175 270 178 85 255 99
22
283 5 190 108 218 115 149 279 8 161 49 121 137 204 21 221 135 40 74 219 182 205
22
283 52 153 184 150 9 200 179 244 250 166 222 267 35 170 129 138 46 207 260 265 114
22
284 239 133 102 104 43 14 89 282 182 131 35 216 260 238 233 63 191 200 36 81 103
22
283 148 173 26 160 21 272 76 84 53 187 275 281 42 277 195 156 206 235 15 282 242
22
284 125 76 273 39 34 148 131 102 172 184 21 100 229 9 218 215 163 44 186 83 262
22
284 108 119 53 86 220 104 235 123 74 47 268 22 16 11 45 38 126 42 105 99 240
22
283 264 125 36 268 220 12 65 26 168 79 71 233 42 259 83 252 242 271 223 16 262
22
284 14 78 74 141 283 122 46 9 71 8 230 33 110 166 121 262 277 274 27 98 213
22
283 266 69 250 93 185 73 117 216 116 227 282 129 126 204 226 21 39 181 246 133 57
22
284 28 96 213 188 85 21 135 179 169 166 158 219 162 237 141 32 202 144 22 127 16
22
283 49 232 267 255 121 103 2 147 211 246 29 196 165 65 158 111 205 31 278 10 274
22
283 224 269 130 82 185 27 279 91 177 33 211 70 207 186 179 64 155 236 83 157 274
22
284 237 17 44 24 221 5 277 64 274 175 267 72 138 70 87 81 278 275 169 118 219
22
283 194 158 64 211 60 81 160 131 187 130 262 86 100 213 84 58 110 87 172 281 241
22
284 33 7 188 64 185 261 38 61 280 177 230 201 144 106 27 88 186 255 6 48 191
22
282 100 198 257 69 183 241 230 162 147 159 39 53 19 128 272 244 170 21 266 91 6
22
282 180 280 258 171 155 223 110 87 20 277 12 94 89 96 217 85 132 66 219 142 255
22
282 191 91 264 114 268 198 26 145 246 57 17 186 239 152 4 193 11 23 134 220 6
22
282 94 121 4 214 213 226 149 164 106 193 255 67 11 8 16 20 187 147 219 230 200
22
282 178 163 188 99 91 200 109 264 267 19 162 249 195 74 223 24 275 206 5 164 95
22
282 26 35 222 220 123 278 103 235 262 24 241 79 6 91 177 264 46 50 102 18 214
22
282 121 30 64 224 240 170 51 254 27 127 52 85 83 91 207 186 74 148 66 263 199
22
282 139 244 236 69 142 36 115 100 210 98 147 84 233 182 242 140 21 66 270 188 54
22
282 236 230 156 75 81 56 272 253 210 9 106 157 187 277 152 244 223 269 206 33 18
