22
1 170 27 221 63 164 46 233 187 69 129 110 58 102 211 160 133 126 222 269 23 254
22
1 215 38 273 297 164 88 133 173 167 176 261 13 119 76 70 142 22 145 219 185 277
22
1 183 186 41 14 131 185 8 280 25 83 85 159 86 139 59 111 114 247 42 72 55
22
1 280 300 66 108 207 283 9 206 90 263 52 268 154 205 152 64 78 163 43 297 159
22
1 102 299 105 68 290 119 58 252 22 55 63 201 249 84 8 165 263 129 166 101 210
22
1 37 52 134 127 194 250 76 152 65 98 56 140 227 44 170 106 162 129 30 191 213
22
1 116 69 56 216 92 19 51 266 22 12 189 292 132 172 107 179 166 46 248 195 210
22
1 266 95 54 186 143 289 156 235 120 227 242 147 32 251 127 18 189 2 253 199 48
22
1 101 161 114 225 4 34 45 155 72 29 46 84 145 141 122 213 239 221 119 189 158
22
1 99 222 25 126 80 18 136 161 258 173 125 151 42 49 208 246 141 76 292 146 256
22
300 175 162 115 286 274 171 177 33 241 48 129 204 142 278 119 77 268 89 133 202 23
22
300 45 263 125 266 44 72 239 31 43 5 172 166 96 177 1 142 269 215 193 13 181
22
300 69 266 171 89 108 203 239 42 6 5 142 92 149 56 110 165 248 140 210 105 230
22
1 290 100 139 173 180 96 250 270 50 87 297 181 53 169 200 216 140 165 238 31 172
22
300 8 55 162 259 136 13 261 152 287 159 90 272 34 120 193 139 151 62 31 130 281
22
1 138 220 23 80 71 3 226 26 187 278 45 229 281 32 247 284 173 84 277 279 82
22
300 241 15 194 181 147 126 83 89 127 272 175 157 299 40 133 102 281 79 208 12 162
22
300 288 123 135 99 34 264 110 296 290 287 159 90 23 47 239 15 20 231 40 205 248
22
300 120 80 274 68 76 265 190 127 249 74 166 208 52 14 58 148 11 285 69 189 106
22
1 232 70 11 18 181 241 264 212 123 107 274 134 208 300 47 10 224 118 254 220 120
22
1 68 196 140 271 262 265 239 49 174 43 211 192 237 238 97 104 228 73 294 246 193
22
1 65 270 176 171 173 115 73 253 63 36 243 135 299 97 213 194 77 124 160 170 188
22
300 189 186 69 82 288 191 244 131 25 59 158 172 115 75 7 248 174 91 104 68 249
22
300 193 115 165 68 265 93 290 38 164 180 23 244 220 106 146 299 248 211 166 233 242
22
1 46 66 17 144 11 129 279 241 67 151 260 125 264 174 138 73 62 270 37 131 231
22
300 20 217 87 214 289 284 212 92 177 107 80 285 188 108 150 173 76 197 9 66 15
22
1 271 24 153 105 173 52 81 91 146 4 84 192 45 287 36 233 152 247 217 290 164
22
1 154 258 33 133 57 291 179 37 122 68 166 191 234 217 94 114 43 25 161 142 150
22
300 111 229 106 278 156 34 94 210 103 32 92 13 289 231 163 29 235 272 165 258 51
22
1 33 207 137 47 10 166 123 117 144 288 133 156 266 264 161 214 17 181 65 142 40
22
1 216 22 219 13 210 15 212 92 277 168 160 184 113 138 80 246 283 83 180 179 34
22
300 188 15 209 12 108 124 212 119 218 81 175 177 126 29 190 116 278 154 143 248 166
22
1 220 23 230 75 26 189 272 144 138 274 73 245 260 139 83 48 117 121 116 248 228
22
1 204 107 254 240 19 185 237 50 292 151 11 5 226 142 176 105 114 233 8 202 278
22
300 156 130 36 267 288 199 33 226 74 237 281 128 198 133 144 273 230 187 77 38 172
22
300 140 48 81 43 128 222 137 125 40 63 31 161 147 64 54 239 224 155 235 41 217
22
1 202 194 266 4 167 105 124 91 52 193 118 148 214 188 288 168 182 279 281 271 191
22
300 260 64 161 263 166 269 256 205 100 257 20 6 230 132 16 208 59 239 278 146 111
22
1 97 294 291 94 59 31 160 125 159 231 197 53 136 153 16 2 199 82 64 146 14
22
300 60 84 111 19 252 168 265 143 138 229 223 185 7 126 281 16 11 182 34 190 280
22
300 180 29 118 238 215 32 41 58 46 283 172 262 202 151 243 294 177 286 158 139 187
22
1 121 244 210 181 116 47 209 118 246 237 53 276 13 253 259 250 228 257 225 7 16
22
1 222 90 157 139 189 122 66 107 12 63 126 69 283 166 124 231 193 226 121 31 249
22
300 129 11 29 173 274 108 51 193 290 77 267 90 67 89 208 184 183 264 277 26 32
22
1 53 62 240 43 143 47 130 90 44 284 8 283 174 259 194 182 21 215 109 87 140
22
1 145 174 19 245 228 48 182 105 115 34 93 121 208 126 84 118 256 246 137 116 180
22
300 132 229 36 215 44 18 100 32 275 61 3 181 172 200 144 158 77 204 241 122 256
22
300 211 75 269 139 146 165 39 236 82 148 209 107 42 267 159 21 179 239 15 178 207
22
1 98 276 61 197 183 295 190 83 168 209 70 233 220 107 296 15 57 267 240 287 180
22
1 258 181 115 178 102 153 90 218 279 205 210 113 265 32 20 250 171 254 269 268 82
22
300 236 118 75 263 102 85 81 183 187 153 113 13 291 255 193 37 265 82 172 287 234
22
300 278 221 279 61 191 269 74 184 44 148 188 38 179 131 103 228 174 176 13 241 254
22
1 72 96 137 127 236 269 254 157 187 133 166 209 36 264 10 235 247 113 273 272 228
22
300 198 53 214 116 103 217 232 216 299 18 86 212 123 102 203 296 205 20 252 97 118
22
1 85 20 158 116 36 19 25 103 128 198 58 259 78 208 218 217 120 21 31 266 136
22
300 294 118 130 251 141 210 106 200 124 150 105 146 189 120 5 51 247 222 11 255 13
22
1 77 271 2 274 181 225 74 280 161 235 101 246 41 118 36 145 211 144 196 139 238
22
300 202 170 28 32 149 267 5 115 266 269 179 15 112 175 254 195 75 20 22 116 141
22
1 151 92 66 213 36 42 170 14 135 94 196 260 18 147 73 279 293 105 214 115 17
22
300 231 168 76 264 190 67 261 152 205 143 187 183 20 202 89 121 256 129 144 212 46
22
1 211 16 159 231 169 166 75 172 195 217 235 218 247 39 50 253 221 230 174 5 33
22
300 273 250 238 200 294 28 79 103 221 22 185 246 289 219 24 196 292 69 92 186 3
22
1 190 171 11 82 212 50 28 39 85 77 282 142 194 174 58 179 273 299 219 61 276
22
300 234 31 276 3 273 78 186 269 8 86 190 21 275 241 38 139 65 176 122 35 15
22
299 79 31 82 118 44 215 110 61 144 156 129 209 166 258 90 33 280 24 179 230 234
22
299 135 215 194 94 254 145 291 126 75 206 173 166 9 260 282 216 32 157 73 142 258
22
299 269 118 175 202 124 138 91 54 241 84 8 184 221 132 262 267 187 225 235 2 64
22
299 109 61 90 287 13 155 260 295 142 98 63 240 115 172 19 278 36 166 28 137 45
22
299 296 200 208 131 247 197 225 297 241 183 153 180 53 231 290 148 59 141 143 44 211
22
299 195 107 56 203 89 241 286 106 273 287 174 96 72 85 216 161 122 141 113 157 9
22
299 112 163 209 78 146 147 175 180 56 172 219 66 12 5 250 193 160 151 19 48 245
22
299 126 246 49 270 87 152 37 293 277 184 298 193 172 236 192 96 7 104 143 234 43
22
299 52 95 239 46 240 7 187 201 25 13 167 22 261 102 233 64 228 219 178 210 16
22
299 207 10 113 210 110 160 162 97 297 295 257 75 149 163 202 50 33 180 44 28 256
22
299 198 292 120 186 266 84 102 2 158 58 23 6 249 233 92 272 17 105 178 150 95
22
299 23 254 26 257 98 223 60 174 48 92 25 83 172 147 122 33 197 294 269 230 44
22
299 244 235 38 114 60 167 47 56 179 298 183 86 74 159 66 277 209 32 98 10 70
22
299 78 61 161 124 175 24 84 152 30 213 207 123 147 277 258 10 247 117 137 66 99
22
299 16 71 194 123 192 268 180 155 94 121 97 191 134 37 262 160 270 263 267 141 49
22
299 65 132 233 168 64 256 73 109 237 232 152 159 281 59 117 203 23 224 239 296 33
22
299 132 40 67 264 139 229 164 68 273 168 151 212 112 140 21 245 174 265 64 22 35
22
299 42 239 84 281 185 226 167 11 180 232 108 52 67 244 280 264 248 68 44 130 249
22
299 264 51 12 57 278 254 241 251 180 282 109 85 105 167 127 216 17 141 247 181 277
22
299 273 123 203 141 65 142 230 51 248 148 111 251 233 224 54 105 44 92 4 204 37
22
299 2 191 174 295 98 13 86 271 99 74 106 97 231 222 96 283 34 181 237 75 195
22
299 201 7 230 204 56 134 152 107 58 33 79 293 232 10 288 55 113 191 249 70 4
22
299 221 94 24 286 234 291 141 70 170 167 66 87 263 43 48 23 284 195 119 148 240
22
299 163 133 78 214 43 10 52 245 176 241 23 17 240 134 141 59 193 234 7 183 256
22
299 37 111 205 8 162 203 226 109 87 106 196 91 154 27 183 35 84 261 270 240 126
22
299 54 189 263 45 289 252 29 99 2 196 258 187 242 199 129 122 256 93 24 294 62
22
299 226 21 15 59 235 86 218 202 158 256 44 149 84 255 173 148 192 221 13 166 38
22
299 259 72 87 295 128 251 59 174 256 70 198 27 268 98 140 52 153 287 187 69 149
22
299 267 225 237 102 119 226 166 162 65 212 283 5 205 108 257 161 98 280 179 86 263
22
299 94 178 68 207 230 182 236 186 220 47 242 244 167 136 171 13 211 164 10 158 165
22
299 170 140 294 31 68 69 156 227 266 165 249 116 283 117 65 5 207 184 70 164 296
22
298 267 130 223 250 41 61 252 281 53 153 170 178 40 135 259 55 163 173 13 162 96
22
298 252 131 54 251 142 46 114 243 292 277 2 293 236 260 154 120 180 162 283 192 8
22
298 178 187 177 205 210 165 163 131 121 261 152 103 33 154 250 230 167 24 140 237 144
22
298 271 252 55 77 247 283 94 193 291 50 246 105 93 287 165 187 140 188 261 202 137
22
298 150 53 109 250 280 247 294 234 50 164 268 145 286 295 171 198 153 173 66 281 71
22
298 245 151 101 72 160 134 69 169 125 44 122 104 274 128 85 92 119 7 152 138 266
22
298 266 220 40 211 98 268 23 87 284 281 38 179 206 237 12 250 253 104 14 85 86
22
298 191 125 62 227 130 21 246 218 201 6 285 25 203 29 286 111 124 222 188 259 4
22
298 188 260 140 197 153 18 58 173 105 237 61 3 112 127 218 209 30 148 15 10 212
22
298 147 256 224 149 214 297 276 6 113 261 8 252 220 155 270 64 260 173 126 184 26
22
298 142 295 280 183 93 31 262 71 296 168 68 101 129 201 119 73 30 9 4 131 25
22
298 201 120 155 58 240 175 117 139 249 60 196 110 290 55 257 181 104 193 167 10 267
22
298 61 101 295 198 262 245 57 65 124 64 158 258 270 184 104 56 154 117 251 160 83
22
298 54 62 7 28 84 204 10 85 152 106 149 114 142 242 183 99 290 48 281 139 156
22
298 42 139 114 276 230 113 222 253 176 33 184 289 170 36 220 159 74 73 239 221 270
22
298 239 185 215 118 160 205 42 179 177 21 209 255 250 247 54 182 124 257 173 60 93
22
298 176 159 258 161 120 79 119 146 113 31 104 43 188 293 75 227 140 22 8 167 265
22
298 193 164 290 194 31 196 70 150 33 39 45 265 131 267 90 211 145 236 259 133 212
22
298 228 128 72 225 69 188 113 41 187 184 260 163 157 34 230 206 224 288 238 22 73
22
298 78 106 267 198 265 130 288 137 1 167 135 9 196 17 168 154 59 126 238 170 143
22
297 128 222 18 125 48 31 292 49 78 9 245 224 186 142 162 103 196 206 144 214 44
22
297 25 257 138 99 261 223 77 185 271 220 131 296 16 214 177 87 113 203 137 207 71
22
297 213 114 181 235 165 45 24 199 136 265 10 246 113 142 39 185 132 43 88 95 242
22
297 49 52 150 196 190 191 11 240 282 175 178 71 288 43 193 54 99 246 201 154 237
22
297 2 199 8 288 127 256 17 221 285 102 229 249 262 109 48 35 141 3 182 171 205
22
297 100 178 25 222 275 78 111 15 257 134 219 155 117 265 44 58 109 241 153 165 125
22
297 92 145 209 51 143 248 112 154 162 15 289 48 207 122 212 236 276 219 111 195 286
22
297 198 29 223 3 133 136 207 246 30 62 204 269 14 20 227 219 226 259 99 100 241
22
297 132 232 35 2 240 108 113 70 137 187 62 64 189 210 261 124 241 164 40 6 19
22
297 237 34 131 31 125 37 168 265 68 78 153 69 227 7 4 27 234 258 273 169 231
22
297 37 234 80 277 104 270 185 217 181 33 73 184 173 194 88 248 125 204 116 206 239
22
297 177 190 242 145 274 18 226 45 77 231 94 105 203 276 12 258 42 137 60 219 179
22
297 176 79 120 68 64 224 103 233 55 215 36 65 249 190 244 282 204 76 197 136 71
22
297 206 88 235 267 109 170 36 268 176 282 189 262 142 68 215 135 37 242 38 145 21
22
297 118 239 139 230 77 174 125 68 47 292 244 207 146 96 95 265 110 10 168 182 221
22
297 106 36 182 233 43 172 28 272 32 134 189 232 240 212 39 221 170 230 197 286 288
22
297 233 140 35 135 255 279 77 20 57 58 21 272 137 5 190 125 82 43 46 189 281
22
297 158 242 112 234 90 147 239 152 195 276 210 258 140 52 252 173 61 55 216 5 86
22
297 268 69 281 10 206 84 45 101 196 162 86 12 197 167 264 280 57 209 251 207 228
22
297 107 236 139 38 90 95 124 153 24 203 258 289 114 39 22 158 277 211 72 9 52
22
297 216 19 221 129 32 36 226 233 123 175 241 264 40 255 81 54 121 132 20 47 97
22
297 229 298 287 192 193 141 97 281 108 180 26 51 93 50 95 65 248 194 205 150 11
22
297 101 288 92 286 18 72 139 233 218 196 216 55 21 39 83 254 132 268 107 79 57
22
297 122 45 242 287 286 30 250 271 74 56 127 255 173 58 267 217 222 189 202 101 73
22
298 196 293 164 17 107 16 243 63 272 8 153 161 181 202 199 296 232 216 51 79 152
22
298 96 100 222 165 292 93 290 38 25 148 197 28 125 107 171 272 117 168 99 149 78
22
297 212 21 163 279 9 274 286 183 88 5 118 122 125 225 175 91 77 210 28 86 15
22
298 103 75 174 282 63 251 185 83 292 195 17 200 280 52 24 98 84 28 275 37 125
22
297 82 2 205 101 198 78 207 257 278 196 71 221 139 105 151 272 197 209 237 121 50
22
298 272 172 136 228 127 139 120 168 56 97 116 160 279 125 235 205 36 261 26 233 194
22
297 46 83 23 187 286 162 107 227 169 121 185 153 48 190 259 39 290 189 245 98 56
22
298 143 243 283 186 98 104 101 73 177 240 130 270 65 181 149 81 95 123 109 173 53
22
298 218 19 24 75 21 269 42 291 94 136 216 16 225 13 67 99 113 29 170 141 72
22
297 253 265 123 224 233 117 23 282 230 30 36 235 72 113 165 90 177 126 56 212 34
22
298 109 196 99 181 87 17 128 284 184 172 73 216 197 75 175 254 6 37 159 35 244
22
298 76 159 81 277 3 152 274 283 78 38 200 155 138 281 279 175 293 222 44 296 140
22
297 189 66 295 119 207 71 30 8 282 118 94 33 227 157 21 158 201 179 233 164 87
22
298 92 289 189 237 190 74 232 186 266 63 137 193 182 16 73 270 125 123 259 22 131
22
298 62 234 157 207 139 136 23 54 259 110 254 120 37 159 167 130 290 101 224 196 186
22
297 94 258 135 110 38 277 193 281 229 32 46 175 225 127 50 232 31 132 17 264 198
22
298 80 276 28 172 237 90 150 268 43 216 53 126 295 94 203 15 32 277 104 198 26
22
298 140 295 64 261 61 254 183 283 4 142 234 280 152 199 119 98 202 157 35 193 23
22
297 292 128 40 121 24 137 141 286 76 267 153 25 117 6 225 214 156 95 39 87 71
22
297 193 146 42 282 87 284 65 85 88 262 184 242 235 45 41 7 274 59 153 253 62
22
298 236 39 218 94 116 216 273 119 170 187 21 272 19 141 184 295 267 30 60 197 234
22
297 284 183 169 159 265 40 269 75 200 59 292 175 33 177 53 289 247 189 92 272 161
22
296 287 10 151 22 196 57 60 104 272 292 224 62 219 160 253 93 240 201 73 198 259
22
296 7 290 293 158 192 66 153 15 96 156 189 99 65 233 281 184 3 174 253 25 53
22
296 204 220 187 26 86 194 278 216 144 169 53 250 155 218 81 166 162 22 149 50 244
22
296 269 126 72 34 47 15 134 252 86 155 280 83 236 285 295 64 102 165 205 233 60
22
296 86 280 15 162 47 11 37 112 96 9 64 138 91 113 224 44 36 128 202 105 108
22
296 144 193 47 249 252 264 197 164 210 232 52 205 155 41 204 117 66 102 228 39 138
22
296 163 147 207 68 18 219 165 286 122 177 57 125 186 21 13 120 167 194 233 188 261
22
296 226 29 144 243 241 293 96 197 172 151 194 23 97 45 242 249 269 102 32 171 74
22
296 38 280 153 50 235 219 287 52 169 273 69 4 112 227 275 100 283 24 197 101 37
22
296 195 64 164 249 261 134 140 114 51 83 137 174 279 243 179 100 234 103 280 142 82
22
296 137 17 27 182 259 145 175 243 46 238 38 156 181 41 158 282 201 68 44 82 141
22
296 41 104 242 189 95 11 73 77 145 149 279 50 30 271 270 241 208 91 292 148 108
22
296 261 78 84 235 275 283 290 93 177 180 139 175 154 41 134 222 71 178 11 79 274
22
296 225 38 28 128 174 167 160 257 274 235 187 219 77 122 60 284 216 120 90 127 218
22
296 152 55 229 135 283 56 251 252 86 85 79 266 88 54 196 144 203 156 272 6 232
22
296 56 135 192 248 167 202 165 8 79 276 290 236 208 35 209 5 36 168 137 80 32
22
296 39 132 277 208 95 114 162 110 240 104 139 67 37 178 264 180 238 16 213 126 73
22
296 59 185 45 53 227 126 88 152 23 34 240 142 265 93 222 68 165 118 168 131 72
22
296 142 274 131 99 195 2 269 8 256 204 147 108 125 27 136 192 200 166 7 294 177
22
296 291 20 275 214 105 234 203 37 231 209 194 206 264 60 163 25 8 99 222 262 116
22
296 118 69 169 102 197 147 79 280 232 107 266 129 276 285 19 83 92 121 275 78 82
22
296 288 45 191 213 132 257 48 102 224 195 101 159 95 112 292 97 130 51 59 94 260
22
296 199 31 228 172 121 95 194 288 242 181 97 183 275 188 136 250 10 198 94 262 292
22
296 96 149 238 34 52 41 14 141 28 202 293 208 150 146 4 249 201 169 140 86 237
22
296 30 143 107 284 137 212 188 218 135 121 151 110 158 203 260 202 163 10 64 291 274
22
296 186 35 229 121 24 270 73 97 119 164 148 122 96 191 138 288 182 200 156 258 291
22
296 271 169 284 44 163 74 210 263 152 72 87 166 131 272 249 274 5 66 213 175 134
22
296 110 222 122 198 2 206 147 109 290 120 216 262 112 105 228 200 255 199 65 75 276
22
296 192 291 133 145 149 96 94 141 125 131 93 194 268 247 79 128 202 243 251 39 5
22
296 35 202 260 176 149 164 201 102 170 121 97 6 160 267 153 181 151 191 278 247 119
22
296 239 62 108 227 148 282 85 43 88 245 243 20 196 251 168 124 288 46 136 64 167
22
296 134 101 31 78 191 275 298 55 165 40 36 30 179 124 75 125 227 277 189 221 132
22
295 261 88 240 193 117 179 72 89 166 156 253 293 136 286 196 218 41 58 56 132 248
22
295 285 289 286 282 180 27 188 136 39 83 61 255 107 185 58 161 155 171 220 203 88
22
295 41 47 3 82 194 85 48 12 72 203 238 244 179 198 267 100 115 106 252 149 5
22
295 9 116 273 176 33 104 161 179 126 234 79 223 205 151 82 130 203 54 137 287 149
22
295 281 187 169 90 96 219 34 190 31 91 46 144 288 9 252 55 176 249 52 251 240
22
295 207 114 227 9 158 19 48 30 224 266 256 145 274 198 27 252 33 265 247 191 270
22
295 230 274 81 228 191 34 224 125 79 16 102 177 97 148 6 98 46 14 109 31 153
22
295 237 96 137 40 70 243 67 112 184 194 204 216 107 223 41 7 159 114 202 49 179
22
295 223 89 262 131 271 44 116 236 269 249 82 72 52 233 255 237 119 5 59 21 19
22
295 58 57 158 82 113 276 254 161 175 44 55 37 102 17 36 268 141 129 166 107 289
22
295 53 247 50 21 123 46 59 256 293 57 210 163 248 52 115 154 143 282 193 118 102
22
295 115 18 163 182 219 87 123 85 125 282 278 200 256 3 88 211 269 100 215 254 96
22
295 69 266 94 73 152 290 22 287 201 166 262 258 75 27 127 173 190 205 254 280 178
22
294 89 272 135 295 149 108 200 180 205 207 285 10 78 2 74 172 236 134 20 179 196
22
294 8 25 275 108 67 31 254 264 269 35 112 28 121 57 110 228 20 89 3 291 65
22
294 261 273 18 115 197 176 55 76 92 189 220 208 129 270 97 104 284 241 192 101 143
22
294 76 234 10 207 113 162 81 93 287 133 167 217 270 190 40 73 5 71 62 249 274
22
294 256 15 225 128 287 105 280 43 154 107 292 150 157 45 113 20 63 219 142 118 110
22
294 104 8 201 170 286 289 189 123 101 181 92 144 4 218 117 290 147 157 93 2 34
22
294 148 28 281 54 218 293 215 96 196 195 192 206 99 191 154 221 292 198 131 32 171
22
294 132 249 73 65 265 152 236 139 168 55 241 270 83 7 75 111 255 68 222 238 25
22
294 190 237 220 157 172 147 81 60 50 40 168 278 231 134 180 138 83 41 195 289 91
22
294 140 184 137 225 87 269 44 241 194 205 90 287 214 138 53 250 143 96 30 104 92
22
294 220 93 171 174 144 24 85 77 36 84 50 221 74 270 176 23 281 29 148 43 285
22
294 241 203 176 260 257 276 79 91 206 31 170 272 267 290 225 60 119 270 188 90 9
22
295 199 280 79 19 197 32 83 207 88 245 293 116 8 160 202 242 238 141 73 7 279
22
294 250 42 282 138 36 35 49 16 262 117 173 251 146 27 59 93 76 105 253 126 192
22
295 56 253 93 78 257 14 275 42 19 121 75 36 184 238 270 94 53 98 173 28 292
22
294 180 288 206 47 103 172 200 154 178 83 155 115 28 181 280 232 21 82 40 207 283
22
294 279 276 127 134 5 93 21 224 70 9 255 63 235 106 203 68 104 202 38 162 67
22
295 201 101 208 57 31 146 20 217 93 37 175 22 233 125 111 220 58 286 130 169 141
22
294 206 91 62 53 17 148 108 146 237 143 48 140 15 266 145 133 13 201 173 19 242
22
295 89 198 227 30 177 251 168 48 51 112 36 271 19 80 145 229 35 93 225 155 140
22
294 214 114 157 295 195 165 98 285 176 89 35 262 127 256 236 202 91 208 105 109 14
22
294 139 257 194 50 157 195 22 248 19 174 60 216 161 129 101 261 204 240 21 208 163
22
295 128 113 228 107 203 97 120 246 74 190 247 116 96 31 213 174 283 204 95 3 7
22
295 31 256 239 53 233 66 260 237 250 210 106 63 175 235 5 204 87 101 26 217 140
22
295 239 36 80 140 56 277 153 59 178 111 79 11 211 131 205 267 117 278 81 273 227
22
294 271 118 270 287 218 171 120 127 162 212 101 236 208 111 88 204 215 193 65 93 211
22
294 185 96 35 249 102 148 73 243 86 52 203 46 283 143 48 36 271 237 245 119 23
22
295 16 172 284 236 49 210 22 228 154 54 48 213 113 194 262 206 29 39 263 260 196
22
294 248 51 164 291 65 102 151 126 105 210 146 19 148 145 198 54 234 48 86 214 261
22
295 39 251 99 200 67 228 117 248 98 12 108 96 163 154 106 83 149 265 201 105 23
22
294 262 226 20 200 272 117 17 285 10 214 64 279 102 284 169 75 243 119 250 155 217
22
294 253 218 182 135 61 56 258 279 19 158 149 3 52 97 38 224 213 249 255 157 72
22
295 264 20 217 25 116 282 281 32 129 213 61 246 229 21 232 293 110 71 13 198 85
22
295 270 290 180 150 53 11 250 175 285 125 271 35 154 169 230 248 107 103 133 244 213
22
294 182 284 278 234 38 17 20 292 41 81 90 275 3 175 101 85 128 138 238 28 153
22
295 190 252 293 183 55 265 95 168 154 251 257 250 254 292 100 274 74 77 232 47 197
22
294 103 237 109 140 131 235 128 153 112 22 275 219 64 287 246 65 69 36 87 164 105
22
295 51 138 94 47 207 195 112 143 239 172 277 142 50 166 93 261 222 219 110 147 162
22
294 150 164 119 251 271 109 51 162 227 217 28 215 293 16 262 183 152 238 161 63 278
22
295 11 292 14 172 74 211 75 276 241 121 122 237 168 169 193 13 68 31 273 24 21
22
294 116 182 37 199 159 209 118 259 98 222 143 197 155 40 184 279 194 234 230 136 154
22
295 124 107 232 66 156 110 80 197 35 10 32 41 204 275 4 227 97 263 161 273 40
22
294 222 30 57 239 18 12 229 82 132 24 279 291 32 142 179 102 213 152 119 167 216
22
295 258 235 269 162 28 96 135 168 31 276 61 102 171 129 131 146 259 166 210 206 105
22
293 54 57 254 169 32 16 84 133 236 124 122 111 251 216 192 105 136 274 171 222 36
22
293 225 125 247 11 99 76 58 204 255 171 44 62 138 54 50 261 165 189 191 49 144
22
293 102 111 108 23 11 220 120 271 164 153 170 84 211 72 132 209 101 77 270 167 250
22
293 6 121 259 112 142 203 129 65 226 223 168 32 154 202 44 133 16 269 100 172 285
22
293 233 48 72 200 154 20 209 57 268 265 259 90 254 169 17 68 245 221 291 214 103
22
293 47 291 251 94 10 182 115 32 107 34 69 93 35 280 290 144 54 40 239 223 266
22
293 144 94 126 19 137 140 30 231 70 275 16 291 167 100 179 193 195 163 54 189 86
22
293 142 166 2 199 245 196 37 167 227 17 54 130 136 243 42 76 278 4 85 46 214
22
293 30 283 227 280 110 13 247 273 26 174 245 48 127 225 282 2 244 8 28 77 210
22
293 176 128 244 75 47 219 130 214 238 133 60 41 179 254 124 121 30 107 272 99 199
22
293 257 143 157 64 151 162 145 51 58 252 183 185 248 282 118 46 107 204 219 49 184
22
293 276 243 278 255 55 283 149 158 6 136 48 98 202 113 277 33 54 164 208 69 93
22
293 81 238 261 24 226 243 146 86 74 46 67 212 15 192 53 252 176 222 210 92 289
22
293 183 219 242 206 65 205 53 103 274 121 101 5 16 245 132 89 105 122 104 172 270
22
293 235 109 211 133 14 27 283 155 219 239 100 82 216 220 271 172 158 156 123 180 177
22
293 114 284 272 23 180 123 187 16 195 83 266 95 146 124 264 67 17 263 222 117 100
22
293 146 14 58 199 211 22 189 262 186 68 252 87 62 82 159 5 94 51 230 221 244
22
293 272 2 86 183 269 83 36 104 9 117 170 289 49 206 172 8 192 62 213 267 256
22
293 199 28 177 196 83 180 102 21 50 55 171 128 31 35 232 238 225 228 93 141 290
22
293 189 186 93 73 222 264 123 268 154 103 136 26 167 215 125 259 208 107 181 41 168
22
293 93 89 217 249 39 71 111 161 258 182 128 125 31 169 13 102 186 38 66 94 155
22
293 247 177 234 134 285 203 223 286 84 116 135 187 4 16 281 233 121 201 221 283 259
22
293 289 156 164 196 30 227 70 110 25 187 112 59 226 264 168 98 256 206 252 50 273
22
293 200 66 62 119 214 273 16 124 238 81 196 250 147 3 259 227 284 263 11 82 63
22
293 121 138 131 141 200 44 50 101 136 21 24 221 124 206 215 78 183 201 238 86 4
22
293 196 200 100 122 2 191 291 143 186 33 279 45 203 165 117 7 167 164 173 237 42
22
293 61 149 164 190 55 290 252 138 156 173 24 21 292 246 136 287 165 177 27 43 48
22
292 28 25 57 50 120 225 47 218 226 21 130 136 243 12 289 254 172 58 48 247 265
22
292 267 246 129 52 217 120 220 67 57 44 98 195 191 252 277 8 241 230 49 19 213
22
292 86 278 58 217 81 52 210 276 227 160 149 170 120 181 79 137 192 214 285 88 33
22
292 237 118 263 48 90 17 161 39 284 32 268 241 99 63 78 243 101 151 96 185 64
22
292 251 105 141 238 192 289 96 284 155 14 223 8 120 29 10 16 211 196 90 116 111
22
292 205 113 181 202 196 66 142 214 224 26 153 263 17 11 223 51 27 64 3 231 155
22
292 101 201 235 198 132 202 200 272 117 32 4 76 155 66 169 24 149 8 55 223 204
22
292 15 247 115 110 9 19 109 216 22 224 40 107 148 134 138 21 242 57 85 6 60
22
292 3 226 270 5 66 29 107 186 165 224 73 218 155 204 108 148 17 286 248 50 154
22
292 21 88 242 188 123 250 48 220 281 107 151 134 199 187 240 5 67 97 167 68 265
22
292 238 41 44 109 12 112 174 55 209 9 6 200 244 219 266 291 27 34 114 17 82
22
292 259 62 240 173 87 186 81 179 129 57 2 12 106 203 66 10 148 249 68 110 151
22
292 164 67 131 228 275 75 173 167 272 269 78 73 219 264 253 170 28 278 185 200 267
22
292 264 75 26 164 272 74 252 94 238 97 102 189 35 15 167 83 268 230 112 120 110
22
292 184 60 144 2 9 33 92 160 212 230 282 47 12 225 97 13 209 124 109 118 176
22
292 74 258 171 161 41 228 31 218 29 85 110 175 111 214 209 242 17 159 138 48 226
22
292 260 58 256 159 141 94 66 201 188 100 209 133 263 86 6 12 138 218 279 245 16
22
292 6 122 224 275 30 196 78 172 227 111 208 154 182 253 272 290 287 243 77 64 251
22
292 229 98 279 37 195 95 153 247 114 105 32 184 53 174 246 137 25 35 104 77 160
22
292 82 147 263 237 27 51 124 198 193 248 110 207 45 140 24 85 274 66 145 196 113
22
292 224 54 47 53 259 49 65 258 129 32 8 244 4 152 22 166 111 145 107 55 184
22
292 188 118 13 76 274 26 55 245 242 214 126 29 82 273 174 56 59 77 180 253 53
22
292 124 173 101 288 214 35 142 33 272 218 159 68 172 191 20 17 30 84 69 217 227
22
292 192 190 93 165 84 46 24 239 113 73 249 177 63 260 274 256 257 71 163 59 221
22
292 169 220 74 259 18 258 21 162 249 26 243 68 278 181 171 135 46 244 115 10 55
22
292 239 135 133 3 14 265 84 88 229 254 203 99 52 59 132 199 148 246 8 45 215
22
292 108 266 189 78 196 226 154 102 147 114 251 10 56 175 93 45 129 209 218 52 106
22
292 207 288 247 156 143 49 180 55 263 80 96 146 267 253 177 174 270 27 197 73 280
22
292 152 79 145 173 113 136 169 250 182 278 82 107 264 168 112 198 110 72 207 249 273
22
291 166 86 5 263 283 179 92 186 116 27 64 165 55 257 16 192 74 72 51 194 124
22
291 269 34 208 11 184 131 170 187 264 150 113 241 181 115 26 21 220 43 240 216 61
22
291 231 277 80 129 268 157 219 74 166 83 162 57 32 36 34 65 60 281 222 264 241
22
291 87 283 43 192 95 206 12 127 249 158 148 110 209 247 111 246 289 40 265 202 100
22
291 229 110 181 2 113 132 75 125 103 79 174 150 211 271 250 172 33 3 237 121 70
22
291 199 254 168 232 205 36 9 230 204 52 64 135 171 71 228 243 203 290 153 190 249
22
291 6 250 29 262 245 267 249 54 195 222 91 126 256 165 71 220 156 70 274 68 125
22
291 130 68 254 169 249 290 46 137 57 77 25 222 265 164 126 99 110 5 209 44 165
22
291 165 96 120 23 25 213 92 125 60 262 245 242 224 167 11 65 116 286 221 284 140
22
291 30 227 17 83 161 7 159 258 71 109 97 204 8 61 214 133 165 18 112 114 37
22
291 50 48 247 11 145 68 248 99 256 219 53 111 15 86 237 72 242 96 193 105 129
22
291 73 141 275 162 203 234 287 231 271 37 251 34 272 107 93 274 49 95 218 230 174
22
291 234 3 191 211 92 178 259 11 16 18 14 170 68 108 284 81 212 101 73 13 37
22
291 115 114 202 98 272 199 112 101 209 46 193 146 278 211 13 119 121 12 110 20 109
22
291 211 258 262 281 225 142 190 242 42 33 24 223 230 218 186 159 61 132 269 153 179
22
291 23 267 264 193 149 99 212 115 86 121 210 204 258 81 96 48 259 290 49 289 113
22
291 271 74 139 148 129 113 270 278 210 251 179 215 280 160 53 136 79 45 264 40 224
22
291 81 85 279 160 172 63 128 275 115 22 276 106 117 284 230 109 222 219 77 91 283
22
291 253 105 150 238 210 56 170 10 167 52 8 192 21 207 220 39 289 233 23 251 249
22
291 159 144 10 77 207 241 210 123 118 87 286 3 131 48 195 283 129 246 140 168 26
22
291 286 253 89 209 24 56 186 27 82 198 236 290 36 7 59 164 271 245 210 211 249
22
291 210 263 149 60 40 130 70 152 55 13 192 237 29 63 27 225 160 272 3 255 85
22
291 13 20 66 97 80 266 23 179 188 255 89 82 69 217 163 198 8 229 157 205 252
22
291 277 280 155 235 144 158 138 78 286 226 148 182 116 59 276 128 79 239 192 228 255
22
291 275 59 76 109 170 82 274 273 179 105 286 6 103 70 98 213 267 271 288 51 279
22
291 22 202 12 134 206 187 43 70 194 216 284 167 90 160 21 28 255 214 26 151 66
22
291 136 196 156 223 279 283 69 236 94 98 26 46 158 89 107 120 101 72 240 191 70
22
290 3 281 77 144 84 147 99 32 278 201 4 150 81 226 199 38 26 114 214 13 243
22
290 97 94 83 148 241 234 140 51 48 207 137 284 53 186 228 277 220 8 106 203 89
22
290 158 23 140 164 120 66 67 176 24 79 220 264 208 154 167 225 33 74 106 62 87
22
290 264 246 155 62 96 125 145 122 142 121 239 94 228 282 87 276 289 245 42 22 59
22
290 35 232 20 283 174 205 53 36 250 214 118 46 25 111 114 272 204 201 100 97 4
22
290 214 2 38 190 149 135 205 265 282 159 217 105 111 209 191 211 281 246 51 60 20
22
290 71 268 231 36 133 200 32 201 193 44 194 13 3 161 100 64 47 129 38 163 11
22
290 75 173 191 161 208 30 242 20 48 76 179 112 49 146 185 221 214 169 43 82 285
22
290 157 15 209 12 254 173 262 136 39 225 51 93 2 236 221 213 16 195 33 111 214
22
290 266 69 106 203 199 223 157 56 85 23 126 159 191 167 254 220 61 72 149 259 88
22
290 278 281 286 5 159 260 255 202 26 102 155 98 124 198 36 84 43 270 101 237 199
22
290 84 282 91 249 288 241 8 227 204 37 205 209 281 99 10 105 2 225 208 259 174
22
290 85 152 18 143 160 55 94 145 58 49 117 289 170 246 215 222 201 155 79 151 67
22
290 215 71 40 122 67 119 7 283 57 12 249 128 201 75 143 83 53 269 63 121 207
22
290 138 95 240 251 154 289 122 57 127 53 172 157 76 151 254 77 187 204 47 180 263
22
290 43 20 276 201 4 216 101 217 197 14 45 204 167 149 249 109 189 150 207 52 142
22
290 79 51 151 195 248 129 198 153 274 66 83 82 4 73 19 210 243 236 72 252 65
22
290 62 259 255 83 185 251 217 102 256 30 198 263 117 23 280 269 151 141 239 20 232
22
290 28 108 162 165 154 159 242 284 265 239 145 185 150 236 281 13 285 91 252 42 68
22
290 104 34 47 247 85 118 61 276 7 162 286 10 179 128 231 93 136 285 89 4 287
22
290 98 5 238 202 168 157 181 7 145 87 185 224 200 204 273 267 28 50 133 188 281
22
289 110 158 67 181 213 248 11 240 255 238 126 284 208 177 153 275 79 101 58 96 207
22
289 49 91 265 168 254 30 22 188 60 129 160 210 180 161 257 279 44 150 85 192 3
22
289 103 6 214 117 32 203 2 116 159 198 80 253 255 197 287 152 100 99 204 3 220
22
289 191 117 242 232 279 229 7 245 115 84 281 170 45 124 199 195 231 48 204 278 181
22
289 275 78 57 124 73 155 193 195 270 178 267 54 266 64 218 104 265 250 249 152 55
22
289 104 218 113 32 228 193 214 103 265 207 257 115 18 248 105 111 135 212 68 2 26
22
289 234 37 80 176 137 17 237 202 173 278 134 16 231 28 272 194 197 200 36 82 68
22
289 35 222 261 64 13 86 54 148 95 98 168 47 91 99 115 199 157 127 151 174 232
22
289 46 273 222 231 10 264 76 72 242 239 57 95 53 134 288 45 18 260 117 123 228
22
289 172 199 74 143 62 40 25 259 14 227 63 197 211 283 34 80 174 257 132 38 194
22
289 186 265 249 245 257 52 267 148 156 158 79 218 253 118 268 238 195 101 123 58 255
22
289 66 46 49 22 72 119 191 269 109 170 17 68 227 214 42 265 54 30 34 236 263
22
289 163 152 267 48 257 245 81 65 276 104 70 283 167 123 197 198 194 236 53 60 173
22
289 114 256 133 13 161 75 170 249 36 283 240 88 89 138 233 272 140 82 267 141 66
22
289 123 281 73 38 61 13 264 170 195 270 202 232 223 184 77 64 169 44 67 266 285
22
289 206 197 100 255 250 9 158 275 86 34 186 53 259 204 54 272 96 29 24 256 50
22
289 62 241 97 44 129 200 35 13 176 249 79 89 184 286 11 229 48 52 255 182 141
22
289 248 61 79 182 51 169 128 8 80 56 203 111 253 277 285 75 216 65 133 26 55
22
289 182 63 16 152 278 11 89 50 138 53 216 81 45 128 260 113 19 155 170 127 178
22
289 149 11 256 210 73 246 15 183 267 100 111 198 175 208 56 13 282 124 184 87 72
22
289 274 33 77 4 213 238 50 222 148 227 201 137 78 268 41 25 141 31 250 178 16
22
289 262 196 252 122 238 98 259 209 118 86 50 146 193 141 199 153 127 12 43 97 260
22
289 41 74 14 108 205 271 195 136 27 22 58 229 93 72 238 155 243 111 132 248 46
22
289 3 174 10 68 274 87 175 22 284 156 103 276 29 178 152 237 183 16 207 125 30
22
288 231 204 251 227 183 97 213 252 27 205 223 150 14 181 249 248 194 84 261 278 277
22
288 80 6 112 174 15 159 2 42 77 274 203 105 160 283 14 176 104 209 199 219 191
22
288 119 168 262 9 109 206 116 169 156 22 184 121 32 167 74 73 15 25 130 3 89
22
288 273 104 268 254 163 257 27 144 84 176 37 111 249 137 140 267 204 281 129 34 2
22
288 70 32 4 79 279 261 14 176 75 219 22 225 132 122 35 64 201 145 188 229 258
22
288 226 4 42 200 87 184 284 121 103 84 104 108 123 11 135 216 29 68 261 57 211
22
288 29 36 43 72 143 135 154 74 264 106 271 118 67 240 138 108 166 119 60 114 260
22
288 173 153 10 43 115 81 35 85 34 154 107 232 215 149 265 185 2 224 90 256 156
22
288 147 50 124 174 16 213 26 268 117 28 103 223 165 31 53 141 87 275 199 230 45
22
288 155 253 217 99 151 180 149 50 259 128 7 265 53 212 59 98 101 69 110 112 194
22
288 266 263 287 83 20 252 248 90 165 44 88 114 28 286 17 187 55 225 61 146 214
22
288 140 100 184 149 283 279 195 159 4 102 36 133 3 51 86 202 187 55 248 230 99
22
288 113 102 210 67 203 211 175 268 171 49 135 31 246 74 264 232 122 238 62 3 72
22
288 278 181 233 75 224 116 217 252 96 254 230 26 119 223 279 238 190 19 63 250 213
22
288 168 192 240 61 146 143 115 22 185 272 249 198 12 141 59 203 220 78 27 65 119
22
288 43 82 179 205 157 39 259 100 194 70 98 276 33 92 26 176 129 73 37 71 286
22
288 235 85 253 197 59 256 270 92 72 170 38 120 211 121 14 222 42 128 82 234 182
22
288 88 47 162 87 244 61 199 170 2 96 112 146 191 157 228 49 214 251 31 79 201
22
288 251 276 32 180 187 54 87 229 154 16 225 223 90 132 116 270 137 275 285 280 19
22
288 145 175 170 123 235 226 96 73 21 180 142 104 129 218 213 84 67 7 90 181 116
22
288 84 197 177 59 104 92 189 167 286 119 283 274 220 256 200 79 71 66 228 168 86
22
288 208 16 238 28 27 214 83 91 97 77 211 124 166 223 161 63 217 186 139 233 236
22
288 233 42 64 55 261 53 115 160 25 189 163 220 204 209 162 272 200 95 73 284 87
22
287 213 93 39 235 6 201 193 194 21 224 4 272 175 107 266 48 181 19 281 203 157
22
287 216 267 205 260 175 116 242 245 63 166 173 209 270 282 69 76 162 195 239 133 62
22
287 110 255 56 282 16 140 182 154 253 188 284 166 158 185 46 193 266 17 5 156 226
22
287 18 115 49 148 190 207 209 164 216 204 12 142 247 58 130 224 232 91 264 50 56
22
287 140 243 146 155 223 193 172 258 32 127 93 269 81 275 116 263 196 25 77 198 171
22
287 205 62 225 4 100 130 168 176 273 35 71 198 232 21 39 201 189 15 159 236 158
22
287 20 258 24 284 169 82 92 27 87 74 216 22 49 250 238 31 279 245 138 8 271
22
287 210 13 243 144 152 273 252 134 159 100 11 95 46 169 176 250 231 229 188 212 258
22
287 201 211 87 167 180 24 113 111 16 60 50 66 136 18 97 114 8 19 281 150 100
22
287 165 3 100 98 253 185 33 274 91 77 56 15 20 214 209 171 141 59 19 161 39
22
287 163 66 263 98 236 103 159 122 174 121 51 266 251 280 29 273 245 77 201 40 152
22
287 122 2 21 283 89 252 144 47 188 186 184 211 281 199 136 55 94 88 126 256 65
22
287 97 251 123 24 221 240 230 256 81 117 59 120 243 106 216 181 49 52 48 217 101
22
287 39 62 118 106 257 142 169 121 285 154 110 159 184 237 186 27 114 236 2 87 213
22
286 95 24 180 221 187 280 274 171 21 13 164 12 267 80 65 117 61 193 70 192 10
22
286 218 89 91 173 11 134 186 244 185 158 203 77 204 280 255 240 85 48 33 125 200
22
286 256 202 67 8 55 20 33 200 268 36 59 180 17 221 3 214 255 241 52 244 103
22
286 261 158 34 61 263 224 131 196 208 255 11 114 280 245 39 278 189 242 253 88 273
22
286 58 157 196 194 245 10 34 143 39 255 103 100 210 215 251 57 72 43 248 76 54
22
286 51 176 226 173 83 65 183 100 33 230 261 49 76 270 109 64 169 89 92 189 3
22
286 270 185 183 156 148 73 198 77 21 159 106 224 93 236 70 225 227 50 263 43 275
22
286 132 234 19 201 270 21 179 228 36 8 4 127 119 236 118 25 64 35 18 256 167
22
286 215 225 251 28 213 65 112 162 50 3 204 58 212 272 135 100 61 6 153 36 18
22
286 126 11 264 41 238 164 257 255 156 280 29 17 54 159 262 136 82 73 212 154 69
22
286 140 166 233 240 51 43 11 63 35 259 220 121 214 78 24 44 269 209 177 107 53
22
286 284 266 133 176 71 200 247 209 96 265 109 122 205 181 154 103 204 178 13 212 164
22
286 276 79 16 190 214 17 113 2 189 129 235 89 158 275 232 48 6 149 78 15 98
22
286 117 110 62 12 259 212 175 231 253 25 28 209 107 56 136 145 189 180 132 207 237
22
286 281 74 93 27 199 84 271 221 191 68 180 277 94 116 225 146 115 265 165 100 92
22
286 2 32 188 128 174 226 272 67 249 156 164 89 62 222 85 83 121 252 271 47 134
22
286 11 167 6 281 31 124 140 237 144 162 54 251 143 26 221 171 98 7 40 250 4
22
286 149 236 52 252 4 281 14 211 129 30 120 85 201 270 212 105 196 174 107 94 12
22
286 14 55 181 114 239 252 151 22 225 216 188 19 41 211 157 248 257 40 69 258 237
22
286 162 3 259 149 73 232 191 125 233 248 229 92 280 163 86 32 160 27 176 49 52
22
285 118 271 10 251 110 243 113 102 36 274 277 101 19 216 80 177 201 21 136 131 34
22
285 133 52 240 27 23 117 115 127 77 46 224 102 217 161 205 128 201 222 150 15 177
22
285 143 223 167 128 69 172 61 46 229 70 91 240 159 284 140 141 266 126 139 29 249
22
285 58 255 86 183 207 13 14 137 250 211 53 161 187 282 283 261 28 114 162 199 233
22
285 242 18 78 212 157 158 97 2 52 5 156 243 70 130 37 203 134 253 211 257 65
22
285 60 87 17 229 96 167 32 63 24 188 265 250 114 201 111 281 212 264 169 67 211
22
285 208 218 52 195 54 45 125 27 150 151 55 247 143 276 197 103 130 83 127 70 46
22
285 28 92 156 234 225 159 30 240 43 109 73 208 166 69 266 198 227 101 269 262 77
22
285 199 222 147 249 246 89 231 53 55 40 278 5 86 84 104 82 206 264 176 167 267
22
285 73 141 94 104 98 148 194 258 80 200 185 179 50 12 201 284 181 147 193 188 101
22
285 61 243 35 193 91 179 277 128 213 259 162 202 248 130 88 279 142 82 188 195 80
22
285 85 57 170 236 40 146 75 274 173 152 105 182 237 190 179 137 91 144 37 104 175
22
285 18 45 272 244 152 215 12 104 50 78 202 114 79 209 100 111 178 197 242 207 105
22
285 100 51 168 174 170 200 248 224 245 180 270 271 64 41 77 138 5 57 259 272 205
22
285 198 34 228 12 4 176 209 82 58 7 9 226 189 276 123 67 96 18 190 73 99
22
285 211 137 14 38 139 114 270 73 37 254 140 189 235 177 194 160 40 227 201 133 117
22
285 16 129 115 95 135 194 169 73 56 213 4 96 70 72 215 265 184 253 111 9 39
22
285 68 33 106 74 183 194 191 54 97 104 29 40 140 275 230 152 36 100 62 243 67
22
285 166 154 33 90 136 92 107 268 100 6 94 251 203 74 135 198 271 43 38 233 192
22
285 59 244 31 105 252 80 116 278 37 28 100 204 274 256 55 263 218 153 188 279 79
22
285 256 77 254 196 155 230 167 122 226 98 166 165 235 80 29 43 32 35 177 261 229
22
285 196 94 150 62 141 67 189 102 182 87 146 264 168 188 77 220 33 236 163 122 39
22
285 57 269 260 70 254 63 73 172 222 52 33 166 149 36 263 152 270 280 99 205 25
22
285 216 20 140 115 19 37 232 198 225 203 50 283 274 213 90 187 254 208 119 77 69
22
284 214 244 130 53 156 198 126 205 194 150 13 154 283 87 33 28 103 113 265 68 61
22
284 233 36 45 229 206 177 42 253 122 136 56 244 20 236 39 281 252 96 214 259 194
22
284 92 89 252 128 2 82 145 107 36 57 237 49 210 130 40 275 74 24 43 95 87
22
284 189 254 271 74 128 202 157 225 129 115 87 77 45 236 242 174 86 91 39 97 5
22
284 254 176 223 76 233 16 213 283 178 117 36 80 267 13 9 52 70 181 73 180 278
22
284 94 91 261 239 156 33 279 55 182 191 224 95 129 203 99 117 269 62 64 263 164
22
284 135 109 6 78 120 66 263 71 21 271 23 123 106 226 74 230 275 118 265 256 52
22
284 77 156 116 2 195 199 102 210 250 223 81 78 213 270 264 4 5 261 49 13 279
22
284 5 30 244 260 215 210 174 278 7 224 181 54 27 163 26 53 129 49 153 18 197
22
284 27 149 218 239 64 240 29 261 278 97 194 249 66 271 77 8 215 15 212 269 153
22
284 215 100 42 81 115 217 257 18 139 156 2 142 188 189 60 228 145 239 88 280 196
22
284 227 150 259 33 48 62 98 278 161 230 258 159 198 87 199 83 99 233 46 85 223
22
284 114 277 10 109 51 163 184 215 88 175 78 4 7 268 16 220 265 204 230 75 159
22
284 104 241 269 246 222 22 200 74 12 165 99 59 162 111 168 164 11 25 158 243 177
22
284 82 55 161 252 9 33 255 34 265 99 221 129 199 233 109 68 279 196 230 181 41
22
284 125 248 277 43 282 162 132 85 27 181 173 240 178 34 13 231 117 20 210 192 161
22
283 110 269 49 205 108 256 254 180 136 192 281 105 59 153 84 11 194 268 282 98 88
22
283 271 74 38 110 196 96 198 19 207 99 208 184 156 13 42 71 199 216 268 232 48
22
283 48 135 220 260 71 146 178 138 110 30 136 37 187 258 15 73 186 3 200 240 59
22
283 15 88 282 59 196 209 154 159 212 3 18 207 127 241 218 78 222 63 162 79 116
22
283 225 169 88 8 162 28 26 205 4 188 274 223 74 250 261 179 73 182 180 80 69
22
283 221 124 3 268 92 125 200 120 32 282 256 26 6 188 180 106 98 23 49 223 142
22
283 186 39 49 246 115 238 187 221 226 52 215 255 131 127 114 10 136 140 149 88 50
22
283 272 222 131 79 179 107 25 103 193 175 278 205 119 200 33 24 279 133 267 247 4
22
283 263 121 221 7 182 239 12 124 279 204 42 190 187 168 34 203 164 171 149 216 82
22
283 34 251 102 38 130 74 39 121 232 112 261 188 28 59 91 82 41 172 116 48 134
22
283 144 167 195 208 14 5 24 69 197 257 22 54 242 46 260 105 281 63 219 221 9
22
283 105 137 57 42 45 77 163 164 157 235 40 116 212 142 236 51 134 207 27 240 189
22
282 166 70 208 188 199 91 211 71 240 133 121 68 278 194 57 237 262 45 168 173 268
22
282 90 180 256 14 131 7 83 40 34 91 182 19 175 187 194 278 226 189 222 66 126
22
282 78 71 167 73 184 30 43 172 160 109 143 251 40 280 278 235 267 10 67 63 180
22
282 197 207 13 245 236 85 194 248 145 39 82 139 117 214 173 185 19 17 144 270 178
22
282 53 250 252 58 155 195 162 55 247 202 91 261 119 147 4 262 259 39 2 241 23
22
282 22 251 245 52 168 149 62 143 27 49 54 56 148 255 71 146 95 77 65 240 155
22
282 122 207 84 184 56 281 55 39 232 68 77 254 162 35 128 65 238 186 135 174 33
22
282 233 36 99 89 186 40 93 30 58 273 155 224 151 147 86 67 237 56 270 69 29
22
282 237 138 77 96 90 234 128 216 29 49 13 203 146 225 252 117 68 155 235 278 170
22
282 111 134 152 9 42 112 271 19 213 15 116 272 80 96 233 274 163 208 253 132 234
22
282 204 8 17 223 205 7 108 273 96 123 62 15 154 77 31 12 259 265 260 214 200
22
282 156 241 38 69 64 274 266 8 5 220 73 55 242 105 177 148 152 232 126 102 22
22
282 234 58 131 170 181 98 268 203 61 81 160 267 85 185 41 53 94 281 84 32 227
