22
1 139 30 97 267 13 70 298 294 224 101 194 271 109 167 12 100 290 275 117 168 71
22
1 49 88 276 195 108 275 257 182 173 44 47 266 185 78 60 156 193 292 285 31 188
22
1 292 291 149 18 191 137 237 269 109 203 40 262 65 23 22 221 74 97 26 280 264
22
1 289 92 31 215 294 170 190 93 67 152 6 245 238 68 286 113 111 164 145 264 48
22
1 111 234 108 178 167 262 190 238 52 86 208 275 147 78 271 129 153 15 250 142 74
22
1 205 137 117 11 124 260 208 167 264 42 88 72 278 259 289 10 213 207 81 135 62
22
300 27 121 104 96 185 224 125 132 161 232 182 18 28 225 218 46 178 136 192 5 222
22
300 248 183 5 141 139 51 164 101 12 251 77 159 184 200 236 143 4 198 276 209 145
22
300 219 122 43 113 279 22 25 183 121 85 14 88 241 188 86 168 58 211 244 180 156
22
300 240 140 90 284 33 190 150 187 39 153 128 291 209 296 154 198 130 147 166 99 110
22
300 284 263 135 221 241 166 201 27 176 285 279 218 209 24 29 272 188 175 224 189 26
22
1 208 181 278 112 232 56 132 19 294 213 209 244 105 113 212 67 282 263 35 141 136
22
1 178 296 34 180 202 134 57 228 236 116 186 200 254 148 84 249 143 185 183 201 99
22
300 264 167 116 210 170 213 169 243 258 204 111 13 146 297 173 72 133 274 228 211 283
22
300 67 95 98 292 289 111 170 1 212 76 50 96 135 288 248 78 91 18 31 290 97
22
1 83 271 120 254 162 243 164 195 54 59 33 62 114 111 131 280 277 198 69 112 219
22
300 104 22 17 19 217 131 200 214 3 140 274 110 253 50 55 12 159 231 77 80 150
22
300 62 22 172 10 250 196 299 69 134 286 153 99 130 52 244 48 192 174 47 165 152
22
1 270 134 111 63 192 257 22 228 31 105 28 219 86 298 300 208 77 85 280 172 283
22
1 176 273 164 120 181 14 221 137 246 84 104 128 154 54 110 251 111 156 55 241 149
22
300 268 184 276 228 61 31 125 79 222 258 278 207 251 25 76 179 290 34 19 81 132
22
1 76 140 160 29 163 66 28 230 196 147 125 33 10 78 128 225 220 113 130 293 57
22
1 226 80 252 77 39 56 274 183 74 165 234 273 155 241 212 86 94 288 127 85 181
22
300 14 117 184 55 211 221 113 154 136 217 146 155 227 33 23 12 127 58 152 39 224
22
300 93 1 190 290 141 147 287 193 255 96 30 97 218 163 123 103 160 50 79 235 8
22
300 38 138 87 151 181 155 40 137 278 129 248 9 215 140 37 10 84 272 23 270 281
22
1 55 15 34 52 135 152 147 181 259 162 146 212 137 278 209 92 131 156 84 109 43
22
1 169 72 269 120 28 44 17 50 164 21 128 190 141 225 184 255 213 153 185 102 144
22
300 137 106 203 231 53 134 250 232 264 59 167 251 229 176 291 157 120 234 57 170 150
22
300 256 82 128 126 279 201 213 36 4 84 283 278 233 25 175 158 130 197 173 224 198
22
1 128 116 89 51 129 218 19 244 239 16 72 47 88 192 148 20 108 154 273 206 25
22
300 223 128 183 102 296 118 84 233 27 123 271 297 114 251 231 56 192 15 85 224 299
22
1 251 154 39 250 286 202 18 46 180 10 104 215 204 285 105 183 31 242 191 76 133
22
300 212 232 115 135 295 276 90 31 162 231 266 98 87 18 209 119 86 184 21 48 172
22
300 215 150 116 199 24 121 63 31 244 180 260 257 295 4 152 202 19 160 275 105 75
22
1 145 129 26 293 52 141 266 115 196 271 102 205 2 188 74 133 40 199 148 223 191
22
300 191 194 29 272 120 242 98 118 26 23 226 137 85 213 269 215 11 175 113 295 70
22
1 94 95 145 216 288 11 108 36 178 164 154 191 111 292 81 250 72 239 19 238 222
22
300 220 138 87 228 37 223 134 179 3 268 58 71 176 113 175 200 129 231 165 284 26
22
1 291 62 292 255 222 81 228 225 244 31 25 249 178 216 58 19 28 247 10 144 125
22
300 10 152 58 94 249 191 44 238 190 159 53 122 252 91 83 189 233 151 47 132 248
22
1 256 92 212 231 93 137 278 88 95 108 179 261 115 292 298 216 147 125 200 211 47
22
300 250 125 178 288 134 188 271 102 135 215 296 110 16 207 141 91 66 37 98 143 285
22
1 229 22 35 18 6 122 103 232 177 282 167 15 80 190 219 252 241 215 283 14 32
22
300 103 266 8 27 173 118 18 205 77 251 213 190 135 287 187 204 168 254 105 212 109
22
1 61 281 146 131 41 84 11 292 157 243 125 19 176 183 167 254 98 45 158 200 195
22
300 37 73 28 172 234 170 101 5 109 119 238 241 204 44 163 285 193 141 105 88 261
22
1 171 157 16 102 103 254 213 158 235 284 38 206 234 162 214 132 207 180 114 105 299
22
300 298 167 148 204 297 206 171 36 152 53 219 55 122 287 177 124 44 217 151 68 284
22
1 297 240 28 36 233 103 225 252 125 154 136 62 213 149 156 59 226 55 148 17 256
22
300 252 49 30 210 8 259 156 59 10 92 200 145 270 167 207 246 29 83 181 175 6
22
1 163 17 175 214 87 202 108 120 131 23 39 240 49 116 72 33 100 11 222 137 66
22
1 45 145 275 170 57 44 254 161 285 192 278 68 78 228 125 117 114 195 31 269 142
22
300 280 76 192 227 183 273 106 266 235 217 23 236 137 250 73 91 144 294 167 119 269
22
1 242 51 271 8 248 24 219 35 5 76 202 33 73 108 43 194 106 112 236 191 153
22
1 125 170 107 257 157 150 3 139 205 100 194 262 216 103 151 299 95 197 178 43 279
22
300 169 72 244 106 199 166 207 105 32 69 262 200 233 269 229 36 297 231 141 61 55
22
1 134 168 73 58 75 155 11 208 125 188 253 156 87 132 229 37 158 101 142 205 256
22
300 168 36 75 61 105 155 80 291 258 47 273 220 277 113 158 272 206 14 138 153 12
22
300 184 20 144 212 114 158 217 281 64 186 61 116 117 128 280 102 150 54 183 225 299
22
1 198 124 29 44 137 81 241 133 126 160 153 183 60 157 170 275 167 80 172 249 250
22
1 296 60 257 98 162 21 5 199 277 175 99 43 282 138 239 295 194 218 196 240 177
22
300 151 242 17 294 132 11 25 48 55 250 213 160 241 292 197 108 217 38 121 106 279
22
1 135 235 179 197 110 37 62 278 97 15 154 51 3 176 264 279 4 84 181 91 187
22
300 13 156 197 99 202 7 155 84 281 208 123 135 53 32 252 246 107 149 256 229 55
22
1 262 200 56 98 153 127 237 199 196 2 79 52 222 283 17 295 54 86 116 114 181
22
299 289 49 18 253 151 246 42 62 141 273 54 97 114 51 91 130 217 266 209 78 105
22
299 239 35 111 9 139 213 68 39 180 136 129 72 83 3 227 287 20 226 127 233 74
22
299 67 161 255 290 193 249 202 5 172 275 93 215 208 63 136 173 107 17 26 151 164
22
299 297 102 257 187 157 28 168 60 153 165 125 202 211 262 67 233 276 98 278 140 68
22
299 60 107 27 289 262 228 14 261 230 192 131 76 151 187 222 249 226 72 191 223 129
22
299 66 119 254 124 25 138 218 121 171 222 280 109 97 251 185 294 249 157 183 63 142
22
299 268 53 270 250 247 107 158 266 248 74 173 201 154 252 171 165 78 61 174 98 94
22
299 218 22 166 202 189 80 204 37 292 151 260 33 86 272 103 124 264 174 154 195 248
22
299 121 236 24 103 79 39 252 114 17 47 49 214 22 232 253 139 142 168 56 130 80
22
299 203 112 107 50 91 93 147 19 285 109 25 281 128 247 288 249 29 198 6 53 122
22
299 9 239 229 72 40 169 209 187 284 159 98 119 294 161 278 298 97 179 206 38 140
22
299 145 200 3 297 103 40 111 96 9 116 38 246 7 131 109 166 130 6 161 98 152
22
299 242 274 80 280 180 157 8 273 290 276 88 90 77 136 190 41 133 32 164 16 138
22
299 184 104 227 74 39 253 146 38 241 148 17 179 269 162 187 87 296 79 117 132 129
22
299 243 118 69 46 76 35 236 126 238 258 55 176 218 164 179 34 47 247 184 144 225
22
299 144 244 172 162 39 65 268 124 177 260 166 157 147 196 182 283 296 241 274 44 288
22
299 140 277 29 126 147 109 291 43 190 136 87 167 116 239 247 265 218 112 93 165 164
22
299 240 122 209 12 165 219 173 76 59 200 258 293 154 60 183 261 157 159 169 68 64
22
299 265 249 276 6 178 169 56 297 298 27 253 55 3 68 210 290 49 171 226 248 230
22
299 200 80 279 40 9 83 298 44 3 63 245 197 260 86 242 73 241 137 88 175 110
22
299 63 270 108 268 133 271 233 182 261 35 214 125 234 20 137 40 117 29 279 287 188
22
299 117 69 110 46 196 181 28 82 53 230 153 235 85 137 237 283 157 175 114 40 257
22
299 135 232 245 42 172 45 97 239 161 142 12 270 242 201 52 282 47 278 153 38 41
22
299 81 134 76 194 23 172 231 17 224 4 198 270 93 283 128 173 252 33 126 49 60
22
299 199 202 286 57 63 66 147 213 65 71 244 211 93 182 52 179 232 201 175 260 5
22
299 57 217 288 4 47 206 128 196 145 272 244 54 14 251 51 211 130 28 170 243 114
22
299 75 212 115 165 70 234 184 172 239 54 166 118 215 257 136 89 79 61 22 15 163
22
299 104 75 179 129 13 32 149 269 56 221 24 267 272 152 249 229 244 19 90 72 147
22
299 129 216 26 105 145 208 41 210 114 97 111 152 222 38 235 220 272 123 296 214 246
22
299 32 131 97 60 220 228 31 134 238 17 173 240 196 138 214 117 193 75 250 248 35
22
299 29 244 116 196 18 12 94 253 141 45 208 126 232 199 144 62 291 101 67 163 187
22
299 298 152 195 88 185 140 278 135 186 48 89 292 194 97 85 248 51 16 206 8 137
22
299 282 16 55 179 277 121 90 161 152 284 143 269 205 33 87 209 139 165 84 293 59
22
299 236 185 197 98 163 151 131 223 274 14 295 258 198 58 95 257 206 252 122 40 228
22
298 70 145 32 198 4 31 139 82 103 107 47 243 146 71 176 166 262 14 185 295 279
22
298 295 204 10 203 272 123 231 222 164 64 132 24 26 254 29 34 42 185 88 161 215
22
298 214 117 189 243 149 17 52 266 102 210 85 13 229 105 150 184 242 153 233 217 282
22
298 243 5 84 257 3 276 294 185 55 74 129 57 269 78 42 104 165 11 200 153 186
22
298 140 237 280 6 203 180 88 166 184 264 211 96 258 63 9 200 106 40 221 190 100
22
298 93 130 8 125 56 36 126 5 243 46 278 205 87 238 129 273 96 135 181 63 289
22
298 290 118 49 246 266 123 230 116 284 219 253 51 139 169 233 136 81 89 18 146 69
22
298 266 280 155 64 273 142 200 73 47 261 120 151 221 78 272 66 34 211 57 244 168
22
298 144 269 247 50 143 175 46 282 141 51 8 98 44 248 52 289 123 3 148 157 4
22
298 141 192 173 160 290 230 197 229 60 63 284 87 114 78 287 46 157 283 89 99 71
22
298 240 179 163 71 56 239 137 48 142 68 79 238 203 66 223 194 9 145 184 216 57
22
298 263 58 81 275 209 181 199 45 141 23 72 291 154 131 70 257 202 255 178 205 256
22
298 255 61 290 258 97 28 214 82 236 65 68 139 129 123 197 87 142 133 184 220 128
22
298 219 56 54 16 263 154 210 295 69 191 61 119 213 131 291 137 114 202 285 166 288
22
298 113 97 294 84 293 41 259 62 238 104 7 69 175 10 163 56 131 212 198 171 157
22
298 2 199 242 236 113 36 54 204 154 297 157 7 143 233 271 37 107 295 139 39 253
22
298 99 130 164 207 278 272 151 181 94 283 125 92 128 105 225 165 116 86 148 52 176
22
298 153 119 39 154 227 156 11 208 178 172 257 30 110 219 35 74 32 66 42 285 21
22
298 289 80 180 277 146 83 200 68 186 265 230 131 166 251 198 283 107 25 173 201 93
22
298 277 187 143 267 7 220 136 230 51 23 170 104 198 2 70 36 174 77 114 64 46
22
298 159 216 23 243 19 5 198 201 102 296 74 28 63 199 144 148 110 210 66 62 142
22
298 112 211 80 183 85 285 114 72 197 57 259 14 13 87 113 284 103 177 254 225 188
22
298 272 45 242 42 236 254 157 295 290 93 193 297 133 77 168 292 159 211 263 10 57
22
298 269 240 72 42 228 206 246 119 186 38 250 190 159 151 145 135 232 239 61 36 276
22
298 239 123 255 147 91 222 210 46 205 292 69 168 144 260 14 22 288 66 95 232 181
22
298 37 76 186 203 89 234 248 160 257 239 193 146 139 60 283 296 91 236 175 5 56
22
298 273 104 232 76 14 150 250 53 114 106 297 224 77 279 82 171 241 160 30 157 27
22
298 216 264 113 67 195 60 207 38 135 127 295 85 296 238 175 151 154 177 94 232 182
22
298 85 53 236 171 195 244 250 211 84 258 214 120 150 23 101 178 4 164 87 282 147
22
298 39 292 80 266 30 293 263 2 86 187 59 284 96 221 127 146 90 66 101 278 237
22
298 95 37 86 285 173 283 105 202 213 287 182 166 245 16 48 248 142 134 271 234 120
22
298 111 194 192 166 134 176 109 232 230 243 164 268 58 252 27 105 119 248 274 132 59
22
298 101 89 126 87 129 275 185 121 108 212 289 131 240 160 190 222 57 39 58 80 204
22
297 43 184 284 285 242 117 250 19 228 187 122 95 206 154 79 210 272 276 158 4 42
22
297 139 283 47 105 197 151 219 109 261 199 191 125 293 189 98 12 86 186 51 64 163
22
297 92 239 282 182 114 142 19 268 72 36 222 75 126 73 67 272 60 88 85 200 71
22
297 268 165 65 212 180 267 130 286 5 89 246 160 49 45 186 96 51 274 164 67 266
22
297 68 13 210 221 107 139 108 110 73 25 137 265 169 54 170 59 171 278 205 61 64
22
297 127 224 186 88 181 167 249 130 189 278 143 283 199 75 87 102 136 281 89 109 248
22
297 230 277 132 221 229 150 177 289 53 117 21 44 184 261 118 99 93 9 296 64 49
22
297 129 218 103 112 231 284 26 65 250 90 75 153 61 272 261 78 57 72 187 267 230
22
297 193 272 290 253 59 181 280 30 96 256 227 24 164 257 212 242 166 151 128 95 57
22
297 4 201 46 295 94 80 58 11 98 205 78 89 275 16 261 91 158 44 137 241 143
22
297 257 207 224 111 39 35 110 282 232 83 69 280 120 254 26 93 279 273 176 49 283
22
297 26 8 205 183 225 161 31 227 284 40 291 112 236 94 191 237 9 204 4 198 36
22
297 120 11 134 37 266 81 108 283 55 54 272 128 25 232 252 171 125 22 160 227 69
22
297 137 152 112 204 101 40 295 254 29 280 226 272 253 262 145 63 292 264 235 110 52
22
297 183 247 49 294 246 243 131 275 216 46 71 98 189 62 267 143 211 94 22 201 219
22
297 46 194 293 178 14 218 50 73 187 237 90 211 130 106 224 121 111 184 30 168 250
22
297 100 166 57 69 80 177 130 254 140 47 159 293 149 266 102 174 36 35 258 153 3
22
297 61 198 204 17 29 214 259 82 223 254 196 11 25 18 104 108 247 224 60 215 152
22
297 116 56 18 211 158 106 187 234 214 79 115 197 215 51 216 99 104 143 246 264 40
22
297 19 72 78 136 272 150 33 294 261 166 37 161 185 191 177 36 46 56 193 234 252
22
297 149 85 184 104 163 128 109 113 99 238 34 250 251 273 75 276 65 169 291 257 49
22
297 82 295 156 115 98 79 294 217 188 34 3 175 99 145 176 151 170 225 141 194 276
22
297 233 141 47 234 210 266 38 191 178 49 139 69 248 287 230 51 13 31 128 189 245
22
297 90 195 163 179 276 96 31 177 49 190 106 63 45 152 20 198 197 289 229 172 56
22
297 3 58 288 60 30 100 168 53 106 242 135 182 82 110 44 192 240 231 142 70 73
22
297 156 54 259 294 200 65 232 274 18 149 99 199 78 192 180 131 97 52 187 227 168
22
297 70 20 102 84 161 200 65 104 120 148 154 82 204 137 7 43 99 101 273 4 37
22
297 281 263 283 74 245 171 276 196 238 173 254 206 144 100 166 79 49 185 139 44 125
22
297 211 213 16 19 14 129 270 100 116 273 136 122 44 138 59 63 290 73 20 4 288
22
296 289 28 10 189 125 4 234 207 274 58 57 149 64 31 38 34 279 205 188 77 146
22
296 92 81 159 153 46 237 73 96 152 155 30 227 59 65 216 236 132 270 253 93 209
22
296 129 190 5 257 193 17 214 112 143 4 160 287 157 71 38 226 26 199 25 6 91
22
296 270 189 19 216 96 66 181 31 190 286 79 201 112 159 45 244 278 283 265 240 82
22
296 225 59 144 47 219 77 224 53 25 69 256 271 145 9 42 292 236 266 108 206 227
22
296 125 36 133 126 7 159 184 239 88 190 48 90 281 155 219 207 89 254 107 210 245
22
296 252 37 55 28 243 34 231 156 105 134 206 117 277 143 26 128 111 41 162 193 188
22
296 205 10 221 235 95 89 267 292 270 291 131 264 106 84 173 70 67 183 23 5 124
22
296 286 273 80 177 7 275 292 271 153 136 178 137 28 284 215 87 89 226 229 143 39
22
296 133 230 262 215 55 280 286 250 186 233 146 196 290 48 247 70 54 159 50 14 187
22
296 198 279 174 101 274 179 113 33 51 254 148 12 268 54 171 251 28 117 3 175 290
22
296 171 54 156 17 204 144 151 148 107 41 65 191 10 62 147 135 74 76 220 68 201
22
295 143 31 131 293 84 2 283 52 249 89 214 86 79 96 47 45 247 99 68 235 145
22
295 217 200 250 83 286 151 43 189 96 247 53 193 62 156 284 202 50 90 97 240 214
22
295 247 150 27 121 55 265 141 49 102 77 271 101 252 14 118 221 200 147 170 137 120
22
295 62 4 256 192 201 215 189 76 194 286 130 247 50 263 274 41 273 10 261 177 173
22
296 259 180 159 277 45 120 108 114 79 196 198 233 96 19 30 50 253 283 20 14 223
22
295 250 53 183 86 286 3 11 89 186 264 195 276 213 165 35 192 166 51 156 270 15
22
296 242 197 127 222 169 139 160 25 241 97 72 166 191 243 294 265 77 75 122 236 143
22
295 289 54 155 196 72 178 36 12 291 245 194 98 88 7 73 113 136 121 210 23 86
22
296 294 229 132 11 37 252 79 251 78 248 55 97 35 219 130 234 225 238 3 144 276
22
295 285 233 40 249 199 48 39 281 98 108 27 258 97 194 246 291 181 242 225 280 136
22
296 51 170 274 88 177 75 60 91 15 45 272 207 174 82 85 95 44 41 156 208 9
22
295 165 248 168 185 10 28 207 155 265 78 109 232 229 17 272 133 122 210 172 160 292
22
295 107 86 11 280 26 263 212 112 284 159 66 204 78 201 63 153 240 48 106 164 91
22
296 11 243 46 237 20 149 184 14 62 140 117 156 276 288 40 12 71 212 102 43 7
22
296 40 10 32 96 237 152 78 114 255 208 278 234 136 61 219 235 102 177 54 151 293
22
295 83 149 263 137 179 201 104 110 239 169 32 210 143 286 96 234 292 154 184 60 287
22
296 237 37 179 265 17 205 122 272 202 248 78 54 173 270 137 234 87 235 149 182 208
22
295 246 252 222 61 267 205 111 43 167 71 34 59 291 174 93 231 235 234 70 138 124
22
296 38 264 14 201 115 282 125 243 37 233 166 182 149 234 208 161 70 109 69 248 194
22
296 167 290 30 190 215 90 158 264 197 36 224 284 165 287 194 18 283 11 281 60 27
22
295 73 40 45 160 64 119 199 61 237 94 68 5 63 2 258 191 124 217 265 241 147
22
296 115 158 61 199 290 224 93 190 140 203 52 88 110 255 192 252 127 181 235 35 275
22
295 126 29 65 198 190 42 133 275 228 69 78 100 226 197 122 89 284 232 241 286 18
22
296 255 273 7 98 274 170 148 257 234 180 253 97 200 96 196 74 104 50 122 247 137
22
296 182 245 214 241 50 187 14 5 44 97 147 167 278 227 249 67 77 156 165 49 101
22
296 116 258 113 75 76 268 120 66 145 209 7 276 248 242 277 82 201 265 48 26 112
22
295 245 48 114 105 17 201 20 294 82 279 199 130 148 253 223 116 94 26 178 213 217
22
295 51 103 279 150 206 177 268 195 22 243 198 171 31 85 241 289 50 144 24 148 44
22
295 268 74 179 229 251 88 271 150 54 269 281 93 72 247 122 58 224 121 66 166 267
22
296 279 138 62 88 263 163 82 229 56 283 177 266 77 202 26 259 215 267 19 212 216
22
295 85 166 99 282 46 17 263 106 105 146 153 279 248 191 242 39 208 86 35 144 171
22
296 274 177 79 49 237 209 114 98 211 97 233 175 14 246 67 27 92 236 258 35 142
22
295 182 123 208 26 30 46 62 184 242 159 75 212 209 15 12 116 178 270 150 293 130
22
295 211 14 70 238 106 60 147 17 25 206 241 236 243 214 149 80 44 26 220 94 45
22
296 236 256 270 114 218 81 187 27 285 130 224 207 122 148 166 88 199 293 6 246 168
22
295 117 133 37 90 16 198 25 231 241 203 284 108 204 115 173 87 36 31 186 106 230
22
296 158 174 41 248 291 195 226 152 238 84 99 135 34 105 38 182 225 129 167 249 247
22
295 31 9 237 17 177 146 100 203 214 291 231 71 38 269 114 219 242 235 175 37 6
22
295 278 216 161 132 63 12 119 41 174 281 101 260 109 238 73 77 261 234 292 171 55
22
296 122 86 293 153 117 172 36 102 99 114 57 35 11 251 259 76 188 212 108 229 91
22
295 101 83 280 206 284 144 190 240 143 81 278 281 89 270 138 104 136 173 9 135 283
22
295 87 288 128 132 187 181 161 225 138 259 207 203 98 182 251 257 198 179 10 276 62
22
294 73 214 239 136 86 97 241 290 166 77 222 203 88 252 34 188 96 228 293 158 161
22
294 275 178 185 282 246 263 30 227 293 233 226 87 143 218 116 154 127 224 260 187 205
22
294 2 279 96 187 251 284 95 193 123 197 280 66 58 10 255 254 281 285 76 84 217
22
294 100 188 9 112 253 285 155 5 274 56 81 262 199 131 123 64 88 156 120 194 121
22
294 75 182 99 97 258 255 161 175 13 148 113 82 9 159 126 56 58 275 211 180 44
22
294 212 118 128 195 104 122 201 129 226 199 15 233 241 188 145 4 279 174 101 51 75
22
294 244 215 118 47 68 163 43 101 270 193 166 242 73 8 66 293 209 48 39 157 62
22
294 103 36 248 54 175 171 38 94 48 279 82 55 252 182 11 245 8 17 251 290 198
22
294 279 189 160 152 202 247 97 168 74 163 71 110 245 268 129 169 208 195 285 86 145
22
294 92 15 50 287 3 246 29 244 135 293 212 57 191 289 182 149 245 283 47 94 187
22
294 176 153 56 86 8 169 182 253 266 124 160 105 224 288 50 218 44 21 265 293 68
22
294 232 99 113 107 186 95 56 263 289 16 275 111 199 3 91 102 198 188 208 253 105
22
294 167 224 127 99 259 63 109 113 214 205 231 62 158 67 50 83 5 159 270 177 221
22
294 138 24 77 235 99 152 192 271 38 8 195 94 257 205 67 102 118 240 86 142 232
22
294 168 80 25 46 28 120 164 257 159 11 277 163 67 161 223 235 261 143 215 92 221
22
294 142 38 261 91 69 203 88 164 241 233 271 134 275 77 44 55 197 66 284 137 201
22
294 245 75 107 201 4 78 166 215 193 48 120 264 285 231 141 246 272 96 172 257 269
22
294 133 265 226 4 274 92 77 8 188 64 54 6 221 177 184 5 215 202 282 14 58
22
294 173 33 149 262 249 272 171 176 293 258 132 91 52 113 210 174 229 98 237 40 195
22
294 65 68 215 278 203 253 59 81 291 249 52 163 31 142 6 138 282 85 288 289 41
22
294 144 108 243 33 253 210 116 226 87 105 245 237 137 187 267 109 197 208 207 271 22
22
294 137 91 79 39 273 246 291 35 10 87 94 13 139 243 288 204 110 7 211 175 63
22
294 288 150 246 37 175 218 102 184 247 66 50 56 245 87 204 281 203 52 200 48 228
22
294 155 83 95 62 292 15 84 16 90 116 28 4 129 52 154 141 251 200 173 227 20
22
294 162 196 81 230 36 33 129 161 179 170 271 171 103 30 248 144 121 127 52 223 41
22
293 161 4 280 83 110 186 162 158 127 216 222 58 213 119 129 32 114 270 92 62 78
22
293 98 272 281 194 31 43 119 13 5 226 59 289 84 51 256 129 240 165 3 111 136
22
293 97 53 244 188 266 227 157 30 33 118 208 171 100 102 37 6 250 45 105 263 44
22
293 229 169 101 107 167 13 70 216 245 143 264 180 173 4 69 162 59 204 40 253 183
22
293 215 65 165 142 54 143 251 68 172 263 24 151 64 72 116 95 27 92 221 265 192
22
293 265 129 161 158 226 95 29 116 123 252 87 68 127 126 70 96 7 4 201 292 243
22
293 223 219 26 41 222 233 94 77 238 7 291 197 147 6 200 48 58 244 250 40 98
22
293 3 111 237 196 35 40 44 232 103 101 192 158 143 222 150 241 73 71 137 206 278
22
293 109 264 209 117 51 17 230 29 93 66 155 247 290 55 81 158 145 46 96 192 12
22
293 216 256 245 19 259 148 32 134 208 129 211 198 272 34 9 120 217 51 159 33 60
22
293 22 279 259 162 251 72 158 79 219 76 167 217 58 99 255 273 160 44 73 152 266
22
293 169 72 21 176 178 124 218 121 43 36 154 102 38 132 158 242 166 155 137 273 234
22
293 66 133 221 241 78 258 7 284 153 282 118 255 21 270 8 159 75 2 84 178 11
22
293 44 144 230 284 257 158 43 120 40 94 241 215 27 185 109 197 157 124 103 33 186
22
293 238 289 122 70 248 111 267 52 59 3 192 9 205 177 200 26 124 189 103 223 208
22
293 92 82 276 272 175 178 292 231 86 221 24 202 195 105 214 197 256 107 121 249 275
22
293 128 31 59 256 28 156 191 142 6 147 284 41 235 38 225 34 103 220 40 124 158
22
293 173 10 207 49 27 232 266 246 225 149 289 106 291 88 176 122 31 188 284 79 206
22
293 224 213 116 51 271 73 266 2 246 284 87 287 99 20 227 158 82 135 104 166 210
22
293 81 51 251 107 265 159 54 144 185 269 101 209 30 68 11 262 206 241 168 236 124
22
293 37 188 259 284 158 173 216 191 28 101 123 217 21 180 200 33 42 169 127 161 51
22
293 232 15 107 24 208 47 45 238 289 268 230 125 156 75 286 4 246 115 145 74 235
22
293 59 152 99 174 283 129 243 7 211 196 187 154 183 38 102 226 68 124 201 77 19
22
293 271 170 68 223 265 273 184 50 144 181 51 278 147 43 167 168 176 140 245 230 23
22
293 245 17 64 177 208 144 200 73 104 119 156 70 36 250 54 150 224 244 166 237 234
22
293 162 30 49 243 235 126 205 50 215 121 108 41 282 46 264 227 229 226 67 138 85
22
293 267 202 138 222 280 5 96 25 97 215 209 89 70 50 283 246 181 218 90 18 165
22
293 78 73 15 204 10 275 170 263 200 284 189 122 66 103 74 172 45 95 166 71 271
22
293 108 210 247 112 70 13 278 85 236 185 41 149 84 188 19 240 91 146 225 282 229
22
293 28 71 164 67 12 104 241 94 134 163 190 151 114 266 98 201 135 287 2 229 42
22
293 176 130 235 138 190 185 287 191 290 32 135 156 268 253 17 157 201 216 71 84 193
22
293 122 200 106 117 130 118 174 287 84 251 182 203 156 159 13 21 260 146 271 255 145
22
292 149 204 275 28 265 48 241 126 106 191 177 180 89 103 136 178 29 32 161 123 181
22
292 181 76 154 281 290 40 16 222 25 245 176 6 194 274 125 52 45 135 233 171 173
22
292 87 24 184 140 221 247 186 50 185 159 56 214 245 207 89 282 51 137 77 203 45
22
292 43 240 54 211 92 126 144 232 3 38 59 203 79 223 160 176 18 2 42 72 76
22
292 159 15 68 241 212 109 226 200 235 112 186 204 130 269 154 262 72 58 144 237 126
22
292 255 76 55 124 168 7 244 152 92 221 45 47 201 34 142 252 24 268 130 213 38
22
292 50 150 41 110 32 226 78 113 288 129 61 259 49 254 118 21 289 35 52 66 162
22
292 21 211 172 37 191 215 231 12 134 74 34 19 96 192 4 72 75 51 271 209 174
22
292 197 18 85 99 235 152 27 296 2 257 289 95 61 49 138 190 270 87 281 96 274
22
291 129 148 192 204 20 32 46 16 217 42 119 67 58 145 63 54 143 198 255 190 201
22
291 185 62 110 160 9 220 57 63 262 111 7 16 260 41 15 227 271 245 79 204 6
22
291 154 224 58 83 49 278 46 84 267 34 153 27 50 181 105 120 28 62 197 246 130
22
291 70 29 143 287 97 142 262 215 118 147 126 255 21 39 247 229 210 196 34 176 169
22
291 228 218 27 45 286 127 150 30 121 204 173 200 32 142 160 128 130 63 79 254 131
22
291 24 137 247 184 281 8 36 50 228 55 160 185 250 187 53 245 189 27 285 209 251
22
291 156 279 276 190 137 254 234 95 132 118 109 179 12 206 143 229 9 159 280 28 216
22
291 62 259 280 112 24 219 276 176 114 237 141 277 254 14 109 79 81 234 115 251 195
22
291 113 210 65 143 231 186 200 29 34 80 18 136 206 8 269 72 204 147 10 273 259
22
291 10 46 109 204 23 207 190 97 102 53 12 265 50 132 198 101 124 272 118 247 32
22
292 121 203 24 170 146 224 267 3 191 97 63 259 197 128 49 150 243 221 260 91 80
22
291 44 18 195 123 289 151 215 76 51 266 218 261 112 26 246 199 71 229 205 21 95
22
292 162 193 52 62 11 57 280 249 115 198 254 257 86 77 33 289 136 259 126 87 208
22
292 115 274 81 230 59 66 83 275 58 5 15 18 206 190 123 253 102 47 16 244 264
22
291 175 24 203 168 221 78 121 275 45 110 144 172 71 268 106 262 165 266 28 134 68
22
292 278 250 223 234 53 109 93 55 26 122 157 127 51 257 103 11 60 222 18 284 31
22
291 250 161 89 15 174 204 83 178 277 67 251 54 273 198 20 91 283 266 21 286 288
22
292 6 289 50 283 83 154 77 238 250 92 141 53 110 24 155 11 285 79 274 31 38
22
291 186 23 36 279 233 229 217 196 158 121 237 274 80 151 82 276 181 283 277 61 19
22
292 141 276 65 174 262 285 161 77 13 261 110 60 133 63 147 99 112 118 159 220 91
22
291 11 165 45 19 28 244 254 189 111 71 100 139 242 56 160 260 42 37 109 121 172
22
292 49 122 120 127 24 110 114 203 129 168 265 44 41 155 56 3 238 227 267 89 208
22
291 225 128 283 274 45 195 31 222 147 124 7 200 220 236 157 38 42 32 76 33 160
22
292 109 174 65 118 58 178 288 188 95 230 156 212 61 112 33 76 180 133 259 210 143
22
291 285 75 92 189 139 78 57 275 192 238 281 88 71 74 4 42 202 193 171 52 101
22
291 49 201 269 134 227 116 251 98 92 188 28 13 157 100 62 232 258 3 149 45 35
22
292 33 230 165 36 118 183 49 104 164 21 218 100 229 95 54 209 2 200 256 99 112
22
291 134 212 15 110 69 111 93 104 218 38 287 99 226 176 208 155 47 264 153 244 230
22
291 200 203 171 189 202 20 265 212 113 210 144 191 260 63 208 196 271 97 175 38 149
22
292 119 171 105 27 134 190 74 284 142 34 133 68 193 22 13 103 2 45 265 151 195
22
292 288 102 159 98 15 273 106 22 181 52 116 213 244 259 149 57 81 284 89 220 223
22
291 45 160 4 198 176 185 82 282 208 287 261 114 17 58 125 211 190 155 56 94 59
22
292 71 248 164 73 35 160 84 143 161 205 244 141 247 50 233 211 18 238 44 147 257
22
291 55 193 224 225 245 48 194 158 46 47 153 154 259 162 206 218 53 100 19 123 229
22
290 210 178 13 138 248 96 256 281 8 45 145 48 249 269 101 68 216 53 159 111 168
22
290 279 37 169 282 234 76 197 230 41 70 43 88 110 81 139 47 26 138 34 231 223
22
290 260 63 5 163 2 212 40 202 153 16 261 181 249 166 17 119 281 237 122 60 257
22
290 4 26 276 34 254 102 191 63 193 274 213 60 199 243 104 201 168 285 141 67 113
22
290 88 54 247 153 89 221 112 235 234 253 117 115 77 214 12 196 281 97 38 24 72
22
290 68 247 124 71 139 168 263 185 236 50 101 238 46 138 189 159 78 257 214 4 169
22
290 66 61 256 53 247 166 107 49 150 245 21 65 252 172 165 27 58 151 249 194 242
22
290 32 157 232 38 235 216 112 140 272 116 136 151 90 35 231 64 52 182 261 280 276
22
290 26 285 223 10 82 262 163 35 278 258 127 50 123 121 207 279 115 65 209 88 103
22
290 189 42 40 289 246 239 131 169 53 164 213 142 121 89 204 118 57 233 138 108 65
22
290 237 128 118 89 43 175 214 204 99 26 146 253 240 104 5 49 31 248 143 92 245
22
290 240 142 97 175 36 113 235 35 210 211 281 228 124 81 57 257 232 14 83 280 278
22
290 280 161 254 64 205 14 44 7 124 282 55 208 270 29 128 238 138 231 193 112 126
22
290 11 62 242 288 208 48 259 149 5 178 96 142 243 183 239 14 27 256 52 37 216
22
290 74 78 200 12 132 130 5 271 120 99 275 261 194 197 287 49 218 226 249 6 184
22
290 100 264 75 252 272 54 35 129 37 122 137 288 32 9 74 248 223 206 273 67 26
22
290 96 196 75 174 253 47 172 29 94 203 272 209 104 82 15 132 197 106 7 178 204
22
290 226 258 206 192 184 95 12 142 217 149 9 136 208 205 233 57 4 20 196 135 2
22
290 186 251 234 54 277 213 7 16 276 52 115 75 272 192 270 76 158 160 123 173 232
22
290 41 23 134 288 205 199 217 143 54 251 179 187 108 141 254 8 6 269 91 82 16
22
290 8 61 106 179 241 258 105 273 203 110 102 248 278 15 269 40 162 177 93 70 94
22
290 106 278 228 78 220 266 286 245 274 79 77 203 86 240 276 239 51 14 156 170 210
22
290 211 72 215 201 224 152 204 55 192 150 42 113 101 30 32 135 141 154 232 139 35
22
289 262 23 251 12 117 77 155 104 174 100 88 209 157 120 197 91 32 141 63 238 260
22
289 238 55 33 223 84 229 130 181 41 204 278 67 90 10 226 104 87 164 287 77 112
22
289 84 236 91 189 156 152 246 100 249 14 90 146 166 140 59 179 263 279 126 198 123
22
289 30 35 224 171 160 9 99 36 139 77 70 52 23 3 253 39 200 242 50 56 221
22
289 199 257 5 287 100 184 125 255 3 104 249 95 170 192 102 231 71 197 60 145 268
22
289 265 68 4 55 273 193 3 118 125 95 212 10 256 201 269 149 159 5 239 72 200
22
289 250 53 47 188 207 107 258 119 106 29 265 179 259 88 223 12 262 13 8 110 51
22
289 285 260 89 135 186 253 232 286 277 225 60 219 222 276 284 267 140 145 126 220 189
22
289 157 18 199 8 165 109 30 121 105 21 93 28 98 246 49 188 206 126 247 5 57
22
289 271 74 52 164 77 128 16 43 79 240 231 50 256 228 276 266 19 121 217 59 13
22
289 85 231 200 3 34 171 282 193 127 163 109 280 16 140 217 20 57 134 100 122 49
22
289 15 212 91 161 34 137 20 117 214 118 196 257 135 6 116 115 234 232 191 208 181
22
289 288 108 121 168 284 197 67 256 59 96 109 81 260 173 194 278 253 4 169 279 246
22
289 87 66 214 238 120 41 275 17 164 143 233 72 55 108 249 127 59 287 122 204 62
22
289 154 62 119 72 239 184 52 105 247 100 213 75 143 196 227 175 17 50 9 6 69
22
289 82 123 261 262 3 57 242 116 164 221 19 64 109 148 204 194 7 104 146 67 254
22
289 19 22 37 123 57 150 94 148 135 144 4 234 13 74 155 2 201 91 182 145 174
22
289 97 69 44 232 46 135 111 203 12 68 266 90 124 146 131 201 245 56 252 142 139
22
289 142 157 70 265 171 29 246 159 261 58 183 107 17 205 125 36 151 255 44 137 50
22
289 218 46 255 213 263 260 133 193 165 155 63 204 67 35 157 163 150 47 15 205 151
22
288 71 64 88 215 50 268 261 188 122 262 26 146 27 282 185 284 147 18 94 25 283
22
288 118 101 265 125 231 6 10 141 198 132 20 217 38 181 34 90 4 66 9 54 153
22
288 120 51 182 106 265 35 177 223 183 179 75 154 205 98 287 2 172 136 161 220 261
22
288 149 193 201 116 239 254 236 202 8 247 42 91 52 225 182 192 233 212 139 253 241
22
288 213 91 130 252 188 262 48 27 92 269 220 169 131 63 223 58 255 266 243 18 93
22
288 122 32 95 150 158 50 205 61 111 21 195 207 153 226 168 12 81 62 247 25 209
22
288 186 95 138 47 9 215 235 146 216 58 274 21 45 203 2 24 130 255 192 190 77
22
288 138 28 82 182 38 53 212 112 68 19 56 134 271 205 176 33 238 8 85 149 37
22
288 7 158 250 258 204 199 244 212 224 49 132 47 262 26 142 264 86 113 33 182 69
22
288 115 182 199 279 11 5 53 97 90 287 98 255 13 74 187 194 201 252 169 140 151
22
288 284 261 47 215 85 75 18 118 225 9 234 56 62 134 176 59 33 137 262 42 187
22
288 227 255 155 2 5 199 94 147 244 197 264 51 53 91 58 77 202 130 149 239 65
22
288 170 75 270 269 128 34 120 169 229 63 94 243 180 207 5 72 23 93 44 252 73
22
288 282 144 286 81 238 224 105 8 28 234 92 270 89 30 95 191 18 177 122 218 143
22
288 278 51 104 20 273 32 217 129 79 100 257 63 210 153 60 184 137 13 237 76 164
22
288 266 66 214 176 248 4 110 198 78 283 67 253 175 264 138 167 76 252 183 56 195
22
288 263 169 99 175 31 91 46 183 86 137 70 2 267 246 16 122 45 258 121 286 219
22
288 234 37 198 124 100 76 250 131 254 202 3 195 105 50 157 41 273 237 213 111 8
22
288 220 99 61 176 110 121 155 161 122 6 34 59 68 25 14 67 287 100 24 3 194
22
288 19 166 231 44 121 79 39 206 34 140 165 281 142 195 133 276 173 21 264 215 67
22
288 12 228 272 273 76 134 91 275 262 70 87 201 140 267 138 209 100 233 36 283 181
22
288 191 64 129 13 21 245 94 145 118 121 59 29 218 228 131 44 88 87 65 165 140
22
288 56 114 64 214 42 174 120 23 98 141 202 162 219 36 259 62 59 96 242 239 51
22
288 17 267 234 179 181 173 137 122 24 215 235 140 48 32 218 45 189 18 118 223 21
22
287 58 84 281 264 266 16 123 209 63 59 69 162 39 20 113 278 98 180 236 52 270
22
287 208 226 67 205 259 262 130 232 134 273 252 154 61 95 137 162 198 157 223 65 244
22
287 29 32 13 160 34 154 246 253 200 40 163 229 183 265 161 15 177 19 202 209 128
22
287 254 57 105 200 164 174 251 261 247 97 93 163 235 101 119 110 265 8 44 238 269
22
287 256 264 210 132 26 123 186 158 223 176 159 136 153 48 67 130 117 270 170 79 53
22
287 193 172 219 278 125 165 68 82 29 195 101 169 176 63 99 194 276 14 211 231 199
22
287 242 235 38 245 148 104 262 4 199 249 232 103 36 228 31 243 65 267 68 143 186
22
287 4 201 101 159 78 41 169 238 71 233 72 111 229 200 92 225 208 46 237 275 48
22
287 215 112 97 115 117 265 284 60 38 269 75 216 88 154 262 51 283 153 158 59 285
22
287 105 187 37 137 12 59 23 139 62 162 17 28 19 60 8 257 68 174 100 170 153
22
287 49 188 203 46 257 207 153 56 275 236 204 161 197 97 63 163 162 15 62 39 126
22
287 78 13 66 96 58 237 98 193 210 140 95 186 209 109 255 27 86 88 97 206 177
22
287 250 57 166 20 273 226 117 236 151 136 241 255 76 158 98 18 219 26 183 47 53
22
287 140 149 86 228 280 157 247 176 25 101 33 119 216 207 121 81 181 217 218 19 265
22
287 216 264 191 227 243 94 130 46 167 10 207 173 42 105 188 214 166 107 96 274 21
22
287 94 240 166 192 124 224 2 43 247 153 282 18 110 132 270 269 147 27 50 133 220
22
287 65 262 18 241 186 72 150 210 85 178 112 199 269 60 276 279 265 13 116 257 156
22
287 114 12 10 121 190 94 54 72 71 93 109 173 100 206 251 195 134 29 15 211 278
22
287 209 56 236 251 8 151 127 54 146 40 253 255 5 76 135 4 238 264 187 186 177
22
287 44 230 248 223 203 9 96 46 29 6 128 267 68 165 227 153 56 61 4 100 206
22
287 9 165 60 71 135 258 96 5 164 190 15 42 229 132 79 206 20 267 180 121 80
22
287 139 44 15 226 129 10 147 244 266 59 238 216 30 191 212 65 45 47 11 12 241
22
287 156 121 273 130 272 147 262 97 126 162 116 260 68 32 170 74 265 96 212 227 9
22
287 280 19 216 44 142 250 54 228 119 151 166 253 233 238 160 72 256 45 69 6 188
22
287 83 93 228 63 155 7 231 41 187 131 23 217 189 222 185 88 250 31 119 39 283
22
286 192 147 14 254 43 154 137 253 117 100 26 167 258 70 88 62 148 215 285 139 111
22
286 197 137 34 260 194 52 147 231 51 113 248 95 206 210 245 14 4 243 225 281 163
22
286 241 9 282 208 47 261 95 33 258 162 205 8 185 239 21 197 195 85 4 259 201
22
286 64 48 36 225 65 44 162 244 261 102 262 127 123 5 98 270 2 91 177 60 196
22
286 199 190 85 171 156 67 102 6 119 268 42 95 71 193 82 174 144 246 93 2 279
22
286 93 168 259 26 264 89 204 123 95 68 17 223 192 98 263 64 2 262 209 248 49
22
286 265 23 115 86 186 173 79 118 211 248 270 243 7 9 98 102 167 220 214 203 131
22
286 243 245 233 255 93 18 7 58 267 41 90 213 25 117 110 35 73 80 155 76 212
22
286 67 169 69 216 269 257 87 72 185 204 250 211 249 62 75 234 2 212 8 30 150
22
286 281 84 196 285 234 103 100 128 225 21 268 27 24 193 180 73 71 121 70 208 167
22
286 88 31 215 92 145 250 210 43 13 193 188 27 83 275 39 95 224 36 195 48 86
22
286 141 178 110 164 264 18 70 269 93 203 72 90 193 284 99 235 124 255 107 207 146
22
286 108 270 205 8 139 83 231 235 50 54 232 219 48 175 183 195 280 38 194 41 118
22
286 43 114 32 189 136 163 191 129 238 186 41 92 48 31 213 179 82 255 211 86 150
22
286 119 85 100 235 82 60 5 61 190 84 182 210 136 123 96 17 181 104 272 99 66
22
286 127 284 224 72 29 184 239 253 122 5 89 15 158 102 181 48 18 220 40 111 215
22
286 262 157 234 237 257 174 163 213 230 66 221 2 93 16 178 77 168 187 171 94 46
22
286 77 148 23 208 136 42 263 220 97 5 11 60 262 280 37 142 130 218 83 116 196
22
286 11 267 140 40 160 171 194 112 97 142 106 71 15 257 209 73 65 96 167 103 285
22
286 238 55 32 113 236 86 201 242 175 90 173 7 107 23 279 14 145 103 272 204 39
22
286 9 160 257 40 186 134 138 74 60 166 256 237 41 108 238 125 163 73 266 127 255
22
285 149 246 102 33 230 227 130 203 40 249 220 56 156 120 97 12 202 90 81 23 269
22
285 9 87 263 196 122 67 95 44 195 4 172 75 235 7 272 109 261 43 283 240 141
22
285 140 101 174 60 267 258 4 147 214 279 56 231 6 263 3 211 222 271 82 17 83
22
285 130 126 33 190 123 271 93 26 228 31 131 268 264 171 174 67 241 207 133 81 277
22
285 14 211 235 278 31 111 263 172 200 148 6 77 124 256 269 171 221 232 128 153 220
22
285 148 3 85 138 200 219 6 102 272 281 282 252 69 127 27 99 171 28 197 258 60
22
285 267 35 247 199 277 145 163 99 102 211 45 91 31 140 244 55 236 100 58 86 200
22
285 153 83 223 206 218 2 70 126 276 124 260 134 21 30 267 220 215 88 159 6 5
22
285 218 154 85 179 252 55 277 221 257 149 24 95 147 234 114 224 292 33 276 223 41
22
284 25 222 183 132 108 182 178 238 204 162 191 133 58 117 259 92 175 251 214 268 275
22
284 254 87 178 249 220 280 149 52 181 122 243 259 36 264 146 30 246 82 227 199 62
22
284 93 78 259 229 80 210 137 27 13 65 244 120 262 6 32 194 139 129 113 237 165
22
284 143 283 209 58 213 183 124 106 133 255 88 89 275 19 245 86 71 267 13 235 128
22
284 86 104 159 30 259 136 245 226 237 199 55 189 255 138 267 227 183 225 248 202 70
22
284 89 247 281 271 250 262 48 283 92 21 178 245 86 118 128 255 126 267 18 103 154
22
284 92 74 14 65 205 203 103 202 194 212 172 82 266 91 171 97 279 81 17 66 57
22
284 204 166 208 58 189 134 116 252 69 188 86 186 231 218 20 143 44 43 30 89 5
22
284 115 4 201 250 18 205 134 57 196 195 90 175 127 136 234 30 167 157 155 153 281
22
285 252 52 278 209 255 183 75 21 188 101 121 201 267 103 113 25 167 211 144 124 200
22
284 260 63 129 16 24 155 120 184 47 106 26 157 121 58 103 238 239 226 255 227 198
22
285 81 22 119 69 225 282 16 214 72 197 101 230 20 228 237 223 204 107 59 241 130
22
285 269 248 199 179 206 79 128 140 276 77 2 234 34 137 226 172 273 119 163 225 134
22
284 98 66 171 129 133 122 174 201 99 107 241 170 63 167 77 48 229 153 91 193 110
22
285 92 115 283 71 82 40 98 5 130 95 137 54 157 33 103 156 281 180 32 15 131
22
284 237 72 263 216 131 2 168 75 256 255 247 100 160 199 5 68 155 175 97 187 245
22
285 175 34 56 64 208 105 133 179 189 174 214 17 186 233 178 109 230 96 128 127 12
22
284 256 74 271 268 236 188 221 243 49 209 61 245 75 69 83 183 79 146 172 76 123
22
284 121 247 70 176 267 20 244 270 223 243 26 23 254 217 167 224 33 106 21 236 91
22
283 181 172 26 45 208 185 31 16 35 8 278 146 99 228 125 15 203 212 136 242 98
22
283 278 100 163 169 150 127 159 212 271 221 175 36 62 266 137 136 49 182 107 238 149
22
283 75 215 272 135 259 51 18 193 90 84 202 188 270 250 197 138 111 200 220 98 213
22
283 220 101 25 122 231 201 152 71 7 34 4 109 204 244 176 209 259 260 35 237 247
22
283 258 223 126 228 182 62 85 3 255 76 124 72 46 135 279 160 100 200 259 163 67
22
283 122 51 210 25 221 52 93 45 59 65 152 277 259 272 138 41 43 16 256 205 200
22
283 242 159 268 52 259 267 263 251 166 99 70 23 256 205 194 243 275 49 217 149 67
22
283 79 21 98 245 199 209 266 171 109 91 161 10 146 157 241 176 12 217 201 13 144
22
283 109 228 31 213 19 16 255 50 195 194 198 9 210 69 4 127 28 269 206 75 5
22
283 7 21 210 38 135 112 53 175 203 78 209 104 84 114 207 72 66 116 199 218 115
22
283 107 171 177 188 191 184 143 19 23 61 64 58 261 233 124 200 120 246 147 139 21
22
283 42 200 89 24 235 29 142 122 13 103 3 144 246 177 25 270 19 141 91 267 232
22
283 65 40 54 193 153 129 227 258 200 5 211 267 103 125 106 173 147 49 6 226 277
22
283 106 23 218 246 130 217 256 127 227 59 203 46 75 64 272 234 237 44 49 19 243
22
283 46 254 27 38 62 127 133 255 145 124 171 22 213 217 101 259 242 16 17 97 74
22
283 216 50 282 124 219 194 94 221 116 170 97 181 246 222 101 54 49 85 21 4 142
22
283 164 94 147 148 150 263 76 79 99 266 85 10 25 170 118 268 190 221 52 227 149
22
283 155 228 245 14 198 256 48 42 254 259 239 44 174 81 232 113 16 34 62 231 208
22
282 100 2 269 30 189 172 95 180 234 218 89 160 200 20 103 91 32 94 202 163 122
22
282 94 91 89 260 191 248 182 60 102 253 249 55 199 24 124 255 179 244 47 56 18
22
282 27 25 161 145 101 241 146 87 84 6 206 180 115 242 46 224 252 272 26 141 253
22
282 153 2 250 41 273 199 85 212 106 118 96 143 215 223 123 58 279 108 3 26 135
22
282 131 126 269 169 175 272 260 232 7 47 112 2 71 63 268 151 264 102 105 177 122
22
282 232 39 275 236 73 63 208 3 209 60 136 138 71 23 265 233 53 260 135 120 34
22
282 233 247 263 232 250 50 35 166 138 224 136 40 126 116 181 92 80 101 277 262 259
22
282 211 48 176 63 242 160 79 273 210 224 106 47 248 204 82 207 245 16 144 14 13
22
282 276 244 179 70 78 79 271 3 19 91 48 24 67 245 49 145 257 222 187 221 97
22
282 115 259 50 148 213 93 74 203 73 269 249 52 89 119 167 55 6 12 22 62 86
22
282 173 189 172 272 276 279 14 126 96 75 99 262 201 119 204 13 48 26 4 29 92
22
282 272 172 2 168 250 210 275 78 45 239 17 219 86 27 213 75 48 98 232 145 51
22
282 99 259 267 94 180 107 135 21 210 246 6 202 249 134 241 113 115 274 27 56 141
22
282 123 87 206 109 267 143 146 281 244 264 240 63 225 217 60 270 253 235 138 53 170
22
282 245 176 241 134 123 206 273 184 118 107 82 250 38 103 65 44 222 6 244 207 47
22
282 5 209 13 185 12 231 241 8 6 279 260 130 203 11 181 271 85 259 14 276 141
22
282 59 256 161 274 169 196 57 177 36 29 198 67 72 91 25 218 210 206 70 252 37
22
282 116 214 97 35 28 241 144 10 112 66 86 183 207 17 88 48 176 9 266 61 44
22
282 112 270 202 259 212 8 140 159 12 5 209 241 26 6 274 203 4 118 148 127 103
22
282 26 70 197 77 241 149 68 231 108 131 52 34 134 267 232 98 62 155 213 135 86
22
282 83 243 113 169 116 23 213 46 220 31 59 56 227 261 242 164 197 206 49 193 52
22
285 189 151 180 9 167 113 49 58 133 56 266 280 47 220 225 257 85 12 82 203 182
22
281 18 276 96 79 233 2 141 190 228 21 26 235 225 39 65 118 196 155 199 161 223
22
281 181 200 150 56 26 84 3 278 145 261 71 85 80 141 34 127 239 64 276 228 22
22
281 81 20 260 183 85 80 19 203 277 264 67 238 217 235 160 116 228 3 132 41 209
