22
1 498 152 334 459 97 222 19 308 403 82 406 129 417 250 284 261 333 47 267 206 489
22
1 404 481 41 251 153 134 235 220 444 258 25 180 329 296 35 417 411 77 138 130 265
22
1 374 221 308 340 116 358 241 111 408 286 128 86 349 278 266 430 287 148 337 170 242
22
1 180 47 311 119 210 22 347 96 419 244 284 218 288 176 313 263 421 73 207 184 149
22
1 280 491 366 391 21 100 170 48 31 309 428 483 267 441 301 486 281 403 419 432 415
22
1 116 29 8 495 263 291 496 92 269 187 403 468 80 121 44 215 392 484 33 467 477
22
1 257 481 435 75 122 192 81 350 181 83 369 153 231 159 441 19 17 425 68 53 42
22
1 347 349 434 307 398 84 229 477 329 387 466 326 235 319 285 37 131 120 181 428 402
22
1 485 231 56 63 376 411 465 260 219 167 9 252 430 481 394 50 311 313 449 340 22
22
500 275 421 267 371 301 110 482 175 128 29 396 45 376 398 281 497 84 399 68 76 182
22
500 134 423 84 108 216 122 354 167 124 202 232 412 264 62 25 160 222 310 58 262 407
22
500 326 138 237 214 295 128 35 223 430 427 407 149 20 114 11 132 255 319 278 31 356
22
500 219 227 405 417 134 35 135 398 74 162 497 13 118 302 144 384 328 76 473 465 495
22
500 413 336 462 54 67 261 124 42 55 48 419 241 440 169 152 273 191 149 214 31 489
22
500 310 55 242 479 352 369 107 406 420 458 236 468 423 375 325 367 182 6 239 121 135
22
500 19 354 52 168 260 478 83 175 172 472 22 250 90 81 275 368 40 207 475 439 166
22
500 216 72 152 370 361 282 66 382 365 5 272 483 170 145 191 343 398 446 83 381 190
22
500 313 183 109 286 173 458 129 268 223 101 52 421 120 336 322 266 139 88 133 278 408
22
500 302 47 214 102 426 457 166 378 487 401 475 365 363 101 149 379 210 229 89 469 206
22
500 236 80 329 253 127 119 163 481 299 135 342 488 42 170 17 415 29 384 386 363 392
22
500 487 308 43 64 396 139 182 190 289 163 274 402 81 372 435 144 361 128 221 469 214
22
500 293 119 371 204 362 31 392 290 308 263 97 319 68 270 209 224 37 422 404 235 452
22
500 99 52 417 364 453 79 132 288 439 401 191 269 381 237 394 438 222 421 118 208 497
22
500 17 280 303 446 108 410 319 350 137 6 433 4 369 495 498 55 436 139 276 465 419
22
500 211 96 210 166 87 99 426 192 380 428 111 311 191 463 398 235 356 241 205 326 224
22
500 135 439 108 400 432 133 386 34 307 495 304 482 163 75 316 384 192 283 378 2 190
22
1 344 81 228 483 380 149 88 424 127 130 8 354 452 253 321 461 240 396 34 422 307
22
1 438 268 420 264 15 480 196 380 440 3 288 255 416 390 206 417 246 317 366 275 60
22
500 43 176 119 80 423 225 115 475 409 434 16 375 228 138 490 149 482 260 90 178 129
22
500 334 71 159 53 89 422 157 276 74 350 43 442 264 249 124 180 219 368 459 364 162
22
500 363 249 359 341 42 264 443 398 380 353 365 440 100 267 468 103 6 320 57 361 457
22
500 266 477 122 190 212 44 168 454 241 339 243 30 146 11 326 449 383 262 376 59 206
22
500 174 250 445 337 364 233 325 76 490 440 201 127 478 313 307 69 410 416 99 157 281
22
500 221 78 142 67 215 101 167 430 136 331 464 126 416 355 467 283 281 279 336 134 150
22
500 318 81 354 366 315 190 306 452 488 414 497 372 147 219 117 450 42 301 207 66 198
22
500 59 303 423 419 338 84 167 134 431 310 469 17 373 31 466 26 140 109 480 130 55
22
500 447 76 20 17 51 367 473 418 463 204 265 493 347 468 130 261 405 206 280 400 238
22
500 106 24 58 74 253 246 155 467 330 498 474 276 171 39 478 119 468 227 76 117 254
22
500 439 282 489 422 448 309 106 121 420 63 44 459 176 454 27 129 67 366 187 15 245
22
500 148 434 181 71 167 463 304 182 387 231 247 55 25 325 436 221 407 195 305 343 204
22
1 220 250 9 349 11 187 500 204 212 177 71 458 106 266 122 460 244 300 26 254 410
22
1 32 331 88 271 452 86 155 138 114 399 45 410 85 26 157 378 219 255 131 126 275
22
1 420 224 267 217 234 36 499 30 242 285 231 119 413 142 358 459 188 9 32 163 269
22
500 10 19 257 188 124 133 263 388 67 463 207 254 150 338 40 229 380 450 2 197 52
22
1 36 123 4 323 461 34 170 226 437 3 382 268 155 332 189 482 454 415 466 134 290
22
500 452 377 441 407 126 178 455 275 351 84 10 364 228 91 257 185 198 180 53 477 138
22
1 224 364 494 254 42 398 138 405 83 126 25 340 410 41 445 143 283 213 22 444 305
22
500 170 129 261 200 240 395 16 114 108 12 79 56 272 353 457 350 373 78 45 10 93
22
1 95 25 397 330 69 203 53 274 308 457 59 469 346 315 320 294 82 77 429 161 478
22
500 311 482 199 48 454 215 232 315 273 316 133 357 223 167 292 416 214 470 66 101 271
22
1 48 148 55 448 463 168 210 287 366 479 158 459 423 413 83 396 181 18 111 32 66
22
500 408 184 269 422 78 108 225 161 84 492 413 180 122 360 97 316 431 65 458 294 129
22
1 281 229 336 425 456 83 437 187 318 48 423 130 167 126 401 343 458 382 465 57 264
22
500 74 491 463 121 426 145 232 318 308 212 397 161 311 94 14 179 200 342 294 128 415
22
1 4 142 275 79 153 335 362 429 452 209 30 436 27 32 311 408 439 188 127 337 450
22
500 462 143 488 318 177 5 191 95 413 103 100 85 254 55 157 233 448 228 479 117 93
22
1 51 76 441 207 476 184 152 378 413 415 335 484 80 142 66 192 89 34 73 264 108
22
500 215 374 474 331 489 399 456 66 289 260 462 434 89 209 321 320 317 266 451 368 71
22
1 270 15 246 446 11 484 447 405 277 479 171 308 51 414 400 9 376 253 434 312 141
22
500 21 3 85 394 456 207 384 494 485 134 149 274 65 361 418 304 279 359 12 387 132
22
1 76 247 149 471 295 330 360 212 106 219 61 114 496 430 94 356 334 349 202 370 167
22
500 152 372 381 4 341 44 37 269 290 54 228 370 448 175 266 86 443 221 246 195 98
22
1 20 312 156 95 30 239 182 384 456 110 281 370 273 178 18 208 422 184 293 143 197
22
500 346 269 149 133 66 51 220 459 132 385 472 63 141 335 290 151 28 497 275 264 298
22
1 214 373 369 398 449 61 67 269 440 248 29 93 274 206 83 243 418 21 11 343 475
22
500 249 165 292 319 304 326 255 37 198 471 43 248 476 281 417 247 343 222 390 497 232
22
1 255 490 471 140 400 291 450 390 159 73 201 315 370 371 88 368 36 26 184 487 178
22
500 470 215 80 207 431 203 378 127 284 30 188 451 328 302 441 10 185 4 244 379 113
22
1 443 267 23 130 427 298 233 489 314 29 260 269 313 448 268 138 437 41 110 171 446
22
500 179 388 261 491 159 170 461 420 13 256 173 361 371 379 260 366 291 196 181 212 378
22
1 273 272 159 402 426 445 149 392 126 46 219 67 396 278 462 485 52 370 177 369 301
22
500 47 29 338 304 229 348 135 205 207 43 120 192 286 123 239 159 171 433 350 132 106
22
1 85 164 227 14 386 175 459 317 289 90 469 308 333 8 451 286 160 60 293 337 62
22
500 241 213 490 48 258 428 243 312 59 422 466 1 479 402 191 307 360 18 377 150 283
22
500 473 89 444 189 43 317 227 296 261 247 478 175 223 389 417 64 8 12 307 28 206
22
500 26 281 29 148 152 81 466 121 32 452 463 237 94 287 459 151 319 13 187 160 118
22
1 315 136 143 373 498 280 477 68 428 355 176 357 417 252 300 214 350 103 268 326 404
22
500 353 360 141 432 230 190 112 22 67 5 146 108 419 476 475 52 273 65 436 332 207
22
1 412 499 373 357 367 223 246 466 315 361 326 216 354 413 74 228 79 111 129 455 81
22
500 450 198 39 67 199 80 281 479 312 127 251 444 71 45 424 224 324 395 204 406 323
22
1 409 481 396 227 94 445 367 320 414 303 35 140 391 312 80 184 412 450 74 87 293
22
500 143 470 409 190 281 91 361 487 84 298 136 454 17 439 131 32 405 313 77 387 460
22
1 334 423 332 201 121 191 210 434 179 161 192 454 64 318 468 337 229 82 81 278 424
22
500 337 146 399 200 154 331 121 482 102 35 367 216 451 148 384 68 144 314 375 416 174
22
1 237 332 456 361 268 14 256 367 404 188 417 487 472 439 228 276 365 138 373 383 309
22
500 83 46 418 401 440 270 306 9 85 455 272 145 329 391 168 16 211 425 382 143 454
22
1 146 62 401 154 406 469 55 455 225 258 99 482 424 473 380 400 485 294 24 252 397
22
500 489 23 412 397 461 229 179 258 162 12 105 57 122 166 89 347 233 392 379 182 448
22
1 168 87 407 480 421 71 336 228 196 138 276 497 38 223 343 410 464 73 492 225 447
22
500 248 144 84 163 439 126 332 359 113 241 19 119 37 414 305 293 49 286 102 364 203
22
1 459 26 378 260 245 476 225 63 366 389 136 281 231 299 276 183 12 111 458 188 88
22
500 345 269 451 442 305 422 407 274 400 173 70 431 494 156 483 89 37 362 243 217 487
22
1 393 230 377 296 386 83 337 381 380 497 23 174 338 110 268 240 113 33 273 186 357
22
500 385 163 132 441 50 86 375 28 55 409 70 237 109 239 112 371 464 223 1 440 35
22
500 191 297 102 461 415 476 17 258 250 385 155 75 18 98 26 104 439 220 365 69 391
22
500 482 36 407 177 52 466 412 381 55 127 154 115 184 121 382 197 146 450 189 431 397
22
1 282 352 372 171 432 181 406 216 154 162 214 488 220 462 297 393 207 375 229 60 11
22
500 94 69 294 315 458 285 222 134 49 306 203 96 245 217 462 65 248 338 5 428 23
22
1 235 444 494 350 394 370 277 285 128 456 333 194 26 7 239 18 486 378 48 97 391
22
500 445 179 322 209 105 339 342 192 60 434 401 295 425 197 490 145 350 426 273 129 443
22
1 332 81 472 342 436 235 205 66 439 425 391 31 78 187 63 269 248 473 267 355 115
22
500 348 38 29 245 402 284 224 444 445 66 353 490 436 148 481 342 198 321 24 429 114
22
1 138 229 359 151 465 364 118 14 417 308 236 413 152 95 379 473 173 398 367 210 240
22
500 251 300 249 32 464 214 65 60 303 190 51 222 157 413 125 187 199 168 349 169 55
22
1 100 473 270 22 455 368 177 275 361 171 9 257 282 158 362 196 486 332 469 220 268
22
500 274 375 390 331 196 1 294 297 431 205 454 292 191 200 374 397 409 458 335 263 203
22
500 468 143 183 156 289 234 327 209 8 181 115 375 293 330 445 454 98 414 144 204 43
22
500 371 173 351 25 363 61 89 352 294 394 323 395 10 462 433 101 130 407 256 243 265
22
1 369 436 182 456 327 112 274 207 398 165 87 484 24 287 321 118 130 91 70 2 391
22
500 428 446 496 42 495 478 223 105 241 116 373 308 387 448 453 214 394 226 253 345 209
22
1 413 355 238 393 304 232 482 326 175 176 382 488 29 4 385 108 325 298 39 459 32
22
500 194 123 82 34 367 87 135 496 465 341 335 457 202 79 146 46 397 376 218 242 97
22
1 122 494 64 412 378 291 42 19 350 229 125 445 203 425 200 233 429 17 355 44 189
22
500 485 447 24 172 141 44 136 84 454 10 499 281 47 126 235 11 246 272 306 384 406
22
1 460 332 320 225 374 412 471 22 181 479 499 93 468 482 256 151 174 144 146 384 154
22
500 306 237 378 338 58 455 77 484 315 334 216 295 86 191 491 256 299 397 92 410 323
22
499 102 290 289 438 420 59 267 261 232 385 390 402 21 496 89 484 353 444 127 392 88
22
499 149 145 257 476 211 37 311 20 285 225 52 389 427 492 7 114 312 193 368 232 91
22
499 217 220 198 203 23 383 108 422 124 477 85 211 378 112 162 148 92 141 291 249 216
22
499 487 451 450 480 141 385 196 195 389 89 96 439 49 15 199 459 217 126 221 61 111
22
499 216 458 448 176 159 365 456 50 385 99 459 314 335 416 100 179 268 143 86 473 287
22
499 119 90 363 14 362 490 3 492 454 423 265 442 208 234 101 324 296 95 185 480 138
22
499 37 111 167 29 201 187 28 363 349 266 280 189 194 240 297 244 203 34 76 347 68
22
499 40 370 471 369 98 14 168 233 147 451 62 498 409 122 339 236 319 166 277 91 481
22
499 242 388 442 464 81 308 125 166 374 475 440 109 198 485 350 97 197 199 262 215 377
22
499 26 245 123 248 448 350 291 19 204 462 142 105 35 237 424 194 99 83 434 212 184
22
499 379 85 405 22 143 227 241 469 267 73 298 4 482 118 92 199 456 147 28 54 180
22
499 3 170 179 130 409 424 335 28 245 126 265 5 135 141 244 332 312 216 361 368 347
22
499 488 389 380 306 379 88 409 230 330 323 66 233 415 44 165 139 80 286 393 489 430
22
499 333 388 202 229 222 261 134 131 186 183 195 375 99 374 52 486 97 100 367 463 151
22
499 236 347 8 89 387 60 448 444 36 125 452 369 469 73 61 208 140 303 472 148 497
22
499 380 77 434 166 227 168 39 137 443 336 33 371 367 172 238 52 154 259 72 346 366
22
499 477 132 150 183 54 321 353 296 480 282 332 366 443 172 47 320 237 10 305 325 7
22
499 104 191 29 165 311 173 157 350 45 36 140 339 89 16 185 189 388 399 482 215 180
22
499 7 22 421 353 67 296 92 78 368 250 482 87 171 300 346 410 356 43 314 429 381
22
499 298 251 135 335 222 358 104 305 275 76 303 278 141 147 404 143 368 211 250 288 158
22
499 301 210 398 110 240 117 375 296 251 293 439 437 332 66 191 352 457 248 410 292 385
22
499 198 194 205 412 97 488 4 441 200 75 300 399 266 152 211 347 312 215 86 385 109
22
499 392 144 181 386 417 17 211 65 240 408 148 12 410 253 332 363 111 317 189 476 13
22
499 115 128 131 413 66 179 318 412 340 245 364 475 296 308 28 480 16 495 442 417 261
22
499 21 302 492 263 106 434 457 24 313 30 132 253 216 411 399 473 357 273 32 372 77
22
499 61 405 458 395 398 13 478 384 92 149 453 26 145 484 62 90 436 77 233 247 190
22
499 39 325 45 377 278 44 40 204 274 378 206 99 124 383 286 97 68 407 162 217 437
22
499 427 413 163 362 393 394 460 473 243 459 120 380 406 285 4 97 367 478 290 307 90
22
499 13 195 469 144 184 414 3 76 109 285 433 333 100 340 148 400 464 275 173 26 167
22
499 53 86 144 99 218 145 387 106 143 271 355 141 103 406 188 204 80 58 87 275 104
22
499 247 378 109 9 191 449 167 177 7 265 343 199 158 69 250 229 139 218 395 123 345
22
499 194 11 155 262 238 343 79 340 115 409 471 472 362 244 19 57 233 441 292 175 317
22
499 6 226 350 342 4 100 76 168 145 203 128 34 66 329 9 288 445 263 341 432 472
22
499 377 431 11 214 200 489 477 320 289 109 197 241 355 332 98 366 172 240 211 259 480
22
499 474 137 346 216 144 428 275 298 366 289 303 31 6 32 81 249 155 272 436 319 360
22
499 353 463 450 258 21 165 435 54 111 425 397 383 239 309 175 108 256 496 283 344 63
22
499 32 73 158 276 298 182 174 104 77 83 441 336 411 141 297 341 326 389 360 432 375
22
499 486 291 433 165 409 277 338 344 164 126 459 455 133 260 148 179 245 73 129 20 332
22
499 292 149 390 340 406 207 13 98 413 254 169 206 296 123 285 336 23 148 174 298 288
22
499 109 133 136 405 449 75 106 193 276 104 465 244 310 328 49 165 162 21 99 412 152
22
499 163 265 458 348 371 77 365 137 121 476 408 34 32 470 446 390 339 477 29 429 284
22
499 66 232 133 271 161 52 348 274 184 220 392 85 70 293 245 176 441 148 127 277 144
22
499 315 169 18 276 295 183 216 97 123 112 356 412 49 359 345 156 142 199 7 218 456
22
499 403 439 278 233 431 399 379 159 30 35 462 36 43 486 426 225 193 179 195 48 408
22
499 209 100 468 194 371 238 304 135 460 76 459 148 224 162 118 23 439 125 271 479 261
22
498 110 143 325 407 419 242 332 197 289 346 175 496 186 359 442 88 362 50 239 115 317
22
498 207 401 237 107 115 176 65 146 289 481 5 24 296 361 474 234 4 18 54 299 467
22
498 232 230 233 445 169 406 304 44 205 177 383 142 490 385 344 284 77 346 167 274 49
22
498 162 75 386 464 175 61 43 384 368 117 167 80 446 223 202 263 424 205 466 161 487
22
498 444 408 19 198 178 441 245 129 363 367 158 481 296 164 320 431 264 416 294 6 314
22
498 250 360 463 258 118 230 427 460 464 301 159 321 471 387 494 313 403 497 474 193 430
22
498 300 302 71 479 358 480 108 58 144 331 2 342 489 453 317 368 383 433 255 296 167
22
498 106 112 256 305 45 239 240 308 331 325 353 75 251 196 110 287 418 360 416 316 237
22
498 488 211 42 154 381 466 258 242 44 496 83 344 215 65 123 256 208 237 150 105 432
22
498 327 303 225 289 101 421 401 123 62 478 264 178 53 354 476 483 261 24 102 484 100
22
498 32 373 485 304 50 380 212 443 306 282 154 129 169 65 220 489 259 388 396 357 233
22
498 129 361 377 43 187 56 71 385 32 194 230 405 352 69 236 153 379 347 421 404 472
22
498 226 403 218 220 297 322 366 277 241 64 341 423 311 229 235 302 465 435 57 202 378
22
498 430 186 262 144 112 397 201 310 187 153 476 445 222 215 451 194 257 390 102 37 420
22
498 383 464 398 149 196 147 210 391 454 188 298 168 128 422 95 382 473 450 399 79 412
22
498 181 255 402 344 21 487 236 111 22 356 136 123 81 55 224 453 329 203 474 484 391
22
498 142 296 267 33 481 446 317 77 295 377 442 348 3 173 123 410 441 424 27 338 291
22
498 433 312 409 32 382 34 455 86 291 480 205 272 51 189 415 405 389 332 341 58 432
22
498 486 171 150 456 435 386 229 429 63 212 346 354 488 308 425 87 178 65 100 326 195
22
498 348 100 420 388 105 344 307 7 435 12 269 16 401 414 304 380 474 222 49 466 355
22
498 318 24 14 127 171 347 485 112 53 420 244 239 434 344 225 101 44 182 13 430 283
22
498 29 138 132 56 168 419 334 310 478 238 69 286 191 158 397 483 294 113 338 9 36
22
498 324 412 145 494 427 129 392 473 125 368 189 227 454 193 336 252 31 491 253 128 84
22
498 421 166 86 348 488 279 14 221 429 339 136 402 202 472 15 172 193 239 333 382 225
22
498 465 376 126 71 94 130 418 34 188 158 106 265 264 87 91 105 81 61 334 443 97
22
498 70 487 6 115 85 361 337 154 32 481 349 74 139 187 291 286 120 10 108 293 63
22
498 361 434 109 61 414 389 379 444 311 241 297 138 381 478 397 286 74 261 306 191 466
22
498 305 433 355 493 491 359 10 249 349 405 486 365 419 220 485 268 5 412 342 273 132
22
498 493 103 68 19 117 264 347 91 272 342 370 83 31 177 480 5 70 190 99 478 203
22
498 23 201 79 218 314 137 27 144 306 482 228 31 60 385 465 367 245 136 14 496 471
22
498 411 432 273 35 278 468 291 464 323 160 215 462 150 285 400 418 77 198 81 125 365
22
498 15 238 97 84 60 86 160 165 193 183 26 496 16 7 122 242 228 260 33 384 371
22
498 209 428 457 63 476 251 390 296 170 373 19 477 177 172 1 212 316 263 327 140 431
22
498 81 353 275 245 343 332 50 221 41 152 17 352 103 133 279 394 433 426 31 470 129
22
497 191 78 465 170 341 246 175 487 388 437 460 421 360 347 243 262 75 152 491 68 310
22
497 482 416 363 154 35 180 190 326 13 139 284 94 49 175 390 384 86 494 140 82 56
22
497 7 176 21 52 436 226 48 109 14 156 114 215 74 167 246 361 440 206 482 134 39
22
497 51 407 362 432 82 3 287 9 52 199 163 127 65 402 71 157 81 27 174 283 154
22
497 195 441 7 152 297 332 247 144 54 396 169 162 463 166 443 108 196 498 428 363 348
22
497 477 407 321 136 376 173 73 139 90 339 350 128 319 470 126 242 134 133 182 401 264
22
497 30 185 299 273 415 346 260 315 55 15 35 133 122 252 419 317 274 357 140 179 389
22
497 302 174 214 281 435 479 67 381 46 23 495 167 11 191 419 255 111 71 282 315 57
22
497 47 46 84 272 286 309 78 460 324 318 256 296 467 444 26 144 251 199 122 349 161
22
497 236 355 447 124 269 307 238 388 381 196 382 419 353 178 234 311 329 6 21 332 112
22
498 252 488 182 110 481 164 132 450 302 136 94 381 433 38 178 239 471 301 211 236 452
22
497 259 304 355 470 320 312 403 315 430 327 431 323 257 196 72 333 326 498 241 491 434
22
497 328 22 121 194 310 449 213 102 84 13 333 467 207 47 337 274 454 52 482 56 265
22
497 341 105 217 340 484 197 346 244 231 328 216 473 416 288 492 66 38 153 161 347 167
22
498 144 448 278 80 231 120 209 287 206 191 256 155 225 392 35 355 276 479 52 146 282
22
497 204 468 485 452 476 406 110 461 30 369 234 355 282 24 273 365 184 227 316 172 389
22
498 219 194 119 208 460 402 459 377 54 147 113 80 415 92 425 252 89 284 48 12 93
22
497 107 218 120 92 378 400 30 184 67 90 137 257 110 494 55 209 193 98 53 373 113
22
498 122 17 3 229 135 72 236 258 324 124 329 106 408 301 450 84 210 115 139 283 206
22
497 82 41 473 33 168 25 169 453 373 180 308 134 136 368 289 68 78 319 146 149 293
22
498 390 77 2 245 489 15 152 256 252 169 143 302 427 411 238 468 476 61 317 26 338
22
497 72 42 247 291 257 207 96 386 397 178 433 329 226 389 12 309 310 74 458 154 326
22
498 99 147 299 379 225 318 118 346 50 124 382 84 335 388 187 194 22 262 404 468 282
22
497 159 353 95 350 419 93 368 190 208 352 482 153 67 257 16 384 72 331 34 288 464
22
498 121 291 451 100 256 246 308 124 55 62 464 116 178 277 238 67 160 68 484 95 400
22
497 250 31 276 3 41 182 252 72 425 349 208 158 213 29 382 417 24 79 157 34 53
22
498 412 439 416 341 210 256 440 308 415 304 382 358 286 242 114 409 149 96 483 349 14
22
497 347 361 438 32 340 280 486 406 163 116 293 462 100 28 92 87 303 54 384 363 483
22
498 46 247 194 307 44 473 109 111 362 108 430 281 77 68 185 204 213 316 485 29 479
22
497 297 377 394 45 142 82 323 237 441 204 260 174 408 295 318 400 127 138 220 491 105
22
498 240 80 343 100 404 161 194 113 378 178 374 246 441 163 15 390 30 475 414 182 467
22
497 15 196 17 187 431 174 168 427 396 310 462 169 434 256 295 130 321 330 31 232 340
22
498 337 86 172 438 266 230 146 212 25 410 300 291 371 217 274 179 265 405 297 183 414
22
497 112 490 191 253 414 428 166 152 351 413 390 224 285 297 471 481 261 403 412 45 169
22
498 10 346 103 321 39 173 364 418 171 206 38 340 86 400 27 184 302 230 411 177 463
22
497 176 214 450 20 342 320 118 264 394 298 71 476 213 448 137 175 280 493 376 416 325
22
498 43 14 350 322 269 466 111 341 134 319 5 267 227 172 206 73 430 46 244 373 447
22
497 458 99 485 450 449 169 337 377 103 224 382 328 42 200 19 181 59 73 466 305 114
22
498 17 281 453 82 420 323 64 226 483 10 169 393 159 298 74 107 67 451 22 351 416
22
497 361 251 102 278 210 353 401 306 418 268 193 195 138 25 296 270 223 474 416 372 360
22
498 308 271 338 203 183 123 313 105 452 470 109 305 477 61 182 73 369 281 162 360 153
22
497 180 120 480 490 151 199 119 461 39 258 230 314 205 137 159 104 315 327 16 93 263
22
498 53 82 226 392 420 32 58 191 368 481 400 124 377 109 155 406 373 397 469 432 276
22
497 339 162 359 292 290 354 410 230 364 133 81 262 113 403 215 30 330 428 434 175 183
22
498 63 185 269 78 125 462 266 231 15 91 84 234 164 281 123 446 220 388 284 436 347
22
497 170 388 428 11 3 23 298 283 400 65 324 407 124 86 206 156 98 398 35 34 174
22
498 457 257 334 113 273 481 109 349 490 345 59 461 205 234 158 278 445 74 141 465 76
22
497 476 288 357 336 58 121 133 206 309 404 414 299 174 131 152 167 464 19 416 141 77
22
498 132 447 15 285 491 267 401 361 298 477 155 312 481 497 384 112 5 399 273 93 346
22
498 60 183 261 455 282 218 90 428 205 40 10 400 356 89 2 401 106 126 465 189 130
22
498 128 28 358 80 437 131 443 470 206 475 220 146 306 22 198 372 27 281 414 396 182
22
497 268 387 294 425 270 361 392 404 26 435 56 118 226 116 2 13 250 454 246 345 460
22
496 307 192 110 106 179 312 384 394 7 160 46 291 80 49 142 72 373 120 383 372 168
22
496 345 442 251 178 42 103 227 160 463 127 276 426 55 199 4 165 290 36 46 485 253
22
496 151 30 133 344 128 167 392 16 196 268 190 111 50 33 450 175 340 8 380 88 71
22
496 54 190 20 148 110 203 427 149 287 159 38 293 485 353 25 199 3 394 344 131 490
22
496 107 455 364 330 367 342 176 59 354 22 120 324 360 41 153 396 417 121 36 240 177
22
496 204 166 490 442 486 493 182 79 312 370 279 196 462 407 30 327 282 119 364 164 140
22
496 436 269 453 276 38 357 387 181 442 202 224 238 133 359 480 203 380 388 212 46 356
22
496 13 56 21 473 467 443 376 168 30 462 19 426 199 488 420 322 319 296 185 351 45
22
496 110 7 451 45 105 161 268 388 18 151 418 439 407 37 226 235 440 73 153 455 383
22
496 153 217 72 82 129 348 34 368 240 130 148 207 484 192 304 245 101 238 327 150 157
22
496 268 153 29 282 223 229 38 335 487 115 236 3 42 18 177 269 356 465 171 12 214
22
496 462 333 373 217 448 442 322 102 152 213 377 303 101 432 35 197 299 476 429 386 9
22
496 140 127 373 79 118 87 109 25 5 108 302 337 201 220 322 393 332 59 222 62 270
22
496 326 64 464 435 153 479 287 353 110 244 469 63 183 67 354 466 310 365 367 239 377
22
496 467 55 5 443 434 397 460 323 452 82 51 19 470 317 414 161 33 159 426 9 440
22
496 463 391 407 134 226 258 42 294 469 110 341 117 361 310 458 287 351 322 235 315 230
22
496 275 148 397 266 18 84 331 231 399 478 491 173 449 72 356 77 444 431 368 46 133
22
496 81 165 387 206 49 34 186 97 181 371 79 65 278 217 60 290 316 379 366 180 345
22
496 125 424 464 241 335 390 453 470 40 227 234 472 62 430 465 406 39 271 185 60 96
22
496 226 176 200 82 4 68 255 264 345 348 342 38 432 450 285 112 161 427 440 458 193
22
496 215 483 389 435 268 371 467 248 119 286 413 294 132 391 302 49 422 377 400 259 116
22
496 309 16 129 201 46 419 481 357 484 417 400 347 158 180 442 21 281 358 471 495 305
22
496 406 330 44 177 198 303 421 28 405 491 367 215 184 100 251 321 67 398 326 39 465
22
496 55 47 189 346 195 482 156 32 489 165 239 474 494 196 271 241 203 57 199 159 317
22
496 340 202 254 266 212 211 157 114 360 294 326 86 362 249 433 210 161 456 482 127 417
22
496 243 462 430 228 453 264 200 356 350 372 93 34 4 71 283 160 40 180 30 392 199
22
496 434 451 486 258 430 34 156 267 448 254 147 60 243 253 317 139 467 345 57 5 208
22
496 337 248 273 346 98 10 447 32 348 107 449 269 65 472 14 208 296 132 197 326 368
22
496 17 430 24 441 454 440 70 287 15 22 465 309 55 461 21 378 81 121 424 417 142
22
496 109 344 94 72 118 228 73 250 43 437 34 180 271 341 464 387 159 78 441 260 368
22
496 12 20 391 67 301 406 429 95 93 422 370 128 111 59 87 409 303 233 154 447 55
22
496 144 141 442 419 112 347 273 387 109 168 409 206 260 184 3 256 489 24 18 357 290
22
496 3 295 83 315 66 257 431 390 250 483 98 396 464 56 414 452 222 450 91 395 289
22
496 391 446 254 341 413 244 178 333 138 316 185 359 339 112 240 33 197 44 489 193 4
22
496 321 172 359 381 445 450 270 360 106 273 251 362 226 84 341 25 108 290 411 435 314
22
496 161 360 142 363 340 149 93 103 411 248 91 104 456 388 387 62 269 357 6 312 455
22
496 452 149 143 11 467 203 434 357 135 169 141 395 432 422 426 349 199 139 326 415 492
22
496 173 484 320 218 113 185 254 335 293 388 76 265 114 407 460 38 248 382 456 85 285
22
496 76 286 163 438 78 320 278 33 391 58 364 168 83 165 326 407 266 488 376 265 150
22
496 41 363 243 85 339 210 452 431 487 18 35 103 88 465 218 293 47 34 490 262 313
22
496 116 41 72 132 96 151 321 356 447 289 209 215 408 483 438 59 281 261 170 156 125
22
495 456 135 363 110 324 131 20 395 238 375 413 391 96 476 382 218 2 424 92 190 319
22
495 372 190 222 253 364 313 8 418 109 71 330 273 437 228 262 145 10 472 296 47 294
22
495 178 284 36 337 54 287 103 185 77 153 382 117 120 225 402 443 40 480 106 370 419
22
495 275 35 216 29 328 402 55 132 199 42 100 95 107 214 159 442 397 296 165 91 249
22
495 366 415 125 447 242 405 481 204 457 354 175 437 269 238 431 442 494 346 330 343 168
22
495 342 131 310 173 290 43 243 279 166 149 213 236 98 386 97 205 278 227 281 397 99
22
495 295 99 35 22 286 282 217 351 170 268 89 31 17 42 206 421 332 447 18 411 154
22
495 101 90 419 18 217 362 321 116 138 463 471 333 235 16 106 393 429 131 263 36 274
22
495 198 206 224 141 104 228 215 237 197 157 305 186 83 85 145 148 318 109 43 88 114
22
495 482 30 195 288 163 244 315 380 387 323 176 196 372 493 279 102 111 225 305 289 444
22
495 153 102 123 349 142 141 298 89 69 189 435 408 192 289 56 390 444 149 64 76 212
22
495 438 27 114 259 407 456 426 155 21 422 135 463 25 205 397 61 481 185 465 415 355
22
495 321 258 315 89 80 146 424 286 329 397 54 188 449 163 278 395 267 351 311 372 164
22
495 209 118 478 444 472 5 269 473 53 144 94 15 310 89 274 82 489 237 3 390 153
22
495 428 444 303 372 374 343 406 241 494 368 440 408 421 64 173 435 267 447 206 233 348
22
495 331 372 139 247 277 44 392 5 466 401 397 248 171 156 467 440 214 362 25 473 479
22
495 358 328 208 268 186 277 8 224 27 161 263 468 330 113 138 416 470 369 55 35 28
22
495 118 187 433 240 290 140 483 444 382 288 196 231 108 243 151 300 97 271 244 412 154
22
495 409 405 288 390 68 352 425 35 225 185 453 80 196 197 60 340 436 442 176 456 61
22
495 367 312 488 232 152 19 91 370 335 99 132 393 150 369 256 110 354 372 293 211 98
22
495 232 444 194 381 85 466 293 445 262 337 306 119 189 141 239 86 168 180 18 314 11
22
495 467 84 141 383 442 146 345 154 156 46 350 175 429 88 17 185 182 81 218 428 375
22
495 91 79 359 405 94 403 426 188 330 50 130 439 310 380 177 111 81 24 394 297 277
22
495 103 369 449 328 75 382 69 221 305 95 131 457 411 150 70 209 463 413 312 3 166
22
495 291 327 147 301 18 120 31 405 427 425 132 448 317 236 292 333 342 466 279 380 36
22
495 104 187 305 427 231 276 329 481 314 272 132 169 470 324 383 248 268 380 269 347 179
22
495 201 38 54 116 370 218 341 272 149 431 141 96 379 156 282 75 479 425 26 426 254
22
495 57 300 479 266 285 391 290 337 359 358 134 94 147 398 30 388 173 485 168 71 393
22
495 336 122 211 486 161 28 26 329 93 432 228 212 405 263 236 195 435 199 241 300 382
22
495 272 162 246 66 354 184 379 344 165 206 36 429 61 284 277 128 393 53 279 51 213
22
495 466 357 478 306 68 401 12 311 275 129 98 289 329 11 176 493 188 377 198 91 441
22
495 175 212 273 435 393 423 150 217 479 72 332 420 168 226 322 345 35 162 385 187 70
22
495 92 283 140 169 382 166 297 479 222 75 350 78 29 249 384 156 50 272 65 454 149
22
495 286 426 140 72 273 47 3 457 443 372 55 272 202 233 151 157 73 448 414 244 168
22
495 124 238 234 460 88 366 41 81 473 199 191 303 69 451 195 241 400 18 315 48 190
22
494 288 279 439 33 294 139 100 330 487 212 370 131 75 278 6 434 297 382 163 491 255
22
494 195 342 331 275 476 145 414 141 364 266 150 205 354 475 320 84 315 292 17 6 58
22
494 486 59 423 53 182 457 242 208 73 204 405 30 238 284 180 159 398 425 317 333 148
22
494 336 28 220 195 51 11 217 382 260 240 96 88 75 472 393 467 460 326 246 489 266
22
494 45 152 357 381 463 60 8 230 170 493 479 337 68 56 441 31 161 322 466 124 434
22
494 491 67 377 12 356 138 125 47 200 162 279 58 73 398 284 84 474 250 192 59 113
22
494 378 469 451 64 441 423 381 44 148 124 293 302 243 442 437 366 288 230 176 470 208
22
494 483 352 231 126 204 6 374 5 180 450 477 171 253 167 295 2 297 94 194 127 223
22
494 289 30 109 437 412 8 373 379 485 215 464 153 329 208 364 72 138 222 244 33 51
22
494 63 45 59 395 364 407 127 160 219 388 51 356 332 374 134 328 172 456 437 213 139
22
494 319 424 250 450 353 219 187 167 368 458 484 12 27 75 90 482 315 177 359 67 133
22
494 366 301 33 66 271 255 361 323 473 393 370 184 268 205 451 355 185 357 371 458 214
22
494 137 242 283 431 319 378 233 376 215 167 487 364 19 206 311 272 61 434 394 177 40
22
494 428 468 430 484 66 368 5 83 38 492 360 321 161 448 82 289 307 386 194 150 11
22
494 90 288 327 428 177 137 111 62 319 475 126 4 148 321 493 311 366 347 92 7 254
22
494 284 366 149 140 263 398 187 169 15 213 110 51 218 74 44 164 101 96 27 241 118
22
494 208 267 107 355 194 64 344 447 212 252 337 441 374 419 206 37 32 254 238 448 276
22
494 14 431 125 318 165 63 239 221 302 340 295 390 131 172 410 424 347 303 81 485 312
22
494 179 340 336 416 98 95 34 199 182 263 10 253 326 343 219 331 354 487 170 305 233
22
494 276 141 82 441 299 267 349 104 381 227 87 312 208 448 368 251 219 453 456 20 489
22
494 414 423 90 12 415 258 320 232 250 121 131 356 97 465 408 85 374 18 59 348 436
22
494 317 20 198 474 56 294 430 249 287 300 335 252 408 414 329 65 357 277 363 204 103
22
494 123 384 350 193 175 189 376 254 309 8 420 238 354 196 482 24 103 146 104 210 443
22
494 135 88 222 154 371 449 376 479 282 172 119 327 331 63 482 412 100 486 248 426 431
22
494 199 43 301 227 475 167 255 321 396 173 91 336 222 251 169 229 329 218 268 108 363
22
494 393 91 195 148 221 441 41 178 25 238 219 259 308 126 63 152 462 42 253 405 224
22
494 432 287 6 471 130 428 292 330 11 23 15 407 180 353 119 421 299 14 342 378 427
22
494 238 364 341 146 7 369 117 261 454 5 253 199 466 360 230 160 316 222 257 348 201
22
494 332 52 350 85 180 394 318 456 396 443 459 474 65 140 66 404 76 309 455 189 279
22
494 224 184 409 311 203 246 109 334 404 230 253 99 444 388 248 329 186 471 324 107 105
22
494 36 235 157 355 288 115 142 432 9 193 480 391 331 456 202 72 411 330 408 132 363
22
494 455 336 334 307 51 24 358 171 359 70 444 293 296 68 197 367 409 408 340 451 73
22
493 217 43 104 16 200 215 458 20 207 112 193 151 152 365 464 189 82 473 58 223 431
22
493 120 319 286 231 274 271 352 472 108 467 131 453 50 369 104 113 82 191 412 133 246
22
493 354 99 280 482 204 91 313 75 454 46 109 472 288 350 479 88 394 128 79 269 296
22
493 417 418 303 398 381 448 465 94 485 314 78 121 34 251 460 96 309 267 252 311 62
22
493 325 62 487 100 121 369 492 451 270 139 68 37 2 6 421 276 39 253 166 257 254
22
493 370 378 155 316 322 78 218 373 3 363 398 299 345 176 331 157 161 115 235 18 392
22
493 270 236 224 278 147 96 351 78 163 200 450 149 237 90 206 178 209 366 304 129 195
22
493 367 121 173 180 103 343 170 120 250 24 455 337 344 259 20 13 434 429 269 287 200
22
493 439 487 294 324 169 320 91 216 126 313 182 352 218 179 178 106 199 72 432 340 160
22
493 292 136 465 150 199 414 426 234 119 280 342 196 488 13 225 97 265 417 30 294 295
22
493 180 226 273 300 147 284 37 25 129 379 388 311 256 304 51 359 264 348 220 95 17
22
493 224 98 135 476 425 272 158 133 120 62 2 269 487 488 28 389 26 232 118 381 157
22
493 462 192 355 275 335 188 368 154 180 437 407 233 473 318 325 259 243 242 421 82 317
22
493 268 158 36 80 390 219 220 142 335 389 273 247 471 41 349 201 442 49 28 166 100
22
493 212 183 131 190 34 254 209 102 414 101 410 207 300 288 457 336 431 422 123 387 304
22
493 118 337 247 466 297 36 156 447 65 102 29 204 467 472 272 153 461 115 138 491 155
22
493 21 34 458 261 125 461 212 195 300 54 19 303 107 86 33 16 244 421 479 370 400
22
493 14 189 129 402 386 281 42 87 71 102 314 309 304 478 301 268 355 228 18 322 43
22
493 326 65 40 151 26 251 7 78 27 15 267 410 33 207 397 191 356 485 72 153 273
22
493 59 57 406 398 202 210 249 145 214 399 386 87 362 166 63 58 126 177 279 79 388
22
493 156 71 5 69 354 453 280 479 485 213 304 243 245 329 444 449 132 66 318 34 326
22
493 175 142 376 151 308 25 221 280 226 186 224 395 80 99 474 259 335 464 437 290 5
22
493 269 461 179 440 32 374 253 69 28 429 172 14 42 422 220 433 143 255 127 479 97
22
493 113 179 111 400 425 131 218 333 51 262 240 323 85 409 275 44 455 434 346 255 472
22
493 16 138 200 256 139 259 8 253 133 471 238 23 479 188 92 492 434 152 356 288 69
22
493 22 51 68 231 177 70 153 101 169 316 367 377 320 429 318 228 309 492 105 201 190
22
493 216 466 6 130 337 211 148 415 26 195 9 449 351 262 430 128 276 372 340 257 489
22
493 492 200 134 37 122 183 328 169 270 208 284 460 193 339 16 28 219 63 220 305 419
22
493 104 432 349 43 10 127 91 301 456 6 428 119 358 470 293 137 402 192 362 392 396
22
493 7 37 48 286 134 468 234 213 13 199 220 14 233 182 249 301 271 61 337 304 102
22
493 196 97 419 400 80 102 325 137 440 226 327 60 59 32 471 349 431 131 476 387 470
22
493 487 391 119 164 2 302 284 363 310 28 122 348 474 231 409 372 437 342 390 476 190
22
493 399 289 380 213 345 425 248 117 244 227 325 40 144 376 20 442 169 207 106 119 261
22
493 40 62 181 410 134 139 453 464 391 216 272 59 144 279 241 467 387 82 264 235 441
22
493 304 490 356 133 338 307 286 90 43 157 13 107 39 350 473 205 215 491 484 195 77
22
493 443 224 474 278 429 456 200 50 62 84 183 37 12 11 40 172 469 488 31 284 245
22
493 346 302 161 18 137 52 156 168 238 374 139 309 201 316 85 165 257 241 352 24 118
22
493 344 306 367 474 472 83 365 142 440 388 312 490 86 421 203 343 217 15 170 411 42
22
493 101 460 151 17 195 398 393 285 358 141 40 463 351 450 440 485 448 415 220 117 9
22
493 392 300 345 333 407 293 40 366 492 6 356 394 148 171 324 404 133 144 463 201 128
22
493 198 142 343 141 331 80 478 213 442 280 129 83 265 455 443 38 123 40 313 85 69
22
493 385 95 308 354 485 157 304 180 49 416 179 402 151 134 430 198 336 52 288 222 22
22
492 435 152 185 404 445 16 189 186 287 394 331 86 157 110 289 340 263 242 207 262 42
22
492 315 371 352 47 222 69 43 20 467 85 79 109 226 230 350 273 53 365 45 435 274
22
492 247 175 48 223 150 5 122 164 96 470 487 197 461 410 87 11 16 404 69 35 71
22
492 403 19 453 270 72 294 101 134 296 302 258 144 366 395 89 116 192 285 35 31 163
22
492 140 143 272 434 355 345 42 34 423 478 122 358 446 60 156 254 23 338 294 359 488
22
492 469 197 224 161 350 370 303 46 255 447 259 396 291 90 334 16 92 336 290 199 320
22
492 93 248 70 266 458 164 425 157 315 296 399 151 231 199 223 247 137 456 441 371 75
22
492 384 21 346 94 97 322 456 53 224 257 120 351 159 29 7 328 383 91 392 9 61
22
492 287 396 485 372 439 196 374 333 19 77 288 88 56 3 460 340 272 375 225 135 163
22
492 90 131 245 421 397 3 246 12 149 489 454 28 357 210 208 425 251 410 378 290 284
22
492 115 188 210 402 292 95 29 401 435 67 485 458 398 490 183 312 5 219 486 425 126
22
492 18 37 239 33 466 174 81 150 268 100 315 479 307 228 204 256 468 203 408 233 23
22
492 112 484 333 442 339 22 380 67 16 377 36 447 252 20 79 104 153 392 441 274 77
22
492 86 48 200 238 397 100 328 189 283 306 464 438 262 71 127 249 9 108 224 367 95
22
492 124 104 248 167 317 351 216 301 430 392 419 6 12 325 337 440 89 179 29 107 136
22
492 132 65 331 405 418 250 265 85 444 279 94 446 185 252 45 144 400 69 285 58 226
22
492 326 259 35 331 220 211 466 436 54 173 177 355 248 352 264 138 203 452 334 29 486
22
492 418 15 408 427 2 274 245 227 34 84 12 131 51 477 378 478 25 173 36 438 165
22
492 24 21 350 320 138 353 217 403 310 319 265 47 416 286 346 482 398 96 94 155 228
22
492 30 97 78 33 347 153 260 253 163 297 424 391 313 477 475 361 10 130 165 198 80
22
492 398 261 201 419 224 200 67 392 322 165 227 181 363 458 116 248 449 353 243 148 268
22
492 4 453 412 424 487 394 43 414 295 334 126 274 214 481 411 84 206 439 112 96 358
22
492 335 439 303 422 170 426 451 464 401 47 266 205 485 64 97 466 281 186 481 79 57
22
492 181 290 90 265 338 391 257 432 120 305 27 403 407 99 158 80 40 410 458 19 368
22
492 478 205 182 446 92 187 363 32 83 30 488 460 243 386 328 195 184 321 285 387 94
22
492 375 63 334 123 416 427 459 271 130 383 387 191 105 116 345 309 445 259 132 182 152
22
492 463 342 400 98 347 200 358 233 174 333 395 477 62 399 340 128 100 46 2 86 339
22
492 14 32 341 437 487 53 28 407 310 357 26 248 186 135 472 330 255 117 137 409 322
22
492 208 114 65 446 189 327 13 273 121 179 177 161 253 47 363 470 37 433 287 302 456
22
492 402 181 337 52 97 69 386 375 331 147 381 254 155 320 335 342 303 207 152 38 264
22
492 205 38 458 169 401 455 431 6 310 66 16 261 365 96 13 370 397 484 63 475 144
22
492 428 22 134 490 364 244 89 320 443 417 115 481 161 56 153 48 297 359 236 127 152
22
492 331 427 74 440 283 324 307 456 113 128 230 279 167 123 181 250 136 274 20 287 487
22
492 76 146 395 74 205 116 148 312 226 468 87 156 215 430 442 107 270 52 491 414 394
22
492 452 307 382 142 111 49 263 249 316 27 209 61 88 253 232 455 43 449 409 414 256
22
492 466 378 337 343 376 117 231 311 64 291 428 236 130 198 489 260 159 320 75 351 443
22
492 175 242 160 72 209 449 437 16 164 328 10 33 18 413 403 344 421 247 428 42 131
22
492 372 63 184 257 153 145 34 181 469 186 235 150 429 212 310 232 123 375 381 263 282
22
492 233 70 78 227 372 160 468 19 269 86 101 444 376 413 92 422 73 364 200 449 140
22
492 139 481 358 427 462 371 102 43 17 480 197 400 67 2 178 300 332 149 98 243 483
22
492 333 201 81 112 148 74 11 204 68 23 241 158 452 66 343 473 164 238 106 213 209
22
492 347 343 188 490 461 178 197 203 357 449 237 284 445 162 302 208 405 124 245 187 266
22
492 353 262 168 104 13 461 347 52 388 21 248 139 287 440 471 58 420 105 310 34 26
22
492 62 103 155 34 10 421 341 68 217 112 245 384 118 149 215 7 318 90 163 175 96
22
492 382 188 302 127 61 332 193 216 212 22 37 276 469 219 226 80 234 215 96 230 44
22
492 477 70 474 411 280 420 102 140 235 232 187 463 120 111 284 10 446 85 96 127 35
22
492 83 224 6 64 394 66 440 486 267 216 61 62 361 53 404 457 332 390 94 157 362
22
492 485 374 468 310 91 177 328 287 452 352 123 272 2 425 53 51 498 225 390 369 74
22
492 465 103 252 142 14 323 182 476 287 64 144 206 45 482 441 470 178 26 442 395 166
22
492 340 419 418 320 269 280 265 144 118 93 105 373 30 295 258 405 68 11 456 204 302
22
491 9 485 383 105 276 162 399 120 308 451 178 414 210 111 478 305 124 129 374 80 371
22
491 284 225 61 47 481 355 114 411 395 360 424 16 199 63 157 487 272 237 278 366 101
22
491 149 62 352 199 260 488 257 3 299 278 357 88 250 283 438 356 159 217 156 365 229
22
491 421 490 458 22 466 475 307 144 106 404 21 151 362 154 77 51 398 59 338 41 353
22
491 474 120 211 439 81 154 387 286 489 166 16 2 264 432 145 422 66 58 323 142 53
22
491 308 119 264 35 234 71 61 435 467 135 364 103 26 54 426 257 161 318 107 160 403
22
491 200 210 247 300 271 227 287 411 492 351 199 113 412 119 3 8 156 150 174 236 33
22
491 153 7 286 95 430 342 165 465 423 240 464 230 238 14 408 121 132 252 92 139 384
22
491 307 244 380 396 106 473 229 83 27 109 367 103 402 228 148 115 64 466 372 289 31
22
491 404 312 359 200 113 469 75 68 368 457 41 144 153 265 470 81 342 224 357 122 455
22
491 171 443 222 166 201 354 156 315 91 184 242 87 433 384 449 135 267 298 401 261 169
22
491 57 27 306 273 318 289 29 320 360 349 150 136 73 411 350 361 382 489 341 406 490
22
491 348 424 160 30 98 391 457 429 344 486 455 226 265 485 319 312 68 90 401 164 50
22
491 315 204 340 218 421 393 220 17 487 120 34 309 483 36 339 118 135 9 38 192 238
22
492 154 194 114 176 378 93 8 146 330 209 155 422 222 4 108 418 182 97 166 7 480
22
491 410 392 259 423 437 427 450 246 400 161 87 339 83 418 191 296 405 165 136 433 469
22
492 448 27 182 273 148 409 483 266 203 163 280 65 252 383 133 44 51 107 33 224 365
22
491 422 325 472 310 389 176 143 28 172 266 463 39 447 365 132 384 4 11 268 297 165
22
492 300 85 143 288 188 141 222 86 8 246 106 26 363 76 437 380 299 317 146 292 123
22
491 438 398 338 332 334 220 24 207 55 50 326 206 230 22 78 26 72 112 128 104 236
22
492 373 12 341 212 28 411 156 24 110 379 50 185 423 249 228 250 465 330 306 79 251
22
491 417 200 15 336 377 362 474 8 103 447 268 376 64 237 119 295 97 172 454 319 22
22
492 476 93 11 211 336 283 315 401 270 205 213 297 194 20 96 418 234 259 472 162 301
22
491 205 237 313 308 216 298 354 435 71 352 129 76 438 204 87 328 93 481 123 322 33
22
492 379 232 272 302 180 179 42 244 392 124 111 100 305 382 261 271 423 390 78 397 291
22
491 89 197 9 179 41 165 74 95 101 341 452 205 490 457 285 53 145 379 8 200 403
22
490 29 393 367 394 254 349 441 94 448 221 487 411 122 127 290 379 309 452 252 302 458
22
490 126 130 297 476 384 400 201 360 243 351 296 33 418 429 62 343 189 36 331 326 359
22
490 405 362 331 373 400 7 468 366 280 449 41 31 257 355 342 73 418 476 282 164 271
22
490 270 399 260 435 362 40 168 393 461 192 332 379 235 446 135 21 455 414 451 413 187
22
490 257 64 29 489 6 442 298 263 88 347 246 370 61 142 155 134 108 36 280 104 207
22
490 451 295 291 193 410 289 470 336 400 91 475 448 423 273 195 231 214 93 293 369 171
22
490 419 102 141 20 193 263 78 106 91 209 58 429 275 332 285 344 167 414 117 225 137
22
490 185 221 293 281 198 295 122 418 41 69 483 454 169 237 448 58 96 409 95 427 29
22
490 88 42 23 358 139 15 235 6 151 71 155 328 481 76 147 293 475 323 283 167 308
22
490 487 67 99 346 383 70 86 163 139 48 41 100 281 192 293 90 134 114 458 386 2
22
490 252 208 399 71 187 292 317 243 290 264 217 447 198 376 355 148 214 325 308 398 383
22
490 58 123 124 226 221 166 99 55 438 182 220 263 175 334 7 33 229 374 371 62 346
22
490 159 97 269 368 63 161 337 402 404 101 258 252 486 261 77 230 225 428 283 449 297
22
490 340 365 376 158 302 223 206 236 287 45 94 351 308 82 167 114 247 397 11 17 423
22
490 331 179 276 356 217 56 250 422 132 367 318 101 415 267 201 301 46 99 47 54 375
22
490 378 140 282 79 98 15 299 432 436 445 469 77 424 63 258 136 336 182 85 42 120
22
490 172 76 323 353 456 226 27 88 274 123 225 170 232 369 215 290 49 120 268 364 482
22
490 463 330 243 212 319 406 271 35 37 478 14 214 279 20 249 67 449 468 75 168 5
22
490 229 277 41 170 329 383 318 335 65 58 76 223 253 35 379 342 442 103 218 114 53
22
490 479 218 119 4 202 78 35 188 58 173 103 105 22 369 312 324 329 377 306 85 333
22
490 141 302 323 256 177 37 243 284 299 100 372 436 270 158 255 399 155 343 233 267 7
22
490 44 157 90 369 277 176 337 198 192 346 95 189 230 172 264 315 10 252 450 431 459
22
490 32 322 324 135 353 168 422 179 68 112 90 272 72 239 227 457 479 77 89 147 235
22
490 477 147 18 430 309 161 451 98 306 10 214 285 418 382 264 312 316 372 145 431 478
22
490 193 56 144 241 446 329 86 465 481 173 116 45 265 474 263 296 180 470 76 320 368
22
490 96 196 280 339 277 17 94 432 239 142 58 311 356 314 97 192 487 358 407 213 294
22
490 239 433 228 473 179 359 409 60 247 65 23 217 215 37 79 336 187 383 337 4 90
