22
1 420 109 279 255 414 485 433 20 298 277 180 12 268 127 376 460 229 48 417 203 372
22
1 376 269 433 473 142 409 456 245 69 30 5 332 101 342 148 279 413 385 319 263 51
22
1 163 108 66 496 166 35 249 69 284 457 21 294 244 102 153 475 411 43 402 486 334
22
1 117 214 122 360 139 263 211 4 160 365 144 47 58 412 331 60 157 451 210 463 344
22
1 114 47 381 31 208 110 338 90 256 254 250 219 448 59 468 343 280 360 440 68 183
22
1 390 58 380 392 241 144 304 118 110 184 155 87 166 76 405 202 401 105 464 485 163
22
1 200 37 279 321 500 312 118 375 107 32 388 124 406 418 297 368 372 266 391 353 378
22
1 281 133 303 106 438 416 180 297 59 40 247 100 23 365 396 333 488 276 150 227 405
22
1 51 391 394 445 215 409 80 224 33 310 382 414 473 438 335 81 424 50 355 274 6
22
1 138 347 155 344 262 121 190 345 358 317 16 278 293 324 165 307 252 215 322 355 419
22
1 456 148 185 201 259 408 92 327 485 191 238 7 125 88 365 385 105 452 222 357 229
22
1 190 365 32 481 74 123 302 28 233 52 497 6 22 26 352 109 120 386 21 158 56
22
500 165 490 425 296 302 211 319 139 114 420 343 372 199 331 184 24 492 442 299 181 472
22
500 477 89 441 18 458 288 309 411 343 44 432 149 55 94 483 256 150 81 152 394 293
22
500 432 485 470 492 349 493 173 229 428 227 467 203 23 95 342 419 194 463 35 169 160
22
500 475 360 471 64 133 83 390 91 317 288 72 285 248 36 137 369 405 51 140 363 2
22
500 14 13 304 5 296 82 22 110 243 232 102 49 140 111 99 365 442 76 262 492 98
22
500 19 348 66 313 350 147 470 260 277 278 407 455 374 432 206 106 167 361 148 300 213
22
1 49 246 473 118 3 488 92 130 342 406 36 126 187 134 312 314 66 376 417 260 421
22
500 304 135 232 183 155 366 199 3 176 42 206 254 321 37 453 436 162 5 387 460 119
22
500 236 430 221 411 27 410 227 220 90 139 290 42 244 91 424 405 103 56 444 382 313
22
1 448 239 115 212 206 57 83 445 29 290 450 15 30 234 497 484 158 168 251 407 270
22
1 449 99 390 177 455 216 415 93 279 190 61 398 204 17 165 322 258 112 30 456 20
22
500 129 173 311 218 3 431 408 190 57 412 209 378 120 41 214 307 264 117 59 215 463
22
1 204 156 391 30 68 165 101 22 269 248 261 147 100 36 219 82 210 13 294 107 244
22
500 210 64 241 429 221 202 198 4 347 416 434 404 498 319 25 8 265 356 80 480 359
22
1 318 284 369 112 143 181 45 326 229 291 239 403 484 457 176 270 139 76 5 360 415
22
500 125 441 482 99 196 434 205 240 295 385 34 33 36 355 57 397 26 365 337 487 174
22
1 306 391 369 343 232 463 284 38 246 175 13 381 478 147 466 248 473 491 394 79 100
22
500 191 426 399 106 80 152 232 308 148 467 214 125 38 42 67 476 412 217 273 361 374
22
1 428 441 399 55 479 398 41 340 277 337 457 446 456 147 487 313 284 488 365 344 195
22
500 255 414 26 87 286 317 383 71 329 322 160 256 212 487 185 99 32 438 205 488 472
22
1 135 132 334 181 412 43 39 427 310 23 359 454 472 270 499 83 179 252 303 126 122
22
500 462 395 201 447 86 219 163 399 140 198 368 212 282 59 382 118 116 65 304 308 278
22
1 315 110 137 234 490 22 13 5 125 321 45 150 24 168 121 194 362 360 447 473 357
22
1 124 100 290 347 177 28 467 338 344 48 424 461 438 267 150 35 80 346 174 249 478
22
500 465 154 387 213 84 470 478 214 234 282 137 322 295 306 443 206 394 159 191 310 300
22
500 181 335 278 228 146 131 121 334 451 104 480 100 140 76 315 261 189 193 167 19 66
22
499 374 198 285 292 448 411 321 306 367 13 308 59 259 9 30 172 437 326 94 479 103
22
499 389 37 171 359 335 131 31 141 396 192 451 43 360 54 63 105 202 235 191 488 368
22
499 457 485 344 326 217 155 252 400 166 176 68 299 8 15 57 148 404 396 49 363 446
22
499 15 238 218 334 208 378 219 155 406 212 44 346 454 113 296 16 475 368 495 35 133
22
499 398 10 306 376 255 9 240 244 116 72 256 454 159 266 252 258 15 21 128 480 446
22
499 460 354 257 286 32 478 73 138 369 92 217 402 436 145 31 183 339 7 246 157 467
22
499 91 246 52 447 343 200 488 305 417 387 425 440 29 80 219 227 196 408 266 143 481
22
499 440 465 446 130 258 215 418 349 112 459 344 51 388 70 121 221 485 300 223 441 307
22
499 399 381 43 431 146 49 387 20 283 97 266 324 205 470 402 331 26 96 269 141 161
22
499 402 308 150 496 302 208 211 446 59 147 344 476 108 188 288 103 162 234 453 167 351
22
499 341 237 69 120 143 138 240 46 432 230 281 402 142 303 316 184 477 33 162 41 195
22
499 240 53 95 150 401 156 323 368 36 157 433 41 186 127 222 254 216 331 158 421 182
22
499 487 441 305 163 223 402 353 175 78 164 70 213 412 259 220 87 221 293 231 466 371
22
499 370 35 16 348 397 318 185 180 209 131 402 358 33 233 208 229 21 431 309 43 340
22
499 256 455 306 37 85 206 134 450 469 181 143 356 41 401 392 198 247 167 378 347 448
22
499 347 310 407 438 444 282 253 71 355 470 487 18 445 455 48 276 494 16 385 142 230
22
499 497 12 435 472 82 146 261 482 370 373 436 340 35 250 333 25 416 260 351 425 88
22
498 453 46 422 195 5 414 490 477 120 355 338 306 307 327 202 27 328 404 336 211 418
22
498 54 262 118 351 180 279 65 191 398 182 217 107 472 261 462 457 316 21 442 25 378
22
498 444 491 358 67 449 253 382 369 184 158 56 241 484 321 410 136 144 90 276 355 357
22
498 217 285 50 494 335 497 148 190 34 70 120 493 425 231 283 3 491 477 23 244 100
22
498 244 352 197 158 420 217 253 236 97 193 323 28 486 237 283 22 447 43 249 344 277
22
498 416 62 202 315 49 156 318 357 203 231 37 105 462 332 328 417 383 167 465 272 319
22
498 63 488 3 492 54 52 166 451 347 470 442 247 440 420 123 462 441 287 246 419 326
22
498 439 14 84 411 211 244 462 291 247 453 29 450 171 327 390 270 320 196 61 405 114
22
498 405 231 443 338 253 47 122 56 350 38 276 366 401 110 279 141 55 347 311 190 214
22
498 346 185 25 213 373 36 54 316 55 252 225 466 302 70 44 69 81 318 282 471 238
22
498 435 403 24 150 208 306 114 55 158 377 71 257 81 402 79 57 451 86 191 29 408
22
498 305 17 373 26 308 151 242 467 280 459 345 396 271 455 208 265 252 286 321 317 349
22
498 246 379 185 186 33 437 239 18 406 87 6 50 357 81 310 343 52 345 56 67 125
22
498 149 172 224 313 130 277 476 65 472 144 209 410 351 157 415 105 338 435 115 486 246
22
498 421 129 497 303 403 265 256 112 109 392 15 364 200 141 159 491 472 339 25 65 428
22
498 420 275 186 380 155 450 168 337 26 340 357 319 434 353 277 126 51 185 62 374 282
22
498 81 163 260 27 397 450 152 353 80 373 449 174 78 339 273 185 125 55 18 403 115
22
498 371 464 342 64 452 132 243 123 439 173 227 369 365 462 296 324 155 286 175 315 423
22
498 29 194 33 275 81 107 159 142 178 494 301 52 375 149 10 450 223 105 423 216 184
22
497 405 468 179 180 37 274 53 247 186 320 32 80 5 228 481 18 466 36 436 261 85
22
497 80 418 474 4 355 324 185 234 476 77 74 403 247 465 134 144 310 298 295 180 220
22
497 459 168 61 399 403 40 35 265 57 352 162 275 329 332 347 234 67 118 248 270 180
22
497 390 249 241 318 100 42 400 409 79 150 51 346 39 290 440 332 245 118 52 145 179
22
497 152 182 7 16 394 46 85 303 480 186 384 380 256 404 265 190 458 264 113 23 227
22
497 231 283 374 352 309 465 328 123 278 60 261 355 277 493 254 317 127 121 202 484 240
22
497 334 149 379 366 439 458 94 161 478 222 364 171 371 416 125 9 167 64 344 254 33
22
497 88 389 370 1 404 332 41 121 386 410 446 414 467 192 434 114 199 427 10 107 492
22
496 422 345 354 166 388 56 363 159 164 153 65 196 455 151 128 313 122 72 37 14 317
22
496 154 468 274 115 12 350 156 3 370 182 104 59 72 245 374 432 307 185 365 138 297
22
496 83 317 137 147 393 256 73 164 67 72 359 281 491 200 269 167 250 20 23 324 6
22
496 169 230 46 217 25 437 133 337 429 16 236 346 425 31 41 284 319 224 352 61 324
22
496 207 10 361 110 96 154 450 487 197 256 51 79 211 13 322 458 32 481 226 359 467
22
496 307 443 304 476 107 375 344 52 379 299 290 340 30 62 139 198 82 250 17 329 335
22
496 357 29 445 432 375 223 73 118 119 123 327 417 117 235 278 484 105 165 453 318 22
22
496 385 161 358 191 321 453 383 368 14 293 114 468 213 241 108 270 424 86 186 361 283
22
496 474 234 104 257 331 138 66 160 41 264 399 99 63 287 134 53 277 175 479 343 34
22
496 7 179 97 373 182 145 384 362 188 276 238 215 382 187 201 280 296 323 151 189 195
22
496 179 125 277 458 177 246 124 319 176 197 204 341 416 410 363 343 69 313 22 147 231
22
496 176 184 417 120 96 99 87 366 63 26 108 90 223 253 288 146 454 344 237 139 191
22
496 29 384 152 490 146 290 158 336 433 159 368 381 394 5 35 142 295 49 424 393 431
22
497 416 297 117 291 312 323 223 318 485 180 222 394 83 402 448 218 480 18 376 48 58
22
496 112 234 142 309 344 486 191 379 7 133 189 422 94 408 427 474 325 235 448 252 201
22
496 332 136 262 459 79 373 252 157 12 318 166 308 106 172 467 255 253 414 362 415 360
22
497 351 206 25 353 442 4 348 483 452 491 251 495 154 464 194 39 406 295 217 23 328
22
496 165 164 231 414 391 190 117 108 82 119 358 129 27 356 303 217 493 318 474 205 378
22
497 200 103 400 494 73 126 129 451 136 282 257 354 20 471 166 322 412 214 49 109 6
22
497 109 278 202 488 105 410 235 160 207 131 71 396 132 395 457 294 416 222 55 210 215
22
496 100 303 124 224 471 415 446 40 351 245 349 83 403 112 76 232 372 338 426 15 135
22
497 207 225 464 320 462 272 14 244 419 305 155 407 94 49 85 268 265 304 264 485 22
22
496 48 245 85 44 145 110 70 377 299 148 267 224 142 138 243 321 391 196 340 124 73
22
497 423 35 277 121 198 405 229 105 70 17 300 467 288 114 30 350 176 396 199 334 496
22
496 32 232 454 352 437 411 398 84 428 329 464 166 267 331 372 370 353 375 71 121 481
22
497 24 111 82 15 435 306 74 144 277 462 492 411 415 217 480 234 130 251 230 193 254
22
495 458 270 464 143 305 408 169 317 414 375 387 66 126 307 156 315 188 260 26 173 284
22
495 334 228 140 219 99 237 450 293 57 445 21 483 26 459 250 197 88 52 371 203 80
22
495 99 94 207 323 88 58 183 255 40 277 181 446 107 274 148 52 2 331 172 428 247
22
495 239 142 336 79 457 267 449 242 102 468 141 350 5 347 403 374 440 254 70 199 355
22
495 473 426 91 351 248 38 40 285 102 44 307 256 485 337 215 184 349 159 68 325 348
22
495 413 219 391 378 294 309 375 252 84 167 98 415 492 120 83 5 133 221 73 399 129
22
495 84 124 221 451 156 8 336 49 194 204 79 112 153 454 305 72 52 373 398 232 260
22
495 490 5 487 264 18 70 208 352 283 452 146 139 302 413 414 234 123 205 347 297 479
22
495 220 215 112 325 186 450 251 457 296 153 481 423 236 435 439 489 314 4 415 444 120
22
495 69 124 400 78 160 163 432 479 188 382 128 250 199 285 108 265 342 103 201 411 273
22
495 348 83 113 173 300 305 109 203 187 272 328 383 175 471 397 35 256 164 198 134 489
22
495 148 355 80 456 286 476 452 347 447 180 383 67 68 484 177 92 282 295 402 412 119
22
495 284 387 438 441 204 478 79 267 244 160 187 288 221 106 71 485 298 45 482 351 464
22
495 381 340 444 171 127 425 35 397 313 489 92 483 130 254 360 442 280 279 249 383 248
22
495 268 452 377 36 286 474 154 295 342 63 279 76 140 369 212 312 86 393 340 330 58
22
495 86 295 191 53 328 78 9 452 224 486 419 122 424 58 133 274 69 132 235 237 41
22
495 327 424 361 280 378 483 143 30 171 264 76 223 320 237 366 232 381 50 5 330 288
22
495 322 284 438 419 377 77 351 271 157 246 345 99 4 2 128 244 384 258 181 450 468
22
496 255 339 480 363 223 300 111 393 397 43 196 305 74 337 33 478 78 286 143 35 22
22
494 154 152 443 196 290 389 102 99 285 74 292 137 275 178 119 156 409 299 221 42 209
22
494 392 393 93 482 254 195 167 166 299 402 111 378 27 155 78 486 221 62 33 484 140
22
494 261 134 181 379 493 219 315 46 413 55 358 275 465 215 267 183 381 238 239 343 407
22
494 120 385 437 333 182 362 364 192 394 464 483 9 335 68 323 58 452 350 193 95 238
22
494 249 50 238 233 121 218 427 325 136 484 420 259 44 432 440 393 405 436 171 119 398
22
494 434 162 272 134 148 143 292 461 431 67 389 344 90 331 164 479 302 401 147 195 340
22
494 105 398 342 58 337 60 335 407 446 439 443 23 208 45 151 117 29 126 51 142 70
22
494 91 397 67 300 446 208 248 346 329 71 138 307 375 367 495 178 412 131 449 384 306
22
493 432 269 163 223 70 359 494 265 68 133 285 73 9 456 450 165 434 27 119 153 341
22
493 23 56 194 76 463 231 413 299 69 99 267 27 221 173 350 375 19 36 213 481 179
22
493 147 194 184 167 409 436 335 30 312 301 204 61 363 244 151 54 99 294 121 453 291
22
493 354 216 122 165 24 155 18 340 466 243 61 308 221 413 241 370 150 395 25 338 434
22
493 243 329 423 128 34 345 78 371 196 277 89 332 447 389 14 255 400 408 257 180 251
22
493 196 377 248 351 177 201 442 317 333 352 5 302 99 261 88 474 229 164 372 296 241
22
493 462 211 217 268 148 415 319 379 144 329 437 23 16 370 88 124 79 241 113 439 334
22
493 268 318 291 185 21 456 2 479 379 359 141 173 485 295 338 79 32 262 36 378 414
22
493 309 65 253 18 225 453 131 156 230 381 202 21 491 84 76 63 115 181 228 323 160
22
493 312 195 187 13 76 367 289 23 285 107 338 215 127 144 149 276 70 59 270 233 169
22
493 92 451 52 29 47 301 404 492 276 480 252 302 160 142 45 249 132 459 382 464 483
22
494 59 343 447 290 366 149 433 461 161 347 25 253 421 183 462 127 88 303 84 125 187
22
494 253 299 296 100 425 96 490 391 352 365 119 168 108 174 349 20 487 132 227 107 23
22
493 423 486 285 297 154 110 251 191 301 293 302 440 50 126 470 47 173 34 114 401 264
22
494 74 250 204 227 421 423 435 92 94 400 8 459 306 177 104 320 72 480 21 376 403
22
494 280 457 95 360 218 412 395 423 170 152 365 257 263 481 17 480 255 168 11 62 492
22
493 57 206 300 484 228 427 387 156 148 372 102 416 319 153 430 393 341 131 397 419 490
22
494 410 375 384 223 206 363 454 460 266 202 252 361 307 93 17 217 8 63 317 487 2
22
493 420 279 85 92 90 259 53 31 321 226 249 446 289 155 241 163 251 346 107 260 376
22
494 331 40 409 268 184 74 388 16 431 192 419 328 128 50 106 428 103 164 87 375 397
22
492 67 358 455 354 257 314 55 411 479 75 329 111 38 477 272 414 233 14 84 10 83
22
492 444 300 354 347 66 437 387 377 250 59 482 491 198 232 63 291 203 88 324 185 282
22
492 183 222 285 290 72 337 431 297 36 307 83 472 53 76 13 229 313 146 58 361 419
22
492 84 322 231 369 175 377 306 484 287 463 280 424 456 262 128 161 491 426 110 6 400
22
492 303 369 21 478 112 393 251 31 193 329 419 109 11 134 321 403 322 17 408 180 127
22
492 240 247 364 186 95 128 225 491 258 441 224 46 88 75 344 286 283 281 357 202 312
22
492 390 122 332 3 106 413 198 300 323 319 311 309 434 347 109 250 18 32 6 275 244
22
492 41 276 422 64 129 392 155 407 340 133 384 204 386 327 252 240 20 297 29 185 230
22
492 230 187 418 157 284 42 277 487 81 474 430 180 356 475 145 436 170 184 217 192 101
22
492 471 33 167 245 301 339 35 38 155 429 136 125 7 28 458 275 364 349 221 58 443
22
492 324 227 290 448 318 270 129 32 111 180 277 379 338 241 370 468 417 388 176 46 243
22
492 305 146 208 275 207 164 353 111 370 26 77 410 144 273 135 212 198 261 313 386 129
22
492 6 379 297 128 144 459 177 35 198 364 381 288 419 24 52 428 217 265 234 411 454
22
492 468 317 211 204 220 120 307 129 151 208 351 337 125 276 143 467 161 165 421 55 424
22
492 481 85 459 432 69 137 198 364 444 38 363 332 281 313 319 301 273 298 473 395 90
22
492 141 60 86 292 326 448 451 246 224 464 183 98 111 10 160 423 223 270 204 377 354
22
491 88 66 409 215 466 282 202 281 141 184 489 482 297 298 11 104 228 52 473 444 113
22
491 118 143 346 165 46 141 66 241 248 84 116 255 432 279 57 47 191 470 309 113 213
22
491 248 181 25 253 54 9 58 156 397 188 223 55 426 57 122 487 45 77 236 479 444
22
491 236 126 190 85 55 290 46 473 281 484 330 487 8 138 346 127 41 252 386 151 345
22
491 346 445 279 273 223 454 178 101 367 252 54 369 37 166 318 212 297 29 392 264 292
22
491 415 221 431 227 353 43 191 180 88 230 158 470 209 86 379 298 83 352 484 62 240
22
491 277 186 388 31 467 404 352 179 6 174 53 230 181 44 459 71 367 226 204 14 200
22
491 484 29 158 172 123 61 114 405 207 481 69 311 81 431 182 218 6 434 285 252 360
22
491 269 143 55 377 485 237 355 313 474 46 471 115 330 3 288 429 332 155 19 472 444
22
491 303 450 474 380 83 13 56 65 356 233 122 4 114 17 28 321 414 157 471 386 403
22
491 296 241 99 254 316 323 170 331 167 130 308 32 158 325 319 372 275 321 101 271 440
22
491 32 225 425 224 489 321 37 368 128 189 407 125 169 11 186 222 126 415 365 281 81
22
491 286 89 404 401 406 16 223 484 453 328 110 411 131 338 388 107 200 140 392 45 451
22
491 254 57 157 351 213 29 476 84 407 34 198 130 459 215 128 365 257 62 207 61 167
22
491 448 367 313 157 73 262 6 174 335 382 54 23 315 68 417 36 484 90 156 107 345
22
491 29 481 383 428 259 12 290 397 272 305 88 22 295 74 393 90 11 407 108 106 248
22
491 142 192 401 386 8 23 332 116 73 177 304 456 291 339 185 445 485 221 230 164 201
22
491 459 113 249 38 115 194 483 391 365 297 212 338 467 336 427 18 296 367 415 412 428
22
491 71 474 245 439 45 256 196 308 228 377 107 204 51 134 63 465 56 249 67 183 432
22
491 488 100 103 452 422 291 6 190 493 84 418 184 51 92 164 53 391 203 383 36 288
22
490 398 85 350 98 13 372 178 180 253 117 277 54 457 48 475 474 148 342 156 83 147
22
490 444 203 33 281 57 397 296 409 67 292 235 294 351 114 421 443 370 204 184 200 208
22
490 97 353 81 36 422 323 290 372 32 359 343 300 430 230 216 89 108 408 246 22 84
22
490 226 96 386 472 106 435 364 30 474 190 187 400 254 133 280 440 64 84 418 61 258
22
490 314 230 365 74 327 372 35 47 473 7 396 296 278 335 299 249 15 36 189 464 183
22
490 339 116 483 9 416 367 418 356 40 319 386 368 65 400 469 107 480 308 24 457 109
22
489 86 313 167 448 158 346 20 95 120 321 76 284 57 243 293 340 181 60 151 456 119
22
489 239 24 448 179 254 424 389 110 85 268 336 432 256 48 315 304 89 283 284 425 442
22
489 336 96 480 67 286 9 284 106 344 415 264 220 167 164 283 330 457 465 72 131 213
22
489 41 21 386 457 189 434 151 263 121 192 340 250 279 345 49 143 423 271 139 347 270
22
489 319 416 113 84 19 341 352 147 472 74 453 93 223 211 168 108 260 482 218 278 11
22
489 117 39 306 110 304 151 120 289 408 51 20 144 165 48 480 363 56 401 248 201 63
22
489 110 348 199 284 288 441 217 475 43 15 180 210 26 369 394 429 376 42 415 414 301
22
489 261 350 447 21 81 148 18 275 54 113 322 189 355 101 214 97 258 403 408 484 417
22
489 372 299 337 317 258 196 319 421 473 54 396 430 243 279 467 144 454 49 445 96 328
22
489 357 310 100 3 8 59 308 378 30 214 101 191 94 408 83 406 418 334 394 352 119
22
489 42 121 235 351 433 19 148 16 439 203 347 40 177 358 127 236 267 483 202 399 396
22
490 409 157 82 118 128 457 434 485 37 442 166 358 311 383 394 397 219 330 193 421 315
22
489 38 54 136 31 345 21 89 220 39 471 264 185 409 484 419 313 412 10 3 90 105
22
489 177 384 221 71 270 274 227 238 362 132 246 375 436 179 331 428 323 33 463 476 11
22
490 470 310 158 19 116 409 312 436 13 124 248 354 163 277 416 350 149 138 93 474 424
22
490 249 105 129 230 412 426 396 247 70 134 227 224 138 274 80 323 53 474 352 383 418
22
489 240 27 360 172 345 69 143 195 422 402 158 328 252 58 425 119 368 339 281 439 122
22
490 370 46 355 326 218 70 258 324 51 77 121 403 245 287 176 228 387 439 136 305 333
22
489 208 339 106 212 452 375 162 431 179 386 377 285 290 98 151 189 93 40 392 188 350
22
490 453 162 352 222 255 26 484 270 28 13 320 417 207 12 343 81 303 45 293 159 265
22
490 295 255 402 489 458 421 381 158 237 45 456 156 440 244 193 359 97 327 57 8 161
22
490 278 402 73 31 457 421 130 346 22 374 181 171 394 405 277 420 376 198 262 222 398
22
488 161 382 121 218 290 177 273 326 476 420 341 423 257 50 381 4 378 422 460 284 274
22
488 420 99 113 284 320 118 265 213 439 112 172 287 397 407 371 9 315 398 456 391 296
22
488 387 175 245 246 74 382 218 11 461 63 401 8 308 342 294 365 143 79 191 343 133
22
488 313 410 483 239 286 111 310 463 87 411 71 216 66 304 207 240 445 281 210 189 92
22
488 42 371 80 95 202 14 103 430 432 191 428 106 338 487 118 144 301 435 312 2 17
22
488 88 224 282 213 370 338 19 365 336 467 378 342 412 269 357 27 196 193 167 152 449
22
488 79 327 423 165 359 101 451 354 376 235 469 344 85 97 55 384 42 449 466 41 434
22
488 279 376 235 158 308 59 295 101 38 201 355 69 8 353 41 105 150 209 138 67 123
22
488 436 321 302 463 238 171 447 253 282 156 406 87 366 318 133 339 13 429 353 396 184
22
489 354 250 339 96 3 39 436 330 409 33 77 227 155 101 198 182 319 318 272 287 358
22
487 38 88 337 276 6 443 56 338 273 161 103 277 366 117 20 207 11 385 165 24 455
22
487 196 276 18 245 79 303 314 131 392 13 225 99 405 165 178 42 218 203 453 21 23
22
487 172 28 160 14 287 63 171 379 119 424 279 116 443 155 180 301 455 213 311 130 83
22
487 190 482 244 291 267 106 237 96 227 29 24 407 442 8 287 349 20 466 65 382 278
22
487 94 97 242 15 77 71 191 244 353 9 56 430 418 322 230 348 112 40 54 57 388
22
487 413 316 37 54 242 361 323 56 282 339 342 366 458 248 394 124 431 18 135 70 149
22
487 343 57 19 385 350 3 137 274 173 338 185 348 270 428 153 59 209 76 373 438 361
22
487 306 281 87 481 467 60 143 141 246 378 254 221 443 187 348 52 272 335 157 257 395
22
487 273 429 13 23 171 279 312 345 336 248 85 350 478 423 262 337 288 133 366 62 284
22
487 262 456 259 162 117 20 66 269 366 38 75 266 296 363 135 159 90 386 34 299 44
22
487 439 294 148 342 397 77 279 315 416 395 8 209 332 409 137 312 40 199 193 406 58
22
487 4 431 61 292 167 224 316 76 270 189 13 85 39 314 238 55 362 458 375 46 455
22
486 69 263 274 86 356 236 173 49 127 370 461 474 73 176 247 118 167 27 462 400 9
22
486 228 409 265 356 389 131 455 121 231 251 11 401 403 370 269 451 206 66 463 332 456
22
486 392 438 4 244 415 188 465 130 379 141 77 387 204 347 384 33 290 61 350 446 256
22
486 221 168 379 458 407 318 188 281 32 27 87 41 400 297 250 261 184 282 220 438 310
22
486 368 174 177 89 488 108 380 153 399 80 82 416 215 211 2 172 317 120 274 121 198
22
486 45 326 194 395 99 160 19 291 27 204 336 364 183 162 259 306 8 15 241 22 221
22
486 364 191 203 289 50 247 344 383 170 426 210 430 338 273 329 69 116 175 166 236 111
22
486 482 284 439 478 135 19 187 398 171 378 11 208 116 93 238 209 304 365 49 302 182
22
486 90 200 150 331 124 425 298 466 366 180 430 372 380 26 131 98 354 448 61 262 68
22
486 469 276 324 435 127 374 275 168 234 459 396 373 329 13 299 54 71 331 174 260 364
22
486 137 448 159 464 447 213 53 417 468 75 82 270 394 21 122 154 169 11 413 5 197
22
485 137 173 117 121 411 402 260 81 314 131 20 368 278 406 257 457 337 239 194 129 128
22
485 209 90 312 252 113 67 85 477 437 83 44 181 283 356 29 420 374 455 139 388 242
22
485 356 21 186 359 265 354 278 165 442 396 140 297 390 147 457 221 97 408 66 357 369
22
485 459 256 379 312 418 362 426 428 86 143 221 353 88 124 287 193 150 307 299 65 96
22
485 350 40 331 202 194 291 440 338 177 465 34 71 8 155 169 459 118 248 184 256 393
22
485 291 90 293 137 363 72 371 143 193 289 446 198 417 227 470 173 449 83 208 472 119
22
485 242 437 96 56 171 252 112 380 462 253 160 277 312 365 66 183 14 59 205 82 108
22
485 465 71 413 434 423 153 87 40 449 296 117 119 225 275 81 128 320 68 316 211 158
22
485 143 33 430 144 241 468 393 427 44 338 189 233 391 255 358 320 21 455 204 87 156
22
485 281 262 478 306 308 365 60 445 7 269 241 404 203 440 159 337 112 41 68 201 245
22
486 230 421 236 259 164 25 119 265 459 261 36 219 324 281 376 453 303 443 359 431 232
22
485 111 267 45 119 227 380 472 5 19 271 257 252 310 174 461 207 116 370 106 121 345
22
486 115 358 174 352 101 139 404 335 281 387 259 445 371 440 154 161 443 156 361 451 116
22
485 123 235 111 162 215 87 126 303 308 320 353 287 220 211 78 69 38 244 373 82 94
22
486 193 464 333 280 129 207 238 147 476 277 312 97 81 259 305 208 397 14 113 196 93
22
485 280 243 88 379 234 9 110 188 38 316 17 15 478 297 335 168 4 179 25 212 329
22
486 39 465 437 340 409 362 336 299 345 396 17 247 200 102 407 229 170 73 227 174 199
22
486 136 299 181 380 414 287 339 153 28 58 321 117 77 205 66 4 440 176 179 137 294
22
485 432 87 228 34 385 49 121 261 336 29 191 226 267 357 260 312 319 30 20 465 169
22
484 168 431 262 237 270 349 165 138 257 298 402 104 274 418 289 432 171 362 7 101 215
22
484 406 309 171 52 329 370 95 260 325 298 289 104 192 229 7 212 475 116 165 126 445
22
484 462 131 197 402 225 433 172 318 365 276 378 281 136 335 473 419 310 193 31 95 312
22
484 124 125 132 23 385 158 226 258 431 324 114 229 30 482 163 355 67 334 369 242 26
22
484 43 245 102 393 283 298 386 314 250 54 290 279 223 444 289 442 477 50 291 340 416
22
484 241 153 350 347 103 207 83 208 174 200 348 181 189 178 57 129 288 229 92 105 5
22
484 340 243 185 60 287 14 147 466 172 244 6 200 362 144 412 153 351 446 257 322 79
22
484 426 39 52 441 64 339 40 17 150 104 416 182 343 402 109 129 13 336 24 292 219
22
484 468 247 196 453 464 50 431 199 312 53 341 222 320 93 9 429 210 140 13 103 55
22
484 307 385 447 172 420 259 108 372 28 49 96 106 453 319 191 75 424 69 481 332 32
22
484 436 481 48 322 112 142 22 475 392 81 262 468 91 5 199 93 15 43 451 140 318
22
484 203 35 4 173 63 92 308 232 85 59 386 327 22 374 205 388 325 270 398 480 192
22
484 473 279 72 289 325 328 483 187 470 82 216 363 386 225 99 324 188 169 308 263 407
22
484 195 263 352 268 305 33 151 342 345 42 279 418 382 356 337 458 37 389 376 11 358
22
484 442 260 341 135 226 134 32 408 269 244 166 429 183 438 426 221 172 235 332 85 457
22
483 382 206 368 329 166 360 106 74 399 81 356 410 400 287 135 303 270 134 405 73 336
22
483 58 403 36 105 216 19 418 77 218 128 33 183 315 123 388 397 342 153 451 127 81
22
483 306 80 442 482 196 68 31 148 384 94 456 60 21 191 205 12 238 334 345 439 115
22
483 404 101 307 241 363 47 306 79 19 139 113 84 427 230 4 193 370 268 262 432 324
22
483 198 392 477 320 249 38 91 463 306 17 36 382 118 86 228 133 76 290 312 457 479
22
483 69 364 290 2 397 431 387 212 144 417 92 16 373 384 192 289 264 17 58 291 474
22
483 23 185 305 52 402 255 63 48 296 339 364 145 157 57 102 257 33 24 242 228 403
22
483 379 370 273 108 168 325 188 302 121 342 309 372 212 254 181 280 43 223 61 177 62
22
483 205 159 163 18 212 346 149 148 64 342 466 371 289 404 434 477 65 351 108 13 275
22
483 309 359 385 54 203 128 86 398 198 55 322 268 161 149 482 50 165 164 201 263 332
22
483 72 481 131 209 178 245 259 325 364 290 61 130 212 378 349 172 48 222 270 269 145
22
483 137 405 169 132 314 308 441 268 388 120 248 278 315 279 301 293 401 304 443 234 450
22
483 365 208 32 129 288 199 353 62 213 481 237 75 341 23 387 298 6 190 374 282 53
22
483 470 36 94 168 176 299 86 180 374 482 319 297 289 123 305 375 89 29 26 339 321
22
486 63 454 219 76 188 290 227 243 101 165 4 401 363 105 405 169 267 308 41 172 248
22
482 220 199 463 473 118 53 6 481 471 299 351 342 101 204 179 229 58 227 161 180 431
22
482 131 422 71 159 352 257 20 368 449 187 337 435 430 478 246 42 443 471 205 341 198
22
482 447 152 235 419 128 14 350 3 140 291 244 341 136 184 22 189 115 212 346 107 102
22
482 96 232 453 395 181 91 103 391 315 383 329 172 413 408 242 268 262 267 10 219 279
22
482 289 424 261 410 473 260 283 120 278 292 318 417 248 358 297 412 296 89 368 295 220
22
482 477 459 4 41 265 296 138 200 126 23 168 323 469 238 344 361 28 29 199 176 258
22
481 124 396 349 45 300 8 303 301 414 283 63 410 263 162 242 479 476 14 327 88 343
22
481 468 361 218 167 264 29 215 237 49 140 165 431 334 375 68 87 190 458 349 184 180
22
481 74 177 28 452 161 135 182 172 91 155 109 333 14 208 401 90 47 304 431 416 428
22
481 404 113 369 210 461 332 325 467 114 133 10 429 131 414 354 304 379 368 410 222 401
22
481 170 29 305 141 432 112 311 414 214 246 149 152 52 180 380 85 374 342 346 264 319
22
481 190 141 59 234 44 161 102 8 440 51 90 246 4 11 142 309 61 299 397 87 224
22
481 5 124 169 457 180 170 326 110 289 360 278 363 151 248 461 460 435 155 192 224 69
22
481 69 197 150 188 167 229 139 248 396 151 228 55 371 414 35 258 470 385 311 54 202
22
481 150 195 324 250 210 255 406 435 431 471 247 220 341 444 269 294 62 473 3 221 374
22
481 56 291 130 174 427 140 429 388 132 472 324 350 450 33 79 59 250 243 236 95 73
22
481 130 379 394 75 398 226 98 86 182 366 337 104 417 280 14 142 235 294 320 81 29
22
481 293 386 23 416 55 148 472 358 192 196 214 343 14 379 83 170 315 211 98 240 294
22
481 26 459 285 196 229 430 362 415 27 193 12 86 250 474 379 51 188 252 317 436 420
22
481 158 418 340 443 424 225 58 259 417 27 446 118 11 126 93 453 295 100 3 457 402
22
481 291 342 145 352 227 307 219 230 375 438 75 84 348 314 271 211 50 33 330 371 25
22
480 244 23 89 176 317 75 331 204 250 345 463 36 234 469 150 448 319 27 358 372 13
22
480 186 100 97 121 210 324 449 7 188 382 476 101 6 315 250 222 316 223 348 364 262
22
480 363 427 383 268 342 354 434 245 189 475 288 378 60 148 171 461 294 58 193 384 435
22
480 318 241 10 297 87 394 90 107 373 326 470 279 422 413 265 103 354 375 320 199 370
22
480 310 38 79 470 399 362 273 164 69 72 135 290 59 173 30 332 122 460 360 350 158
22
480 331 209 317 26 338 243 191 22 91 479 16 172 210 394 29 125 113 414 81 151 106
22
480 388 181 121 466 194 97 101 222 144 359 85 247 10 209 291 12 309 204 461 303 203
22
480 53 176 223 308 304 161 45 417 264 348 120 119 6 312 154 412 123 322 226 297 216
22
480 328 119 433 180 19 134 419 182 389 313 61 123 145 337 331 275 135 436 286 91 444
22
480 157 345 337 34 151 205 78 445 83 393 280 32 27 46 232 287 175 297 120 153 200
22
479 226 266 64 244 467 59 111 345 32 172 161 329 439 8 189 143 458 361 364 366 434
22
479 142 375 436 425 110 239 413 456 453 323 328 259 226 223 31 435 6 176 129 458 472
22
479 231 350 382 362 420 310 474 189 144 43 111 275 180 245 221 265 42 374 70 440 120
22
479 476 218 422 304 46 428 107 187 201 346 147 40 146 162 401 458 155 478 340 241 441
22
479 435 378 301 21 29 160 475 223 171 184 353 322 124 440 6 129 476 256 168 428 72
22
479 123 26 76 347 304 151 245 342 378 184 414 160 340 95 12 113 330 257 362 210 338
22
479 325 43 415 225 262 478 3 242 346 155 455 55 403 441 80 301 23 53 162 402 475
22
479 34 43 157 448 344 95 372 243 174 84 166 176 357 354 187 262 221 453 201 281 39
22
479 70 458 333 4 137 10 234 219 467 87 104 28 22 309 298 95 216 407 211 44 366
22
479 236 197 439 343 92 473 376 338 465 39 51 337 36 259 110 68 349 434 415 209 424
22
479 221 79 13 370 443 329 205 440 271 50 72 244 81 207 404 387 400 203 189 367 410
22
478 228 189 258 69 280 124 138 170 461 274 289 477 348 470 214 111 168 268 294 318 367
22
478 276 123 129 376 317 224 63 323 24 179 263 286 412 390 289 401 347 169 206 118 12
22
478 182 298 235 336 305 224 24 37 316 418 215 32 464 268 22 19 195 56 456 267 76
22
478 412 18 388 290 323 347 444 327 13 93 207 74 400 222 477 37 153 291 217 206 380
22
478 45 242 427 311 36 428 20 112 414 408 237 50 31 102 287 395 46 154 136 333 26
22
478 11 362 59 451 256 199 348 186 156 44 453 84 183 164 38 358 70 117 139 463 27
22
478 408 417 5 404 13 69 457 301 471 420 72 273 199 375 187 226 159 65 181 22 467
22
478 374 6 202 250 89 81 343 336 347 143 283 444 182 285 251 260 272 466 207 110 45
22
478 216 229 45 294 280 371 51 148 89 25 378 189 59 356 277 323 183 304 312 44 450
22
478 115 221 415 207 384 306 74 355 298 186 362 389 161 37 456 21 365 328 27 33 209
22
478 429 217 22 184 325 265 264 24 110 187 343 458 411 401 378 373 275 471 68 149 339
22
478 17 316 25 262 459 191 124 41 391 396 274 359 188 73 162 206 78 384 3 127 74
22
478 278 472 396 251 203 55 443 438 263 457 386 105 394 199 161 6 315 306 88 411 126
22
477 453 65 186 192 456 108 136 99 263 257 381 262 468 24 402 399 294 127 159 475 417
22
477 321 224 160 464 135 318 127 157 366 422 254 33 175 352 247 330 88 415 455 398 420
22
477 157 96 135 132 281 354 454 247 173 448 75 269 10 146 243 407 319 125 156 5 105
22
477 193 338 441 160 312 56 159 431 250 34 247 91 334 209 102 238 366 201 204 16 143
22
477 301 396 278 205 247 355 117 64 302 226 255 371 171 366 183 12 195 294 284 138 80
22
477 198 366 4 52 145 119 149 263 66 5 307 16 41 267 15 122 204 248 89 220 316
22
477 99 174 83 158 180 205 374 11 400 255 475 408 216 404 427 434 240 178 35 148 116
22
477 407 470 135 322 312 263 212 207 295 98 34 309 66 421 330 410 283 116 464 433 336
22
477 232 416 94 195 405 176 438 98 266 404 376 462 45 297 17 258 101 237 43 166 281
22
477 200 88 383 94 198 6 229 189 291 141 273 259 473 82 192 400 173 373 390 170 427
22
477 404 115 95 452 303 227 179 10 161 295 360 226 233 110 258 241 47 103 42 321 352
22
476 234 447 443 79 27 55 100 204 205 158 23 402 374 186 469 144 287 247 53 405 178
22
476 352 61 471 156 393 214 311 438 288 470 460 124 363 418 21 161 289 386 108 218 374
22
476 102 279 85 331 382 252 437 49 173 40 88 368 177 370 281 77 325 50 301 452 107
22
476 185 149 82 297 351 4 330 159 169 372 44 421 30 108 136 89 460 261 469 49 473
22
476 196 267 288 463 245 452 293 455 99 384 52 66 178 261 269 408 296 80 102 146 98
22
476 455 104 395 367 10 240 381 386 289 277 450 451 294 441 262 315 354 365 359 11 254
22
476 441 165 70 319 173 233 284 393 277 191 83 108 146 11 210 198 8 131 437 33 443
22
476 76 220 210 309 208 115 164 398 466 132 382 61 206 110 111 35 389 400 412 370 341
22
476 363 175 309 369 267 23 36 342 297 141 438 335 188 243 290 51 388 98 245 84 42
22
476 195 285 391 43 334 126 188 172 15 141 359 97 239 231 393 107 48 389 221 156 124
22
476 126 193 309 356 2 435 424 464 460 430 286 113 96 200 241 103 381 146 85 95 133
22
476 241 340 143 408 127 140 53 98 96 146 377 289 413 338 372 95 389 62 427 213 238
22
477 167 183 88 49 469 37 322 131 476 345 305 370 378 330 25 215 373 117 367 364 74
22
475 190 253 241 47 338 49 150 130 247 41 57 472 269 199 423 46 355 240 271 444 210
22
475 154 298 386 347 342 383 201 239 326 51 425 223 5 227 98 286 136 246 321 473 151
22
475 425 239 165 132 19 250 37 431 252 426 423 134 322 377 420 92 401 413 43 143 395
22
475 86 315 127 348 378 60 258 93 363 146 50 437 24 290 294 180 48 301 427 31 19
22
475 365 381 59 288 159 62 444 383 356 306 100 207 214 243 44 200 193 382 235 173 403
22
475 188 91 235 43 138 140 473 383 145 365 92 112 176 414 232 160 329 139 253 150 209
22
475 114 164 340 430 333 49 419 334 131 280 375 349 33 128 461 112 447 309 301 79 427
22
475 73 387 445 15 304 192 106 293 440 345 371 200 403 337 120 369 162 389 54 209 96
22
474 53 204 107 212 144 345 241 437 449 81 92 5 389 433 160 141 61 243 67 87 304
22
474 10 461 428 390 179 458 242 13 99 61 389 145 374 119 263 171 314 449 130 353 217
22
474 457 79 401 367 210 16 116 226 280 86 144 231 297 278 229 315 326 259 150 379 316
22
474 381 144 206 5 156 203 272 12 146 284 210 90 371 135 174 404 163 308 239 324 329
22
474 229 371 468 76 33 446 341 431 184 242 361 47 160 475 250 36 241 436 335 329 284
22
474 421 465 456 275 248 174 5 46 83 271 442 106 274 168 13 378 116 128 166 77 165
22
474 228 160 291 70 364 432 266 358 368 261 268 270 420 104 201 117 413 9 272 323 292
22
474 76 30 45 227 102 180 292 248 350 159 376 242 158 109 148 265 233 18 54 146 103
22
474 208 418 451 126 315 219 201 350 472 212 49 339 280 257 242 457 331 56 216 283 316
22
474 307 40 287 31 396 454 322 260 137 114 357 2 304 367 401 234 197 16 405 104 422
22
474 108 346 443 106 398 456 333 386 186 28 119 67 33 249 349 10 144 460 7 262 123
22
474 123 301 425 405 362 44 335 265 69 201 426 52 37 22 386 469 302 296 159 452 27
22
473 72 415 169 453 426 441 107 222 135 175 111 182 31 468 178 19 394 103 279 396 270
22
473 45 251 360 287 314 234 463 259 394 345 379 271 270 452 306 176 168 20 201 7 298
22
473 456 307 16 197 242 247 113 181 345 335 330 359 92 52 454 471 99 267 111 95 427
22
473 48 285 92 260 39 32 269 189 341 52 382 93 200 111 356 207 107 447 438 296 168
22
473 299 178 300 360 250 46 170 302 22 229 454 11 347 131 423 410 400 80 315 211 421
22
473 369 218 401 158 393 279 410 22 286 89 7 424 168 90 28 261 4 371 85 148 373
22
473 420 433 261 358 468 103 363 227 176 164 326 247 374 202 392 173 351 362 467 159 157
22
473 110 34 325 228 127 220 111 393 16 292 352 12 366 296 48 351 468 403 463 331 137
22
472 291 465 461 183 264 452 252 402 105 332 87 89 20 328 254 304 268 208 299 103 170
22
472 396 443 93 31 184 185 394 451 15 208 344 128 468 379 263 426 77 238 359 82 402
22
472 344 178 434 366 395 82 437 263 446 322 258 276 49 299 87 324 308 265 111 77 399
22
472 80 301 177 115 231 10 67 344 272 354 59 296 75 371 384 72 52 388 392 116 266
22
472 101 414 335 324 394 259 257 432 174 6 344 98 438 268 188 229 285 269 162 200 172
22
472 77 103 431 471 185 376 469 225 250 357 252 233 197 345 301 39 427 28 327 147 446
22
471 274 423 468 229 356 104 445 307 322 326 298 78 65 31 422 34 416 52 125 275 16
22
471 147 209 9 342 15 138 167 194 292 336 310 218 266 181 414 24 144 26 428 449 178
22
471 21 215 437 330 233 79 231 45 34 49 51 299 4 254 393 429 37 298 197 337 64
22
471 343 202 226 115 68 453 252 59 362 247 231 339 128 229 130 35 174 182 125 113 370
22
471 344 222 360 464 273 90 367 240 44 456 60 163 389 437 146 105 407 169 421 369 304
22
471 68 268 333 365 12 29 175 40 171 339 330 130 137 332 324 166 380 463 430 172 228
22
471 74 462 174 79 96 136 54 149 406 271 414 426 463 384 20 351 335 32 431 142 81
22
471 319 131 58 245 213 451 160 140 341 408 57 237 66 335 247 169 158 133 445 72 63
22
471 101 198 148 13 425 295 47 192 288 220 238 124 385 262 365 289 250 230 116 269 274
22
471 257 11 113 438 424 341 159 256 153 133 322 188 258 66 285 350 320 23 444 179 357
22
471 353 237 140 161 302 43 273 258 334 82 466 286 280 176 205 271 42 450 415 131 272
22
475 334 122 144 72 125 216 172 135 206 281 378 338 109 221 369 12 432 48 319 145 33
22
470 213 57 105 29 173 306 183 345 165 315 323 428 341 226 180 347 327 277 110 162 244
22
470 120 338 367 464 431 432 430 136 173 327 227 217 23 330 373 85 91 390 56 117 450
22
470 183 323 86 122 338 236 266 376 68 235 273 209 188 311 462 238 44 262 281 169 21
22
470 384 24 155 94 350 144 309 264 86 82 181 437 398 8 422 287 105 375 190 263 328
22
470 242 220 137 40 177 210 293 208 114 172 72 43 460 308 64 367 279 99 201 233 317
22
470 40 123 119 234 74 401 186 248 181 211 445 199 2 253 434 243 164 322 77 240 462
22
470 197 374 107 10 284 303 405 277 2 70 350 250 159 396 232 302 191 68 176 285 434
22
470 440 10 148 430 70 400 167 29 330 469 456 105 270 175 233 346 281 416 52 433 186
22
470 133 304 39 140 59 237 191 432 265 395 305 47 405 330 398 296 222 408 439 423 243
22
469 198 192 140 93 230 348 66 388 225 44 251 287 46 41 24 130 266 91 315 291 81
22
469 168 283 340 298 393 64 324 392 161 78 61 115 333 5 238 241 385 132 43 172 264
22
469 466 197 157 290 35 443 180 420 336 170 195 431 294 226 144 78 271 393 96 21 369
22
469 338 292 185 432 217 450 377 282 171 443 278 331 335 327 300 200 103 384 9 151 320
22
469 317 26 72 191 49 163 357 349 264 399 360 380 108 393 187 367 190 96 157 350 428
22
469 123 137 296 181 359 278 164 263 236 261 301 452 53 325 315 161 100 205 28 110 230
22
468 47 144 423 342 326 199 410 207 234 406 330 440 374 313 275 331 407 136 11 376 102
22
468 376 378 235 411 330 303 422 62 224 241 325 238 464 253 450 48 80 271 291 203 33
22
468 14 175 369 184 202 466 35 359 414 116 51 82 134 210 87 364 198 132 178 303 52
22
468 278 375 327 336 181 456 101 84 15 454 427 58 45 192 195 381 322 62 225 138 279
22
468 117 383 109 36 130 72 240 328 12 347 332 140 134 120 172 417 56 164 173 180 314
22
468 421 365 63 244 255 65 171 438 417 64 235 307 98 166 158 62 263 11 251 83 399
22
468 268 142 235 46 373 460 40 35 296 8 113 239 43 216 250 408 403 114 434 458 430
22
467 132 37 464 380 388 283 89 111 208 320 272 178 106 33 455 236 164 254 409 75 289
22
467 326 9 100 187 77 297 398 311 394 124 74 411 106 32 288 462 90 75 94 220 265
22
467 247 84 100 312 112 197 433 291 412 410 341 210 409 414 194 206 279 116 235 332 83
22
467 206 80 263 128 368 85 41 432 413 27 141 461 176 338 36 12 167 349 13 269 409
22
467 100 301 358 56 153 181 68 404 130 377 293 3 89 278 147 314 258 42 382 73 280
22
467 56 440 55 54 318 292 367 83 167 280 36 293 314 172 88 446 249 354 221 402 438
22
467 448 287 296 127 102 123 135 22 357 319 266 252 122 361 225 75 112 267 451 314 342
22
466 223 126 107 278 301 261 67 240 310 373 337 128 405 73 90 235 434 63 209 257 345
22
466 232 310 193 233 139 57 251 88 446 267 85 349 99 90 264 49 378 194 307 148 302
22
466 274 371 410 256 235 83 457 432 451 297 379 203 100 161 236 174 34 450 121 216 412
22
466 266 203 9 100 268 346 205 380 363 219 311 460 340 117 413 132 351 11 239 56 157
22
466 359 308 464 262 114 255 65 347 199 115 367 143 419 244 12 370 338 56 223 302 211
22
466 180 88 110 116 374 121 245 93 305 381 398 254 76 8 282 105 330 396 300 164 251
22
466 418 36 228 230 127 249 72 55 378 184 411 398 171 360 316 314 12 113 133 245 325
22
466 356 463 250 217 312 375 282 185 109 251 289 360 378 400 29 372 355 453 263 272 125
22
466 89 291 228 5 173 250 125 379 222 342 450 174 383 219 425 56 180 269 22 33 431
22
466 199 367 167 173 131 108 206 203 20 146 243 10 281 102 454 270 65 427 217 18 226
22
465 70 255 129 403 371 390 402 262 464 196 223 458 182 138 449 77 226 165 175 301 90
22
465 396 193 156 237 220 299 368 431 334 351 94 425 191 304 29 123 116 158 8 328 322
22
465 302 270 219 340 10 122 411 231 188 349 389 281 372 30 440 8 101 12 356 334 300
22
465 37 277 115 370 343 426 32 30 26 329 463 327 250 80 323 455 75 149 119 359 235
22
465 215 162 108 267 211 398 392 356 53 220 34 330 116 459 384 206 76 328 294 246 312
22
465 412 24 109 416 449 10 274 207 337 414 240 184 265 110 68 86 390 190 327 384 159
22
465 110 126 377 44 376 328 309 338 183 337 225 327 290 191 342 104 36 334 47 163 94
22
464 435 97 182 197 362 294 141 423 207 355 417 44 73 316 120 137 463 81 233 64 168
22
464 114 132 27 25 173 443 346 359 31 229 77 68 202 435 254 390 382 421 62 253 111
22
464 301 192 430 204 233 444 385 198 166 109 172 48 128 191 93 183 87 407 13 60 34
22
464 158 50 362 9 400 43 12 20 440 137 95 462 205 102 443 122 463 285 46 307 87
22
464 5 370 204 292 134 307 32 417 75 410 408 320 409 77 248 323 368 311 41 172 459
22
464 213 185 364 372 298 433 419 5 353 323 355 2 57 113 77 135 242 414 68 365 122
22
464 101 199 360 79 69 298 211 94 114 288 237 272 240 48 320 318 449 179 463 103 286
22
464 256 299 252 26 64 154 7 54 149 106 186 95 453 444 160 270 462 176 424 42 51
22
464 155 149 378 240 194 33 346 413 303 300 280 32 13 260 287 186 126 141 55 384 92
22
464 287 93 130 328 324 84 375 407 42 428 289 331 355 5 427 311 269 209 449 316 214
22
464 131 106 326 273 264 40 243 321 323 169 427 127 377 129 269 437 59 363 206 171 32
22
463 190 312 440 129 330 323 117 39 252 328 32 409 338 170 411 368 136 30 355 44 165
22
463 409 408 158 394 21 232 332 285 228 25 155 382 174 361 435 411 434 288 459 335 3
22
463 344 107 317 112 66 38 39 138 427 104 203 6 400 288 76 109 238 451 298 443 397
22
463 331 242 334 289 250 326 48 249 380 353 22 173 412 167 347 422 138 2 8 359 375
22
463 283 222 22 298 148 7 97 156 253 88 382 102 134 384 25 290 120 414 39 303 321
22
463 217 272 222 211 381 64 240 245 199 228 66 259 352 90 360 167 114 333 179 289 27
22
463 5 321 242 206 431 441 281 413 312 104 184 298 7 319 245 358 349 116 400 247 236
22
462 210 17 448 428 192 239 399 424 393 85 323 384 307 294 452 46 208 195 148 357 72
22
462 41 11 399 166 57 62 151 116 203 32 200 209 332 21 409 198 366 233 81 266 60
22
462 442 175 78 183 219 410 203 234 276 82 339 182 407 456 280 86 411 321 50 326 247
22
462 428 108 75 443 55 302 90 146 426 244 277 436 11 145 269 177 103 403 125 258 394
22
461 116 150 219 437 247 25 424 273 370 355 267 225 307 258 374 193 425 97 282 244 409
22
461 211 351 32 184 340 77 249 453 105 420 116 189 338 192 267 356 262 399 11 322 226
22
461 455 67 358 298 7 227 261 164 107 51 357 407 440 116 123 10 233 57 15 104 315
22
461 376 387 431 177 203 416 75 124 221 45 158 103 74 166 454 280 305 367 86 453 79
22
461 37 97 55 31 273 191 366 25 141 288 115 83 121 275 418 73 190 412 240 352 438
22
461 191 122 345 344 229 440 39 65 195 427 235 400 63 289 395 432 206 250 86 25 371
