22
1 313 340 152 305 490 122 434 414 98 215 402 208 444 125 350 74 132 456 277 326 202
22
1 294 197 370 157 280 145 35 171 245 42 499 229 257 310 173 285 270 25 327 151 146
22
1 171 428 280 327 359 433 30 234 165 198 45 126 474 215 227 136 56 331 355 304 64
22
1 61 349 19 411 239 384 345 97 433 455 308 355 194 415 213 357 54 119 423 91 155
22
1 288 429 299 250 134 140 15 343 203 328 487 368 425 159 46 240 235 40 350 431 6
22
1 39 263 233 202 392 421 68 207 53 247 401 442 127 110 218 122 417 321 130 453 344
22
1 207 388 245 57 103 156 264 174 73 291 498 485 119 20 375 345 173 62 65 197 184
22
1 267 53 461 403 169 396 150 5 306 89 405 241 130 500 227 17 495 471 82 126 347
22
500 377 114 405 263 180 183 69 253 122 214 232 239 288 355 406 455 329 286 123 87 415
22
500 189 332 493 480 370 333 246 79 32 401 110 375 165 96 151 367 380 289 310 469 52
22
500 458 171 203 397 473 224 342 385 475 201 191 345 281 248 232 277 21 374 233 472 243
22
500 361 494 255 490 11 70 31 341 267 496 415 279 317 183 260 294 50 106 230 167 335
22
500 249 360 169 460 429 379 57 235 64 332 353 350 109 308 431 62 319 497 55 480 126
22
1 318 154 307 89 185 8 166 88 477 348 457 141 409 229 391 424 321 24 332 144 205
22
500 332 466 52 246 257 43 477 328 287 79 107 272 110 462 170 209 196 384 368 396 309
22
500 5 102 161 228 36 84 498 46 482 199 241 331 285 49 441 387 18 290 260 45 374
22
500 469 372 165 451 440 175 75 172 313 336 252 475 92 83 395 97 123 66 400 256 221
22
500 20 179 470 50 33 40 147 202 438 382 356 134 172 262 461 21 334 393 44 460 137
22
500 408 214 405 170 466 39 471 313 443 78 467 23 86 10 302 311 299 432 116 450 2
22
500 67 73 485 367 170 491 461 29 297 239 284 153 436 134 419 85 496 454 272 12 119
22
500 179 470 195 414 165 383 317 137 270 257 84 213 98 305 319 479 279 12 382 63 398
22
500 461 468 397 300 158 402 153 388 64 444 463 203 75 6 71 236 375 110 157 121 427
22
500 449 97 261 352 74 259 75 460 307 433 194 485 208 366 339 241 46 72 70 247 310
22
1 101 363 234 220 489 299 484 229 493 396 132 219 11 469 19 133 454 96 99 104 74
22
1 399 11 378 475 74 108 293 123 438 405 146 124 398 220 2 76 127 403 312 165 493
22
500 376 47 338 404 378 128 75 495 73 35 76 125 83 141 456 120 241 148 315 28 287
22
500 241 403 6 387 70 209 69 439 258 76 379 80 343 429 335 164 269 116 174 161 474
22
1 341 147 80 177 371 465 398 151 243 5 77 17 308 59 178 442 344 393 324 199 192
22
500 51 53 266 342 238 362 206 213 147 298 482 395 104 426 276 188 493 301 142 466 463
22
500 104 60 222 295 392 55 401 207 439 356 154 33 355 240 4 83 446 217 115 343 215
22
1 129 32 228 413 248 181 94 272 15 231 193 485 200 75 420 482 316 355 335 295 392
22
500 28 80 13 32 274 444 489 227 360 75 491 223 436 101 158 451 24 423 347 413 245
22
1 258 168 257 354 339 452 269 357 404 305 451 219 71 27 497 303 332 356 437 253 142
22
500 121 59 196 102 211 435 194 471 147 474 198 179 436 5 19 13 448 333 241 57 69
22
500 489 413 247 281 162 22 386 166 384 250 13 192 17 119 54 4 39 373 412 205 368
22
500 228 369 108 205 212 8 180 235 406 415 394 287 246 267 167 495 396 12 187 138 447
22
1 12 67 85 414 271 149 328 450 308 54 261 151 122 95 45 133 493 83 377 246 35
22
499 298 29 320 173 274 201 87 462 58 378 147 445 323 386 190 40 439 139 385 126 94
22
499 230 227 244 462 385 272 46 328 235 342 365 377 270 140 167 175 35 66 50 430 361
22
499 469 326 229 277 315 372 455 153 374 305 121 437 41 398 349 281 16 485 279 291 254
22
499 119 383 72 57 253 470 84 43 397 222 272 403 34 76 179 410 296 282 348 89 323
22
499 354 463 473 151 163 217 91 291 347 348 314 394 40 78 137 153 35 7 229 82 160
22
499 182 332 381 432 173 87 27 240 139 97 191 124 389 435 291 487 280 430 58 394 196
22
499 455 284 283 33 261 130 413 344 381 388 331 354 309 151 36 397 414 386 177 169 95
22
499 449 308 47 204 144 255 401 5 192 110 500 15 383 123 238 7 8 176 221 382 495
22
499 17 2 306 352 409 187 477 293 478 30 262 456 359 417 49 171 355 120 312 224 51
22
499 485 97 294 314 341 333 42 156 360 194 311 208 181 180 136 26 307 99 72 24 376
22
499 59 296 187 450 283 241 284 78 11 246 264 70 377 178 206 475 221 213 204 81 432
22
499 330 445 69 380 348 31 379 371 282 322 201 422 89 290 490 483 149 311 172 440 337
22
499 193 269 226 128 200 38 201 7 30 145 390 34 142 424 78 56 420 285 441 91 457
22
499 55 88 262 284 441 272 369 454 215 175 458 478 312 355 218 246 397 180 287 183 64
22
499 65 250 480 124 350 453 461 189 194 224 332 363 153 92 228 279 325 15 205 247 209
22
499 418 497 336 45 404 377 87 281 380 123 93 372 329 198 420 219 132 100 169 184 60
22
499 109 129 60 24 54 382 279 101 380 122 86 364 196 85 328 105 249 70 445 288 435
22
499 60 442 254 212 202 271 448 229 272 491 324 326 101 358 489 365 378 455 4 485 51
22
499 428 180 54 197 409 283 118 287 93 381 36 364 19 48 308 119 333 449 113 318 284
22
499 310 116 16 77 181 284 143 494 487 174 338 271 248 397 192 29 382 50 187 401 417
22
498 487 37 252 52 109 155 92 225 353 377 246 367 196 255 429 58 331 33 293 431 8
22
498 58 146 427 49 55 359 162 325 304 364 317 492 286 459 198 60 195 152 411 297 221
22
498 227 30 136 464 2 417 472 181 362 334 418 322 240 130 459 244 316 35 93 344 481
22
498 456 110 160 251 13 259 465 220 340 451 174 421 482 32 91 379 40 224 8 378 226
22
498 402 53 84 150 410 36 119 272 490 393 466 424 205 332 72 97 173 87 78 130 281
22
498 146 211 114 252 408 267 166 61 258 305 117 259 474 201 402 132 280 243 277 346 273
22
498 366 208 463 68 453 144 231 369 78 264 53 251 414 123 145 250 65 348 412 464 474
22
498 285 229 87 244 336 261 458 79 383 164 322 323 314 271 181 32 42 223 225 416 238
22
498 441 409 293 326 302 340 406 397 478 381 50 58 154 132 26 173 73 147 496 111 267
22
498 341 346 396 212 115 83 306 202 432 55 71 45 442 155 209 408 446 468 117 114 416
22
498 38 308 367 225 189 79 76 234 261 428 409 137 334 471 140 318 89 116 411 180 224
22
498 328 86 125 402 305 277 227 421 247 413 174 38 355 474 164 264 419 222 146 414 207
22
498 219 143 233 307 407 384 163 240 113 64 122 433 12 201 377 47 167 121 151 315 319
22
498 374 52 23 211 146 177 27 26 252 155 25 313 480 249 471 100 437 270 449 274 426
22
498 306 148 376 235 372 443 367 59 318 478 350 429 61 65 144 35 241 414 213 100 53
22
498 203 260 400 433 377 85 35 357 199 21 299 387 343 39 483 11 139 52 292 45 237
22
498 314 139 120 204 18 412 316 163 425 340 173 310 350 146 144 159 471 145 219 413 455
22
498 476 87 81 13 94 256 188 54 173 337 31 475 428 338 216 210 183 46 20 278 306
22
498 409 89 395 449 296 7 61 232 452 282 185 473 191 74 355 268 379 285 243 34 476
22
498 286 380 477 181 398 298 139 77 495 19 384 461 226 344 53 141 63 442 447 230 46
22
498 363 392 254 205 189 349 286 417 173 478 388 187 343 463 53 386 51 206 288 440 497
22
498 384 297 415 470 265 41 453 387 161 363 203 242 218 320 44 275 81 356 171 375 21
22
498 45 408 339 421 70 64 109 163 407 226 458 213 470 11 35 153 373 399 75 195 162
22
500 100 232 389 12 460 132 473 490 188 364 231 133 303 285 24 412 407 171 298 220 329
22
497 138 3 353 163 447 169 361 217 471 56 470 244 459 83 100 351 355 285 159 59 320
22
497 473 233 415 22 27 206 249 408 5 257 390 443 110 201 314 395 374 251 309 199 111
22
497 302 56 492 486 47 207 398 42 150 13 26 4 305 476 340 356 162 432 99 444 81
22
497 133 152 111 80 132 74 134 76 481 214 208 89 20 24 275 321 473 117 254 425 334
22
497 295 355 328 54 161 275 258 241 464 311 338 163 388 324 486 310 397 172 44 51 248
22
497 154 348 342 173 174 93 122 474 484 316 106 408 79 367 465 229 219 137 129 290 185
22
497 439 140 51 438 308 10 99 213 72 283 339 426 47 281 94 473 465 331 271 33 350
22
497 366 405 267 190 72 429 289 162 168 249 364 84 304 271 14 104 169 461 359 170 58
22
497 380 66 477 106 283 356 154 341 296 453 475 335 447 161 361 48 134 38 217 262 153
22
497 383 442 484 387 20 170 331 245 290 14 183 461 298 286 350 345 78 422 437 120 325
22
497 243 8 95 218 290 387 111 48 105 313 455 164 377 465 299 42 474 92 124 188 74
22
497 408 59 155 390 156 311 88 267 323 272 410 376 159 429 78 454 413 264 492 256 147
22
497 250 185 237 187 371 190 244 234 315 86 287 261 136 164 257 215 114 487 472 140 471
22
497 122 366 224 235 164 165 456 99 34 280 145 232 293 492 222 221 229 355 457 42 172
22
496 216 463 477 5 131 430 40 49 31 333 334 422 410 183 235 41 94 100 11 3 228
22
496 399 298 471 48 88 282 52 99 370 190 457 415 83 223 96 384 484 343 262 290 407
22
496 274 119 472 261 325 187 389 115 364 74 211 425 365 268 265 73 127 45 30 372 398
22
496 13 90 372 109 131 409 244 469 303 38 400 285 426 138 394 160 118 57 59 72 312
22
496 62 256 232 310 434 292 245 37 447 393 293 272 275 473 481 419 464 359 184 237 322
22
496 240 183 86 387 421 461 188 447 483 227 143 269 352 468 203 494 436 351 199 425 345
22
496 33 347 287 488 339 331 167 237 239 2 388 365 264 188 97 248 429 334 197 467 338
22
496 196 424 308 390 142 11 207 3 100 245 411 358 472 16 155 250 178 271 243 444 217
22
496 293 273 127 398 276 30 425 234 178 469 301 216 453 391 190 321 449 158 66 126 325
22
496 18 226 147 135 208 271 50 125 267 56 465 43 221 129 144 305 338 402 431 173 357
22
496 481 117 138 448 494 403 172 454 301 122 77 93 87 353 187 12 133 317 475 398 339
22
496 355 498 452 462 70 368 127 372 312 200 297 270 264 409 72 293 71 186 132 321 137
22
495 167 27 165 34 492 490 325 210 270 238 141 443 100 419 341 197 396 89 77 159 316
22
495 306 230 357 152 391 210 80 158 145 126 159 94 220 375 234 416 15 238 50 273 157
22
495 416 34 251 257 176 460 210 135 99 8 253 277 302 108 291 154 159 223 471 63 388
22
495 176 79 452 158 191 415 301 379 481 271 373 131 302 482 31 392 167 385 66 272 151
22
495 188 272 220 338 126 40 244 369 76 285 83 51 121 61 477 270 50 44 19 75 374
22
495 285 438 398 487 50 123 184 206 451 7 31 231 65 280 162 18 370 245 190 284 357
22
495 87 488 341 15 365 41 307 224 16 164 33 204 438 439 246 216 51 414 454 335 74
22
495 238 141 420 132 207 342 410 16 126 395 3 412 417 426 201 146 185 21 224 34 41
22
495 44 241 466 424 170 263 227 265 98 388 269 268 15 333 196 142 113 282 220 121 150
22
495 31 189 225 75 172 464 63 200 279 491 252 341 417 218 29 87 441 264 160 451 389
22
495 144 187 142 244 277 74 145 220 138 25 268 245 46 219 89 412 80 383 66 70 284
22
495 204 37 209 268 171 134 315 450 92 393 79 217 101 376 298 485 431 388 479 41 399
22
495 485 78 386 472 174 234 444 459 118 266 247 493 466 21 91 127 94 177 197 224 319
22
495 194 433 92 225 311 90 466 55 213 255 494 482 368 349 142 106 163 174 446 119 154
22
495 45 302 242 446 119 401 381 152 145 428 53 83 155 108 284 296 52 363 110 120 288
22
496 178 469 489 117 76 343 128 29 101 454 408 95 214 175 419 13 313 99 448 75 140
22
496 336 274 181 454 133 337 4 423 112 464 283 334 315 142 83 63 50 9 417 484 132
22
495 193 322 96 177 311 310 236 68 220 486 456 12 206 384 133 414 359 137 156 419 230
22
496 66 125 28 317 82 415 427 310 249 281 73 65 164 333 481 99 35 384 323 198 320
22
495 209 489 38 400 6 239 185 252 181 333 95 417 284 359 131 90 136 322 478 177 31
22
496 435 74 100 475 251 450 426 267 224 3 163 104 56 63 373 26 155 118 52 349 351
22
495 271 174 248 397 483 69 151 331 360 179 134 150 347 422 256 441 219 362 359 312 196
22
496 73 25 149 401 214 461 12 162 351 60 343 226 291 64 210 205 61 164 36 209 67
22
495 114 247 160 120 302 98 166 25 59 426 316 17 304 134 194 69 441 435 261 31 263
22
496 485 55 469 79 57 90 67 406 478 445 441 93 422 251 483 112 439 264 247 399 420
22
495 392 48 442 220 171 222 292 438 368 462 469 242 398 47 187 427 472 489 81 365 372
22
496 211 333 392 81 5 478 405 486 340 304 492 360 98 204 161 472 317 164 372 103 20
22
495 154 195 98 11 277 327 396 145 473 19 140 484 90 337 481 172 287 230 250 390 190
22
496 458 315 344 362 53 438 489 444 241 16 385 321 190 259 360 476 284 151 45 421 288
22
495 25 365 5 268 263 69 216 78 434 360 295 450 401 218 222 121 435 254 266 150 391
22
494 82 33 324 237 441 306 100 380 384 317 385 89 426 244 262 436 455 133 163 204 276
22
494 72 230 25 11 115 496 240 432 196 385 269 63 470 77 97 327 479 185 166 440 485
22
494 309 118 239 195 422 67 55 13 292 35 278 18 206 491 27 443 152 254 147 461 297
22
494 431 16 210 18 300 362 372 469 107 143 98 325 53 178 259 319 304 226 109 12 65
22
494 345 291 442 437 487 322 128 229 340 206 336 220 78 445 146 54 205 460 248 22 216
22
494 54 213 19 108 150 166 76 483 9 479 86 295 95 450 215 53 365 357 249 386 191
22
493 473 60 261 143 4 254 180 26 317 298 214 74 193 94 68 482 416 104 288 44 358
22
493 117 189 408 349 436 240 468 52 202 306 318 148 322 443 208 421 144 223 255 342 153
22
493 104 145 20 301 58 342 68 437 261 214 197 12 443 161 171 52 329 323 452 165 142
22
493 38 469 81 486 192 217 67 17 243 485 32 100 193 110 340 379 213 261 356 410 19
22
493 264 248 219 288 280 168 184 454 163 474 174 234 235 429 262 282 263 389 119 41 332
22
493 458 405 244 301 293 311 194 486 480 333 403 408 420 326 478 241 266 63 459 429 276
22
493 387 292 190 316 195 132 363 68 385 25 90 159 245 326 454 439 324 27 269 364 374
22
493 77 327 274 185 4 471 252 103 174 345 155 11 326 104 16 263 254 337 84 380 157
22
493 218 153 422 179 282 182 464 328 29 405 347 376 437 183 229 53 334 175 188 192 382
22
493 226 282 279 82 203 323 438 257 339 341 208 160 94 258 100 186 358 346 253 292 30
22
493 162 179 29 207 129 314 411 4 364 359 410 41 337 184 405 391 386 331 70 194 452
22
493 305 444 141 390 258 111 229 226 17 276 405 372 215 453 346 490 161 203 81 255 76
22
493 355 255 157 75 134 254 453 65 381 228 158 3 43 161 45 248 291 297 406 212 34
22
494 420 195 252 93 236 346 185 465 368 409 152 43 292 347 226 486 76 123 98 58 190
22
493 336 151 264 487 250 193 226 435 238 34 407 199 77 10 393 143 13 458 480 290 246
22
494 32 226 393 57 117 443 206 251 71 12 179 159 390 197 48 442 417 356 20 210 46
22
493 244 324 380 436 74 307 135 96 189 382 471 45 75 296 421 238 85 193 122 130 125
22
493 86 357 383 340 66 283 448 286 135 121 360 260 93 432 106 299 11 287 254 333 484
22
494 154 157 137 366 240 351 332 315 385 99 216 362 33 120 25 316 7 310 414 2 492
22
493 474 445 247 460 13 110 400 304 348 280 263 120 219 27 321 37 369 481 41 69 80
22
494 434 310 322 377 27 63 368 367 59 64 465 450 225 91 382 162 257 243 128 52 85
22
493 265 178 326 11 392 68 232 426 379 108 88 152 4 6 65 453 240 43 214 293 185
22
494 328 402 305 211 95 489 184 262 343 230 198 440 142 410 385 363 136 165 154 251 204
22
493 201 437 31 322 269 341 130 418 25 49 272 27 40 165 204 479 188 459 259 28 367
22
493 488 234 174 383 19 394 70 395 84 343 6 420 345 116 76 228 377 392 201 305 212
22
494 22 39 141 147 424 448 346 317 453 197 28 170 63 65 404 464 281 44 246 113 409
22
493 378 76 456 270 324 73 421 467 277 405 22 434 452 479 163 145 37 305 128 47 34
22
492 294 320 408 256 20 396 205 439 153 401 97 282 374 120 445 253 433 101 45 110 392
22
492 258 54 341 15 421 452 130 209 301 157 117 429 478 135 19 244 470 390 235 195 445
22
492 245 439 145 435 328 325 482 48 329 59 350 58 198 47 349 406 67 155 181 87 134
22
492 38 475 378 221 13 98 121 191 234 323 267 256 131 315 461 454 462 400 32 385 434
22
492 461 403 454 169 205 22 467 47 145 300 40 59 388 342 385 457 295 272 326 142 207
22
492 266 459 404 89 258 277 211 236 52 314 264 431 371 46 433 355 484 381 425 78 452
22
492 80 463 330 377 20 189 183 136 43 49 398 350 16 422 249 396 255 470 67 176 471
22
492 424 379 140 387 479 222 416 352 281 188 161 282 146 22 248 70 191 353 488 71 491
22
492 297 394 293 256 267 430 3 481 476 439 176 50 34 488 60 383 319 315 313 109 263
22
492 62 444 98 218 27 255 44 178 10 84 210 153 152 484 168 162 241 108 122 128 193
22
492 121 370 49 233 358 340 457 38 181 428 250 176 62 234 90 185 199 351 393 319 88
22
492 231 157 58 9 413 10 134 88 32 122 422 59 351 447 236 484 343 317 328 330 273
22
492 321 30 82 246 432 260 471 419 215 467 385 188 363 266 309 175 169 437 273 329 224
22
491 122 226 409 62 21 45 360 285 367 188 186 71 191 99 327 479 371 94 209 121 179
22
491 286 474 401 362 407 438 201 343 389 196 8 395 47 243 15 295 244 188 239 92 28
22
491 304 173 198 316 139 321 269 413 283 112 403 265 435 88 119 428 216 218 224 39 249
22
491 116 176 157 370 154 60 363 202 152 478 7 51 107 121 348 361 362 288 187 91 292
22
491 295 375 435 288 377 140 278 346 339 133 51 267 22 324 36 419 53 340 171 421 300
22
491 321 331 257 104 243 376 407 253 428 472 167 263 166 422 284 50 307 65 127 469 175
22
491 337 434 368 260 274 321 120 43 470 65 177 463 85 271 169 399 130 127 161 314 194
22
491 136 483 484 224 156 290 278 371 13 99 83 227 324 97 403 39 201 187 285 188 381
22
491 23 276 55 352 88 333 26 308 289 336 317 199 433 410 63 358 235 370 277 416 322
22
491 477 344 361 179 251 99 391 429 16 150 488 135 128 20 103 307 148 208 35 112 345
22
491 439 51 121 88 68 14 441 155 24 247 190 360 94 200 186 59 216 218 416 83 105
22
491 53 406 369 283 31 18 75 378 199 172 276 361 159 481 434 221 232 174 90 220 104
22
491 323 395 464 263 129 51 299 358 352 125 239 172 366 30 149 137 309 306 449 329 154
22
491 485 111 367 452 455 64 69 304 110 49 222 23 467 79 481 217 81 127 146 450 315
22
491 63 3 490 154 427 348 470 100 67 59 474 367 483 247 70 257 105 86 166 135 451
22
490 57 311 75 108 136 14 355 64 82 489 114 214 7 208 366 207 72 402 180 111 444
22
490 395 392 262 165 106 250 393 431 81 37 295 90 184 84 76 378 147 193 186 243 89
22
490 196 54 251 359 340 197 244 379 456 278 470 2 56 140 343 277 200 468 224 283 11
22
490 447 477 52 162 39 336 119 199 36 233 287 64 9 111 185 318 475 213 31 302 79
22
490 344 329 391 162 228 463 264 304 124 252 195 352 421 473 48 172 359 361 288 79 57
22
490 397 297 309 406 339 142 336 32 20 220 233 21 39 427 42 208 193 415 401 425 143
22
490 481 149 250 182 196 240 25 466 367 237 340 53 293 391 87 440 356 480 444 191 197
22
490 105 393 306 212 302 249 65 24 180 420 349 448 315 208 32 474 160 91 451 443 376
22
490 202 182 461 356 231 10 213 181 162 288 204 269 97 321 453 123 370 185 385 172 438
22
490 356 67 184 76 88 84 343 226 73 69 311 296 278 218 199 25 208 290 115 270 108
22
490 226 358 25 182 201 246 169 374 392 140 260 391 324 314 117 295 200 429 174 122 33
22
490 314 197 386 95 411 224 391 44 360 126 318 232 85 182 235 377 283 48 199 375 116
22
490 13 438 49 21 109 393 409 63 12 300 199 320 378 206 160 251 195 217 7 181 472
22
490 143 434 382 486 479 395 363 347 348 71 240 203 76 137 41 362 89 286 163 196 437
22
490 480 403 361 365 27 82 74 167 222 364 144 283 215 301 69 141 166 235 204 21 201
22
490 317 19 429 69 103 288 413 218 398 430 56 414 120 245 269 330 408 363 389 154 257
22
490 354 362 75 329 119 333 209 272 276 441 263 251 453 69 8 59 9 440 106 186 286
22
490 113 335 261 161 12 451 230 262 87 239 225 103 284 358 388 134 392 42 398 325 252
22
489 299 156 463 217 83 42 133 227 416 350 433 129 276 197 15 62 222 367 130 411 95
22
489 227 188 37 210 23 423 404 307 231 344 482 432 335 81 53 76 302 239 449 467 314
22
489 76 434 168 265 259 389 31 94 481 103 50 329 19 147 42 304 471 47 486 384 188
22
489 259 397 12 249 390 356 140 242 335 105 196 296 152 61 182 392 232 95 290 255 142
22
489 19 442 207 315 58 354 203 197 200 135 111 198 304 43 410 330 395 218 447 311 152
22
489 83 138 197 412 179 86 146 441 81 295 344 180 374 198 388 382 104 8 119 323 183
22
489 321 372 191 177 361 214 311 317 152 161 224 472 118 363 371 84 312 259 246 440 130
22
489 81 330 105 326 244 387 426 86 202 338 166 187 179 429 308 312 394 478 280 435 391
22
489 110 412 221 19 313 407 22 408 304 371 100 318 214 103 256 395 374 137 394 232 347
22
489 401 279 317 433 414 121 377 480 239 3 315 250 218 442 323 354 393 462 258 165 34
22
488 264 130 245 33 333 2 54 477 6 189 308 369 451 141 151 316 193 126 76 150 156
22
488 451 124 36 128 51 221 160 362 409 382 380 198 385 342 290 50 411 238 114 392 244
22
488 184 286 4 309 198 283 79 357 454 67 123 474 375 407 6 51 355 173 445 293 76
22
488 111 443 11 36 22 252 462 245 359 8 338 158 137 74 218 27 344 64 150 196 142
22
488 293 390 199 57 323 192 223 334 180 386 22 251 393 245 236 86 444 80 217 66 89
22
488 370 166 346 197 199 126 86 277 477 374 178 468 464 241 280 175 350 4 389 65 81
22
488 367 324 344 287 279 43 258 419 473 336 262 142 376 16 146 397 331 192 413 49 247
22
488 218 40 294 302 132 435 368 77 387 221 241 465 318 90 247 235 65 292 253 120 119
22
488 288 83 401 30 348 345 471 316 131 178 231 443 321 181 280 405 50 396 36 214 352
22
488 62 56 410 202 234 222 310 411 243 120 314 466 155 102 161 125 436 160 100 258 119
22
488 396 115 288 309 440 149 402 156 113 356 200 39 167 94 433 190 301 346 215 285 425
22
487 400 12 169 13 208 14 108 376 182 388 130 367 396 197 102 23 253 152 259 448 217
22
487 461 77 282 345 367 185 278 233 485 182 473 231 314 305 82 265 318 47 61 112 298
22
487 277 453 429 287 175 113 395 443 343 25 193 390 36 286 57 404 216 360 367 457 331
22
487 196 148 301 369 63 131 272 4 396 295 270 91 385 75 345 273 264 410 24 315 140
22
487 390 265 253 148 381 139 333 5 383 213 267 463 364 75 140 47 377 106 172 155 138
22
487 102 190 139 287 21 460 454 237 89 126 93 235 431 242 402 312 365 255 475 108 322
22
487 287 186 146 243 131 345 465 260 437 217 75 144 182 375 285 279 325 3 91 9 319
22
487 203 251 237 334 5 298 16 127 43 250 318 388 255 51 432 141 327 45 283 145 309
22
487 194 45 228 183 450 449 246 175 321 27 76 413 28 86 270 93 117 262 165 107 483
22
487 405 168 385 217 11 205 70 152 123 311 215 239 402 232 210 270 228 164 256 172 308
22
487 389 95 186 349 53 214 262 52 258 64 239 337 339 166 11 155 473 444 415 271 285
22
487 289 452 401 321 228 192 421 422 220 370 209 112 132 57 252 199 30 350 48 156 55
22
487 70 458 245 335 295 233 4 378 116 275 411 95 460 213 179 164 123 14 161 442 217
22
487 407 449 3 62 307 422 22 257 374 353 83 313 247 386 370 217 112 108 144 404 283
22
487 232 359 457 172 105 82 345 418 43 453 69 150 347 306 221 324 138 281 322 9 385
22
487 75 469 333 443 483 430 17 230 368 10 339 187 91 81 202 83 245 340 95 5 172
22
487 40 455 91 354 80 371 202 229 484 163 177 85 468 141 175 31 188 289 467 36 356
22
487 286 383 445 463 252 434 42 40 279 339 112 291 340 331 119 113 239 367 85 266 262
22
487 162 101 177 8 273 24 384 88 40 63 43 89 379 377 454 315 326 289 334 486 35
22
486 460 366 82 179 485 7 38 31 236 276 199 183 89 168 449 46 360 441 482 435 269
22
486 464 177 274 36 365 345 363 272 415 445 444 367 468 30 81 53 278 154 31 163 9
22
486 128 395 423 45 124 224 176 138 291 198 197 331 3 174 258 341 153 182 373 53 64
22
486 210 67 437 144 455 285 189 385 264 470 149 179 158 350 156 49 36 436 461 386 267
22
486 312 358 174 77 195 315 213 179 272 393 240 253 211 276 97 85 100 387 452 466 460
22
486 98 55 242 313 182 293 211 140 485 188 417 447 145 476 53 373 445 471 436 228 352
22
486 329 418 157 256 224 209 369 37 405 328 164 62 20 34 313 479 340 455 459 175 5
22
486 167 429 399 68 165 190 413 158 404 275 311 198 474 322 108 257 444 66 16 138 261
22
486 189 430 333 291 181 260 388 383 378 254 184 127 400 263 227 477 209 421 174 259 178
22
486 383 130 331 37 235 106 19 365 278 268 145 456 457 90 187 356 324 63 446 448 247
22
486 39 233 211 446 381 480 171 405 140 14 286 481 354 208 19 436 252 4 186 419 116
22
486 212 25 106 296 300 18 388 102 75 49 323 428 464 137 373 4 426 73 363 169 147
22
486 277 441 144 150 459 338 210 482 46 419 47 55 75 350 74 241 114 463 483 443 42
22
486 443 484 2 176 355 394 161 170 20 386 217 408 9 194 280 305 301 101 345 68 332
22
486 214 311 233 91 322 163 220 408 158 128 437 188 290 288 422 248 199 109 266 416 346
22
485 179 462 180 5 90 350 53 447 356 300 67 9 12 251 59 199 372 374 479 187 394
22
485 403 215 262 242 14 397 399 358 261 199 447 125 237 280 338 167 138 200 429 43 111
22
485 165 237 69 296 376 259 85 71 285 263 396 320 3 257 29 233 459 394 446 279 391
22
485 38 232 404 340 475 28 210 191 368 15 456 285 410 297 307 122 78 375 18 362 241
22
485 11 117 59 234 409 335 244 64 136 461 387 158 241 332 328 135 431 285 161 39 451
22
485 195 182 8 463 464 462 398 93 334 107 289 97 78 193 188 372 115 443 43 239 458
22
485 89 377 147 163 438 47 388 418 376 172 144 133 52 29 55 4 321 183 343 158 185
22
485 200 97 290 277 343 99 301 240 156 246 477 380 121 92 191 138 275 451 223 382 283
22
485 33 59 479 459 168 215 249 116 172 127 358 171 403 377 30 355 443 340 55 4 131
22
485 101 269 423 270 452 321 100 36 382 168 337 286 366 276 322 83 221 396 226 8 160
22
484 228 325 127 131 134 148 430 53 476 226 404 42 383 209 22 188 9 448 341 420 46
22
484 87 307 416 205 458 270 11 402 47 289 281 480 107 223 319 393 279 374 349 297 254
22
484 437 271 386 95 93 368 295 54 8 177 267 15 179 108 436 234 255 444 298 396 204
22
484 244 47 27 286 101 72 351 60 102 475 310 198 28 201 378 478 77 401 156 194 141
22
484 480 155 374 389 443 58 26 172 297 348 294 38 468 27 215 252 201 236 180 222 73
22
484 55 255 316 439 247 393 344 441 176 373 337 355 296 156 323 149 14 98 278 213 367
22
484 116 401 110 4 78 332 453 277 104 426 284 287 410 347 49 280 190 5 52 423 323
22
483 396 234 314 20 454 139 202 464 217 430 363 453 444 129 163 387 255 482 233 370 176
22
483 480 395 370 88 254 412 95 119 372 178 314 403 438 399 474 302 369 141 376 447 167
22
483 50 351 316 407 393 421 47 130 194 324 402 370 323 396 8 168 6 282 166 150 388
22
483 101 163 94 199 443 279 237 304 345 92 392 85 330 13 210 256 161 21 187 269 68
22
483 60 67 470 248 430 53 241 251 36 328 480 188 88 289 335 164 450 130 62 407 173
22
483 445 228 437 249 121 216 141 115 224 235 230 147 309 196 291 70 113 236 119 293 308
22
483 169 28 281 297 319 409 218 286 192 103 416 174 362 399 346 202 171 425 71 240 89
22
483 243 377 422 90 325 340 280 9 100 435 397 80 299 385 68 450 77 321 465 367 437
22
483 235 315 218 349 172 373 323 304 164 429 87 82 182 167 367 274 118 263 452 70 446
22
483 355 358 107 194 120 323 156 248 42 97 314 117 264 267 185 210 161 347 148 271 86
22
483 353 307 18 329 210 373 414 320 349 160 278 273 461 382 21 394 100 187 164 350 450
22
483 450 128 120 338 262 314 218 279 411 373 294 400 462 268 189 339 200 92 271 45 382
22
483 315 116 207 325 371 381 456 143 15 90 8 246 443 375 167 58 301 296 47 125 86
22
482 418 30 133 184 430 224 129 42 96 239 453 364 143 461 342 256 60 141 416 280 260
22
482 436 377 46 374 268 421 280 171 162 361 86 288 200 14 471 350 394 447 103 126 334
22
482 462 43 334 234 197 273 259 446 107 52 398 231 301 297 144 134 7 440 6 98 464
22
482 389 481 177 284 394 78 217 33 21 474 260 72 324 49 183 303 347 398 326 274 187
22
482 192 34 131 381 53 150 294 364 45 181 253 413 263 171 358 356 457 230 476 112 122
22
482 200 250 193 332 16 259 138 242 353 150 162 253 97 267 345 237 41 96 222 313 362
22
482 41 85 84 64 26 216 104 8 238 87 61 187 191 220 2 65 44 322 298 390 38
22
482 453 355 342 112 209 345 412 118 346 66 448 464 474 454 54 436 163 134 431 135 24
22
482 21 165 82 228 494 12 156 141 72 153 170 42 152 297 378 169 283 318 230 14 138
22
481 13 60 254 170 313 162 457 28 11 218 175 97 462 91 125 169 385 72 281 121 165
22
481 298 253 308 174 405 382 138 456 114 150 104 458 97 225 362 432 340 189 89 165 96
22
481 140 342 433 383 373 168 327 134 48 150 242 465 336 439 407 64 249 394 209 467 225
22
481 22 289 350 81 95 303 205 407 376 279 351 377 210 306 52 60 168 369 479 32 43
22
481 40 209 312 82 451 393 243 428 340 257 41 468 421 234 452 479 467 137 463 146 266
22
481 234 222 369 270 52 175 140 475 95 284 362 90 177 287 379 157 178 278 224 378 92
22
481 76 88 141 47 241 37 161 335 170 288 218 192 194 385 35 417 78 29 465 272 365
22
481 338 310 160 316 84 170 230 425 241 132 254 263 194 133 351 147 388 303 39 332 445
22
481 134 202 299 193 454 340 256 212 455 146 49 199 135 309 402 182 475 393 302 171 21
22
481 249 2 101 462 86 198 443 294 292 181 84 366 290 185 94 418 468 180 255 25 193
22
480 193 205 436 140 60 192 464 295 418 49 412 237 365 145 168 425 114 262 217 224 148
22
480 223 29 138 269 235 102 474 420 300 197 324 41 361 421 237 186 375 47 478 334 330
22
480 463 330 233 232 456 416 479 249 169 283 212 440 292 191 91 387 318 121 419 413 303
22
480 284 411 472 449 263 400 220 457 58 353 137 318 256 428 143 123 124 164 127 150 358
22
480 391 320 452 124 400 154 37 326 216 221 64 103 181 357 155 337 266 129 172 228 93
22
480 466 278 395 431 184 79 7 281 467 35 39 339 242 315 69 358 125 207 187 193 406
22
481 89 293 11 324 209 208 120 96 364 477 110 247 196 33 25 143 79 325 356 342 97
22
480 322 128 385 77 384 172 200 463 154 166 148 229 118 103 211 279 269 108 297 171 366
22
481 320 337 417 422 81 368 31 4 411 271 361 29 300 60 130 86 252 466 140 189 385
22
481 4 313 471 210 460 24 31 444 46 128 269 288 437 108 350 419 246 391 451 112 218
22
480 110 53 51 32 467 119 389 190 155 439 217 414 23 304 37 446 413 220 344 230 339
22
481 156 59 232 363 13 406 469 5 146 413 169 12 98 418 179 269 303 320 319 262 382
22
480 342 291 178 379 45 372 189 304 262 255 36 191 368 91 43 459 473 77 205 17 436
22
480 295 4 25 434 349 460 354 72 3 269 376 193 438 387 230 473 154 156 109 231 293
22
480 393 412 61 131 325 436 225 38 299 32 228 48 135 411 200 467 241 420 331 396 373
22
481 349 423 451 397 314 173 396 34 203 33 464 422 354 364 76 460 414 102 32 19 273
22
480 271 159 179 67 470 240 339 302 383 397 116 257 354 342 168 238 300 479 107 28 229
22
479 263 396 83 387 103 226 134 178 110 139 225 272 394 18 32 472 54 174 255 91 468
22
479 161 177 349 446 163 473 365 131 420 260 427 32 23 264 458 449 343 56 276 296 235
22
479 58 193 102 382 246 278 393 291 90 52 181 231 65 110 226 384 13 228 370 411 234
22
479 292 61 389 285 194 181 59 416 393 216 131 447 123 350 291 119 84 50 22 312 264
22
479 339 304 334 93 358 13 67 428 321 138 299 86 133 332 319 403 371 456 95 59 175
22
479 48 111 359 384 189 124 14 156 180 261 55 215 217 118 239 262 328 26 441 411 409
22
479 312 21 196 75 304 97 297 39 346 11 131 215 366 251 136 211 13 98 394 322 228
22
479 267 348 227 438 171 314 244 156 94 149 413 442 176 337 55 161 154 122 28 365 312
22
479 94 147 330 243 112 331 97 369 168 342 117 413 260 76 60 66 419 131 152 192 357
22
479 408 464 232 44 28 67 323 125 57 328 135 102 60 23 366 209 171 150 425 157 365
22
479 411 126 305 378 33 154 29 420 303 292 331 160 349 186 323 190 199 125 400 259 111
22
479 296 17 218 433 118 214 336 268 87 101 253 366 189 471 7 375 309 215 208 305 16
22
478 54 17 448 80 308 343 440 176 67 392 405 9 467 311 120 300 371 24 81 121 175
22
478 345 376 473 59 357 205 329 93 204 68 164 371 295 148 409 392 341 358 417 424 258
22
478 148 45 77 257 321 374 448 48 389 327 30 408 473 97 107 161 362 144 438 201 457
22
478 155 455 99 306 159 403 137 382 175 458 335 381 147 436 50 33 342 398 405 261 15
22
478 18 228 122 265 325 397 284 249 347 191 65 287 451 420 50 25 179 392 175 71 337
22
478 372 286 272 275 225 151 457 188 103 375 80 89 377 236 42 186 79 366 269 401 404
22
478 106 121 300 103 35 108 447 420 421 302 3 203 36 92 323 164 315 237 249 278 245
22
478 219 135 417 216 432 23 451 426 409 91 162 397 125 188 114 141 476 414 28 285 349
22
478 447 328 60 158 134 353 196 257 270 59 84 21 293 105 157 131 231 409 454 359 179
22
478 114 210 324 132 104 387 266 82 282 404 294 366 78 98 235 389 152 110 407 372 165
22
478 16 426 431 37 194 184 20 127 214 325 443 131 469 436 372 327 72 460 17 463 316
22
478 117 383 88 286 465 308 346 85 60 361 327 357 67 279 126 122 73 384 208 302 114
22
478 246 52 250 30 63 49 466 295 363 268 16 399 391 100 367 83 42 145 10 143 50
22
478 268 465 331 265 144 2 26 180 127 426 73 135 346 211 169 227 297 418 222 130 6
22
478 305 194 69 214 282 164 166 35 167 357 90 391 181 330 452 114 438 213 445 374 310
22
478 44 267 276 88 329 114 255 17 34 256 230 89 264 336 467 42 52 321 476 198 127
22
478 135 239 273 66 112 253 118 86 225 78 103 93 201 343 255 361 2 461 267 305 42
22
477 372 139 43 316 11 363 126 143 9 428 330 418 395 140 374 186 37 384 399 136 229
22
477 228 325 237 415 272 4 33 190 425 247 28 171 61 96 198 152 51 355 312 166 24
22
477 28 75 100 133 457 58 335 350 472 365 103 453 187 298 342 448 72 161 397 116 154
22
477 191 93 146 204 366 175 269 332 28 113 288 463 465 442 211 174 170 67 301 65 26
22
477 248 239 92 9 284 237 138 292 383 303 197 319 55 11 421 369 152 13 352 316 325
22
477 151 347 447 13 306 200 408 401 153 197 254 391 65 350 262 260 354 356 10 243 110
22
477 162 7 422 226 105 199 70 56 214 299 241 166 227 182 259 6 475 65 130 445 412
22
477 358 117 132 7 376 433 295 367 327 283 100 35 279 31 183 403 444 203 163 6 423
22
477 357 142 471 373 443 239 255 127 393 299 230 414 416 232 29 314 420 132 223 173 36
22
477 90 277 431 32 46 31 344 108 242 205 289 216 261 54 440 62 426 268 155 11 152
22
477 240 177 302 133 359 354 80 78 448 205 135 224 370 282 426 30 442 386 192 380 44
22
477 30 383 170 448 390 167 138 196 295 23 400 447 300 142 9 2 264 397 303 116 61
22
477 26 310 476 415 53 5 397 147 363 23 6 185 244 137 464 171 229 356 365 399 460
22
477 74 138 273 181 176 61 201 291 386 104 375 211 456 248 159 105 310 24 179 275 451
22
476 346 437 251 460 51 405 408 211 37 140 302 272 351 55 305 204 248 139 25 273 206
22
476 299 414 174 364 413 36 456 465 115 362 257 406 172 191 3 100 467 367 72 18 7
22
476 351 213 120 422 78 411 280 469 183 248 153 308 57 55 355 118 208 144 393 109 58
22
476 426 61 2 152 86 180 199 413 23 159 420 277 55 432 332 323 378 352 169 390 191
22
476 475 204 394 184 398 266 174 442 16 113 439 364 72 13 304 213 124 401 130 367 76
22
476 266 83 363 232 125 135 38 475 229 132 169 352 31 100 397 42 278 61 428 419 469
22
476 200 298 306 360 189 263 145 464 434 7 292 62 213 201 420 94 20 92 223 435 276
22
476 6 446 155 247 421 308 67 24 310 242 258 286 216 150 418 138 224 407 339 326 64
22
476 427 4 433 364 347 136 246 248 112 60 264 123 224 256 216 461 116 390 87 279 313
22
476 198 101 16 282 88 61 81 181 443 80 474 448 449 18 472 148 342 460 408 55 99
22
476 134 450 373 56 153 471 322 237 417 452 327 357 278 135 174 355 381 182 222 190 288
22
476 261 370 423 349 9 446 143 99 8 51 229 35 252 338 228 188 58 410 140 111 341
22
476 439 63 163 15 425 52 175 194 137 232 365 278 107 135 351 308 101 259 417 342 112
22
475 391 185 39 119 303 116 330 100 75 463 445 66 3 473 85 223 128 334 442 22 12
22
475 59 149 85 387 379 408 399 314 290 202 156 141 44 73 440 343 119 180 133 457 337
22
475 280 56 446 120 19 74 166 385 135 177 191 11 399 461 267 456 328 349 183 78 474
22
475 399 79 246 464 125 258 43 438 307 52 61 9 467 167 374 283 155 334 110 158 70
22
475 370 401 244 74 109 81 131 413 167 208 430 298 239 219 393 335 91 29 5 439 13
22
475 145 138 332 270 334 48 447 121 365 62 412 142 250 151 314 382 128 335 106 7 406
22
475 443 51 325 439 214 220 26 311 339 295 45 261 206 15 112 436 110 194 216 157 174
22
475 216 220 310 457 124 209 207 154 414 315 189 415 278 117 149 121 403 450 317 421 316
22
474 212 136 416 317 11 371 115 321 314 323 433 414 152 135 210 38 373 446 374 236 217
22
474 305 105 8 259 255 184 104 117 352 29 402 395 411 349 389 158 459 122 425 25 373
22
474 352 328 124 420 222 331 404 293 104 298 175 261 276 71 302 108 374 31 320 468 84
22
474 20 148 31 439 405 11 316 446 219 378 280 230 111 215 228 161 258 193 28 252 150
22
474 91 190 98 76 96 270 165 473 229 355 105 211 10 144 452 37 69 414 396 52 431
22
474 457 360 122 357 416 289 141 335 49 69 199 472 34 224 208 285 181 156 409 100 336
22
474 81 221 103 372 122 350 158 141 468 473 85 343 329 33 203 273 238 178 132 394 401
22
474 431 318 304 64 391 221 416 6 110 338 409 363 27 445 326 35 448 95 266 48 447
22
474 447 412 34 398 291 154 97 71 76 368 421 74 411 436 433 240 48 404 405 141 127
22
473 79 461 129 319 263 457 454 204 430 244 386 470 90 43 341 199 453 200 7 94 404
22
473 132 468 130 229 371 8 77 312 306 37 99 283 74 263 364 64 335 224 293 447 231
22
473 425 74 268 326 99 121 170 114 72 96 456 298 464 173 82 381 262 398 260 2 51
22
472 166 267 153 260 41 443 332 29 227 91 273 300 374 73 347 346 235 385 420 63 419
22
472 63 357 247 75 183 454 162 74 409 334 311 345 470 466 456 35 237 140 419 282 329
22
472 127 189 151 248 247 267 92 49 217 279 23 120 174 418 146 155 259 159 242 432 452
22
472 143 14 331 319 425 423 229 132 341 121 433 411 174 360 465 240 309 251 99 386 381
22
472 425 427 277 12 129 190 435 180 318 33 234 304 409 319 171 297 77 312 303 342 470
22
472 180 346 104 356 55 152 162 274 207 383 133 458 36 402 197 259 70 189 102 431 305
22
472 421 290 418 229 55 65 177 439 457 160 460 141 337 184 171 99 447 254 204 173 118
22
472 406 16 440 324 246 120 345 2 291 115 461 416 366 350 226 364 274 443 371 86 321
22
472 283 327 179 395 97 424 340 410 264 391 400 374 294 376 289 343 114 105 210 388 291
22
472 12 437 379 365 348 303 74 154 112 73 87 466 4 184 453 137 171 40 337 259 226
22
471 403 54 203 218 248 255 7 128 41 90 88 413 352 6 67 174 80 104 200 140 304
22
471 158 443 128 269 249 243 226 119 139 147 71 366 21 63 176 43 373 409 301 364 133
22
471 194 97 3 270 462 197 399 15 243 50 346 255 158 215 446 403 253 390 27 283 121
22
471 253 441 332 283 305 180 186 150 424 86 337 336 231 102 300 304 405 352 358 135 137
22
471 219 282 274 379 465 236 178 468 88 69 445 84 83 8 318 51 439 139 415 124 106
22
471 227 377 180 130 36 7 90 83 18 66 55 287 384 181 140 104 234 188 382 449 84
22
471 216 306 59 217 44 331 46 434 408 384 267 382 105 222 428 132 99 120 442 401 23
22
471 62 34 431 403 16 434 18 50 312 37 197 112 234 202 365 152 406 231 77 41 184
22
471 231 383 66 44 351 186 98 432 304 163 219 340 210 228 240 388 150 285 396 181 424
22
470 382 343 358 162 268 453 357 67 408 107 26 66 245 51 403 431 462 200 119 398 432
22
470 252 446 373 230 453 137 145 131 82 284 349 239 110 419 414 175 229 232 122 26 193
22
470 461 381 358 156 114 454 29 92 238 163 25 369 310 21 340 417 116 261 142 328 394
22
470 261 342 22 402 95 400 156 14 313 357 205 375 48 347 153 454 109 160 30 396 186
22
470 207 237 238 184 276 44 247 117 286 98 312 31 103 194 182 137 200 445 111 387 96
22
470 433 190 47 167 309 279 388 338 437 2 405 127 16 384 308 159 145 377 191 203 373
22
470 49 290 193 387 237 294 79 205 278 139 385 437 462 200 202 175 113 391 329 35 3
22
469 88 116 282 309 318 185 121 398 230 375 90 299 292 200 6 98 379 144 124 451 245
22
469 100 436 237 382 211 391 6 32 268 99 357 37 23 196 448 5 308 202 61 297 258
22
469 227 33 20 178 202 337 289 184 273 100 24 238 213 46 290 409 241 386 185 413 395
22
469 369 175 288 74 229 145 433 183 384 282 188 196 399 411 14 26 69 99 155 420 332
22
469 143 176 79 300 314 9 46 428 70 89 206 248 135 174 20 186 335 402 101 151 305
22
469 182 458 346 285 350 249 152 59 207 258 306 161 174 97 167 296 21 85 465 122 223
22
469 443 223 348 445 210 271 202 420 16 362 410 75 172 424 99 385 154 107 130 318 365
22
469 71 97 257 63 316 108 231 415 451 53 51 42 406 110 122 274 134 371 410 368 101
22
469 122 119 279 65 189 225 160 129 379 185 81 437 356 404 393 198 128 197 449 182 95
22
468 380 288 462 224 385 53 199 303 5 281 85 449 268 167 82 391 315 182 69 370 390
22
468 385 76 79 276 347 176 64 324 406 168 174 18 94 26 314 421 424 191 44 467 161
22
468 306 76 209 348 206 35 234 367 112 159 275 169 288 332 93 357 120 340 170 16 467
22
468 225 128 447 178 137 327 223 121 188 333 103 124 29 343 340 27 12 234 318 117 446
22
468 275 273 286 409 389 425 358 191 250 247 463 94 56 53 106 164 79 418 406 419 464
22
468 235 337 100 16 10 194 26 202 46 122 185 299 223 207 460 382 82 243 217 245 8
22
468 158 340 303 61 175 312 99 130 72 224 90 358 25 65 291 46 367 287 251 240 200
22
468 440 344 336 96 243 394 290 357 326 390 149 309 125 62 174 300 7 211 401 397 203
22
468 136 438 341 330 266 316 363 25 156 119 9 260 55 312 315 15 231 219 379 326 463
22
468 122 250 336 192 296 18 232 393 154 445 99 251 312 21 216 89 321 300 239 63 414
22
468 386 333 104 188 124 365 74 109 259 465 57 220 301 455 225 308 140 317 120 400 79
22
467 309 106 112 253 183 294 144 81 241 296 436 221 102 175 203 135 142 164 173 58 15
22
467 126 314 401 23 335 106 217 368 18 84 361 426 170 465 260 24 167 349 453 204 256
22
467 361 451 312 409 150 17 68 329 16 210 205 392 285 53 304 264 258 279 302 183 13
22
467 262 118 422 328 357 291 254 240 267 368 180 359 323 107 153 281 434 344 36 238 347
22
467 73 76 77 247 143 267 296 344 147 446 34 144 372 124 97 150 157 309 351 199 168
22
467 174 104 26 51 60 342 439 233 5 296 393 32 426 295 406 306 427 305 134 162 9
22
467 368 427 456 170 273 410 344 188 322 282 459 326 450 391 221 335 97 165 432 19 121
22
467 300 200 186 14 53 419 461 137 249 371 333 78 458 183 241 329 227 322 288 65 442
22
467 341 219 261 162 436 50 245 22 356 65 386 216 57 46 352 258 262 348 189 100 359
22
467 147 153 329 268 386 404 42 298 67 210 302 75 149 432 389 424 388 360 128 350 79
22
467 323 184 129 334 371 339 229 38 98 132 154 48 20 337 343 217 385 374 315 244 103
22
467 352 443 326 22 358 377 422 364 466 243 131 152 146 275 269 227 344 228 101 16 201
22
467 295 38 304 418 165 135 197 110 294 448 127 343 335 141 60 164 162 297 254 301 246
22
467 338 251 39 459 142 373 337 233 421 274 83 360 336 181 15 179 319 340 113 238 16
22
466 181 335 111 412 97 315 20 94 218 305 404 354 62 15 307 200 107 130 157 402 219
22
466 87 369 252 234 12 275 47 80 322 93 378 95 351 394 197 181 251 293 264 419 185
22
466 196 22 2 49 116 246 347 304 8 31 213 390 211 193 389 13 292 137 199 200 275
22
466 164 78 27 309 363 433 90 188 280 293 169 217 386 2 373 187 258 324 103 322 96
22
466 212 30 415 189 127 4 433 171 267 73 441 67 106 286 411 309 224 300 457 100 77
22
466 345 260 406 283 274 186 454 159 425 65 392 63 149 193 407 298 442 232 97 258 350
22
466 167 136 394 427 91 207 288 279 193 200 146 455 278 231 275 233 208 20 438 132 297
22
466 357 4 135 46 16 71 376 103 341 332 110 182 282 138 251 42 98 284 416 395 292
22
466 135 251 404 36 452 417 277 273 461 126 429 321 130 422 102 26 109 307 403 386 137
22
465 73 311 455 264 341 259 147 322 383 190 399 70 250 463 444 398 335 286 87 409 255
22
465 197 25 217 386 401 170 167 115 275 18 123 413 461 407 463 179 393 196 289 390 326
22
465 228 452 134 240 402 167 370 304 159 361 449 120 443 14 424 340 5 111 440 311 52
22
465 396 413 229 335 61 381 266 429 312 432 198 169 86 41 187 235 134 237 222 407 462
22
465 130 284 312 446 184 174 359 276 271 348 194 268 365 123 118 457 227 409 33 421 126
22
465 66 260 132 156 415 234 342 310 34 441 338 221 140 337 361 335 264 68 332 462 407
22
464 437 204 10 105 356 227 76 48 111 319 248 331 174 326 314 349 28 423 357 217 381
22
464 352 158 396 8 399 203 105 244 206 230 309 446 341 19 129 65 349 268 149 131 356
22
464 294 373 219 121 178 376 403 206 367 65 279 448 183 302 377 170 266 186 444 89 67
22
464 372 129 297 319 219 70 17 164 305 115 375 28 226 444 261 304 14 168 379 451 6
22
464 71 26 236 412 316 275 123 395 169 105 400 31 239 144 399 204 418 257 333 301 250
22
464 333 400 365 454 328 183 284 312 447 385 137 237 157 5 331 106 264 234 34 171 210
22
464 5 428 458 29 372 226 27 86 177 195 110 56 289 108 242 156 22 35 221 188 331
22
464 201 364 276 373 381 460 187 210 157 254 320 68 168 249 141 165 199 287 125 106 243
22
463 22 407 306 300 66 287 397 260 395 252 3 403 281 24 55 5 359 7 313 15 92
22
463 378 322 31 400 206 458 417 120 461 406 243 307 167 258 14 314 146 411 73 5 126
22
463 371 278 456 344 161 367 206 207 263 169 64 254 63 363 379 452 322 140 360 191 150
22
463 72 57 21 409 420 277 173 171 442 315 144 370 14 390 78 436 211 214 15 27 166
