22
1 296 340 441 173 81 407 302 354 454 246 393 159 361 85 43 495 416 314 28 222 255
22
1 205 399 29 47 217 183 289 51 202 314 135 258 91 185 272 382 474 194 52 232 482
22
1 426 304 25 199 412 184 401 259 5 443 463 449 371 369 262 83 498 224 320 496 330
22
1 163 357 308 405 425 383 193 286 444 49 198 375 411 499 10 61 296 13 488 297 314
22
1 340 79 164 299 33 98 358 67 308 202 170 364 125 479 319 433 31 244 285 322 82
22
1 413 178 43 360 428 76 277 412 42 414 99 210 251 330 79 154 116 336 333 137 69
22
1 140 65 137 453 462 231 234 8 434 459 470 373 160 82 113 224 415 157 370 252 321
22
1 253 4 242 421 215 154 152 202 278 343 259 356 198 225 21 149 197 159 95 383 312
22
1 145 64 57 377 424 66 213 428 269 251 10 252 40 5 274 185 389 55 486 135 21
22
500 221 168 478 362 479 177 158 111 453 382 360 371 14 228 309 102 285 214 37 35 448
22
500 18 488 294 48 28 200 100 76 339 6 414 471 416 257 305 107 104 340 161 297 474
22
500 391 318 27 477 115 341 351 448 135 430 35 411 374 467 124 427 136 75 206 157 243
22
500 269 80 404 437 15 174 210 287 49 95 209 119 243 315 218 77 58 312 236 425 6
22
500 112 84 102 5 375 199 140 294 177 237 16 452 350 40 31 130 412 110 404 208 311
22
500 51 300 397 456 435 16 61 123 351 175 50 350 287 306 238 24 153 485 217 395 433
22
500 356 26 82 402 495 323 36 474 160 444 121 396 450 79 307 218 152 347 317 129 436
22
500 257 207 471 381 382 80 90 397 209 303 388 187 333 425 216 43 296 3 402 410 136
22
1 251 430 139 97 65 453 100 133 373 404 285 40 311 157 407 188 432 282 135 320 126
22
500 110 359 68 442 29 347 397 306 300 452 227 286 298 54 443 336 57 198 321 44 159
22
1 195 292 315 218 235 41 359 7 78 164 364 267 439 133 332 59 345 94 20 156 229
22
500 127 368 18 342 443 436 396 323 156 447 489 465 189 77 494 130 318 271 352 32 53
22
1 389 307 113 210 5 357 110 10 458 452 30 341 122 204 498 449 180 404 275 392 213
22
500 227 33 193 56 5 421 96 336 400 206 184 321 79 87 467 325 388 198 319 345 141
22
1 387 419 290 312 24 485 385 241 217 283 96 440 482 233 105 213 238 376 76 342 2
22
1 136 221 179 124 185 470 129 305 292 411 378 6 68 405 182 170 467 120 224 112 23
22
500 388 200 6 391 313 189 404 231 286 77 365 488 183 430 74 129 89 113 37 33 169
22
500 12 132 273 303 159 54 216 431 226 101 417 178 440 61 353 121 43 299 136 120 264
22
1 35 303 370 219 304 417 256 272 209 427 137 445 330 128 42 401 264 138 334 385 497
22
500 182 446 101 295 402 454 149 255 167 499 61 343 3 89 341 70 117 180 266 145 177
22
1 309 15 165 123 266 238 360 203 179 315 403 289 456 169 38 367 79 347 121 346 384
22
500 150 423 476 469 254 482 229 200 409 29 132 378 215 43 66 120 62 394 320 46 372
22
500 326 337 233 225 197 115 60 387 9 178 286 285 136 306 176 357 45 212 385 480 378
22
1 370 310 272 78 70 361 418 184 175 438 392 147 71 130 339 416 22 255 459 419 58
22
1 284 26 414 186 199 130 173 476 370 421 438 325 64 217 117 458 55 361 153 251 459
22
500 166 360 14 497 353 327 187 219 282 78 131 222 449 251 351 335 224 128 243 413 322
22
500 263 475 378 88 304 140 222 260 143 50 229 119 365 404 278 179 3 369 354 195 335
22
1 20 311 455 271 165 368 307 27 443 77 378 386 237 381 83 191 478 270 187 228 295
22
499 118 21 54 393 12 278 497 294 256 380 210 438 435 170 215 126 62 123 18 66 311
22
499 298 7 419 54 297 201 215 113 231 21 301 281 286 370 213 176 494 492 83 459 58
22
499 268 406 82 180 53 397 333 321 479 236 197 77 310 409 431 73 286 186 372 247 241
22
499 295 226 488 341 244 229 32 463 231 134 148 220 417 379 427 172 276 162 179 496 177
22
499 434 46 9 419 173 270 240 261 93 30 401 464 4 418 273 38 374 191 455 113 421
22
499 367 456 359 116 113 234 428 335 262 199 61 347 233 158 137 450 419 152 479 127 402
22
499 238 241 44 239 206 145 196 400 387 57 449 158 388 278 113 205 339 154 433 194 379
22
499 293 445 114 211 398 405 214 434 349 32 325 436 175 68 352 262 106 229 261 460 488
22
499 405 164 192 242 413 31 181 219 187 15 109 272 419 150 120 234 337 356 483 56 497
22
499 380 127 410 157 43 442 324 301 204 282 453 226 149 340 158 496 63 11 474 379 98
22
499 122 413 68 370 223 126 179 263 328 79 46 63 375 67 288 104 492 258 6 141 176
22
499 433 284 390 146 443 236 313 487 163 134 336 86 249 436 28 64 296 22 407 425 423
22
499 49 404 281 334 41 174 386 414 215 248 379 369 46 145 389 64 372 223 68 196 287
22
499 286 187 43 431 170 171 74 111 222 92 318 59 142 174 303 22 290 49 127 199 41
22
499 416 325 372 443 178 231 145 48 152 139 295 237 103 11 90 338 108 236 381 367 226
22
499 424 133 482 385 211 320 411 371 461 48 405 408 143 469 49 83 471 37 328 175 270
22
499 457 106 484 168 293 211 169 61 201 266 60 2 42 84 418 256 230 376 109 24 236
22
499 385 482 320 219 500 154 309 386 388 328 94 196 372 435 474 300 276 299 47 416 12
22
498 251 400 154 303 335 227 305 107 133 203 201 349 182 386 86 370 4 390 438 103 79
22
498 481 385 237 491 11 192 175 270 195 56 431 244 350 302 24 131 430 193 209 4 141
22
498 246 450 256 52 72 491 45 360 377 209 232 115 239 447 175 430 2 327 197 345 281
22
498 22 328 55 232 262 38 129 388 452 131 95 319 413 68 468 17 339 106 72 323 84
22
498 21 475 334 209 293 140 403 320 75 156 323 115 212 491 225 150 303 414 94 186 468
22
498 309 56 497 333 153 480 37 479 111 208 214 482 261 300 338 273 288 139 63 419 430
22
497 150 108 136 330 444 265 246 260 397 71 68 342 54 72 39 13 325 406 227 381 165
22
497 151 489 345 335 101 431 150 100 3 305 351 294 31 494 242 349 156 120 112 446 155
22
497 304 22 369 143 354 95 230 4 424 410 467 57 346 213 92 315 105 286 7 183 252
22
497 133 37 233 416 94 183 319 272 22 129 357 469 74 84 191 55 281 136 139 380 355
22
497 477 60 112 318 489 162 9 306 445 128 254 399 206 457 288 183 404 492 308 469 305
22
497 105 274 116 407 406 449 158 107 328 473 246 142 398 122 37 58 383 7 97 156 204
22
498 315 24 70 275 352 273 61 343 437 449 417 102 12 419 457 366 114 361 282 185 219
22
497 368 77 171 424 462 356 190 399 493 26 236 465 205 252 261 369 384 224 174 498 136
22
498 264 13 110 124 134 77 490 408 159 458 425 413 64 21 230 80 172 139 463 377 252
22
497 181 312 347 389 142 280 468 376 239 205 367 430 72 108 283 377 453 446 471 89 286
22
498 221 411 258 400 117 492 177 2 201 20 135 124 407 38 13 426 49 398 93 328 30
22
497 305 217 70 61 286 268 93 467 333 478 152 99 352 418 304 63 390 269 222 361 73
22
497 158 79 69 220 329 263 306 3 200 291 455 297 355 369 248 469 421 231 381 104 436
22
498 243 442 183 433 490 187 32 387 186 17 42 197 177 49 288 388 34 493 346 223 91
22
498 82 143 273 422 440 474 387 484 265 459 409 314 11 79 427 98 232 51 92 67 119
22
497 491 310 96 233 3 2 231 6 37 78 339 433 382 249 460 117 57 58 441 294 406
22
497 39 417 320 393 228 254 310 225 349 119 165 103 481 330 422 175 357 189 438 232 99
22
498 182 264 219 142 84 270 29 30 321 128 46 45 414 156 453 319 464 191 423 367 160
22
498 279 196 280 2 333 183 25 379 432 52 61 122 328 126 257 332 376 390 159 160 200
22
497 223 292 190 368 123 20 55 241 357 287 475 489 344 301 458 404 485 413 341 372 259
22
498 428 40 39 447 257 160 170 207 97 38 144 233 14 234 208 219 338 282 427 355 379
22
497 148 82 34 328 477 336 388 237 294 178 29 242 441 349 466 364 365 292 192 151 345
22
498 109 447 354 167 189 268 321 353 435 47 343 333 465 425 124 230 334 496 399 240 336
22
497 494 209 155 79 326 162 267 208 364 176 145 230 234 333 270 153 307 469 478 485 420
22
496 147 429 41 390 351 99 462 414 58 379 124 132 423 34 210 146 240 337 430 469 388
22
496 132 436 470 389 141 223 21 320 177 53 168 16 296 490 44 441 308 145 210 187 233
22
496 267 260 36 37 418 362 422 366 165 26 454 412 313 361 127 24 227 375 304 320 476
22
496 166 410 140 69 5 485 415 133 462 16 288 435 421 216 325 158 493 352 228 317 194
22
496 307 353 403 33 367 421 156 461 285 186 145 445 306 187 132 424 90 17 349 340 243
22
496 353 98 149 85 26 389 165 231 55 446 359 40 403 470 350 257 232 102 214 440 437
22
496 367 89 145 424 39 255 330 421 44 426 79 57 219 132 77 168 457 397 205 68 486
22
496 189 334 186 322 115 317 118 140 353 303 48 239 24 242 329 151 197 272 466 225 116
22
496 477 200 96 53 466 233 378 403 241 475 280 175 85 39 163 431 284 121 93 347 381
22
496 283 480 94 380 183 40 467 286 12 462 99 420 106 74 29 306 298 126 180 66 309
22
496 355 101 242 336 45 384 269 146 239 315 416 43 386 450 341 243 131 445 363 244 174
22
496 311 346 137 136 408 118 453 362 245 192 16 152 14 347 471 344 20 354 459 111 215
22
496 323 193 446 280 493 390 99 117 105 116 5 422 20 486 425 243 78 352 255 80 361
22
496 13 169 72 190 369 428 217 345 301 202 368 70 80 237 221 477 140 188 153 458 394
22
496 225 104 430 422 37 325 191 43 487 150 128 490 24 439 51 119 248 310 234 414 172
22
496 343 107 182 197 473 306 471 279 424 83 453 76 159 366 436 299 276 204 99 201 203
22
496 53 135 334 195 351 272 422 220 98 154 91 31 269 82 133 54 240 366 252 122 33
22
496 43 78 368 175 143 271 365 414 187 443 34 148 447 272 169 166 168 470 222 318 491
22
496 456 486 350 59 287 6 489 484 256 178 468 123 206 427 45 471 69 230 239 333 36
22
495 226 388 473 43 296 471 162 291 171 186 475 282 84 223 268 383 365 59 211 369 124
22
495 341 228 130 132 408 461 224 350 328 201 419 156 290 95 247 416 21 178 214 147 369
22
495 162 340 437 302 47 259 104 409 298 308 483 361 173 4 393 237 473 74 407 17 242
22
495 464 203 282 33 198 413 362 218 412 24 476 289 192 26 247 83 409 85 493 382 88
22
495 339 402 290 317 152 436 318 449 2 148 240 213 107 196 439 5 39 412 427 255 472
22
495 166 398 76 5 128 88 31 217 245 267 396 369 364 41 223 26 99 200 4 256 389
22
495 257 474 117 403 223 306 71 9 29 36 89 404 372 347 224 380 458 305 316 274 234
22
495 178 469 427 325 238 209 333 285 433 344 154 449 89 382 402 159 337 106 114 46 91
22
495 393 425 231 120 284 48 349 145 409 71 322 230 26 142 331 64 399 173 489 279 298
22
495 190 415 384 147 143 291 362 305 237 432 328 485 337 23 358 238 67 50 59 206 16
22
495 143 486 455 462 124 45 66 31 137 234 262 171 265 63 199 136 159 291 320 160 214
22
495 180 206 21 330 94 391 466 282 461 88 229 67 118 441 191 488 452 17 258 320 58
22
495 385 387 100 290 321 75 441 45 218 405 426 319 418 42 135 400 93 80 416 365 272
22
495 416 308 413 444 430 64 405 438 134 392 365 121 331 141 442 182 321 470 25 118 36
22
494 149 93 278 290 443 384 332 243 248 190 449 201 122 298 43 191 104 180 138 11 351
22
494 358 355 455 290 201 275 469 432 334 319 412 194 422 106 91 325 121 141 238 278 139
22
494 128 241 44 252 242 342 58 392 324 148 182 420 410 155 460 486 281 454 28 22 388
22
494 101 71 416 77 46 465 418 358 211 283 97 192 26 253 281 240 206 278 446 440 74
22
494 289 145 203 474 86 264 268 249 411 323 258 213 242 281 204 354 19 52 433 351 132
22
494 443 113 40 262 366 37 405 357 134 39 144 274 92 150 247 174 33 410 327 133 328
22
494 106 267 126 288 74 315 279 385 191 273 110 19 51 213 310 467 148 208 25 171 224
22
494 228 325 251 28 7 89 478 61 349 293 444 56 154 87 128 395 46 433 161 484 409
22
494 65 426 22 419 355 322 31 46 16 59 180 216 283 309 157 423 407 379 156 432 166
22
494 204 454 273 173 365 398 235 329 120 83 376 171 163 372 416 85 322 345 214 305 185
22
494 206 164 198 229 115 295 480 474 272 460 69 377 152 393 178 383 309 45 23 120 151
22
494 212 408 114 395 146 6 79 158 19 246 83 380 122 402 118 308 26 21 117 161 12
22
493 4 109 242 262 336 415 121 169 271 399 360 270 124 308 465 322 45 209 219 485 295
22
493 106 248 305 435 99 239 343 286 120 6 151 327 443 39 350 295 379 410 32 334 196
22
493 297 328 75 178 57 31 279 304 131 182 440 123 256 148 451 92 343 410 201 372 126
22
493 288 449 487 263 220 221 26 73 310 440 374 482 359 384 426 14 492 51 12 261 447
22
493 160 171 326 103 46 124 240 241 297 182 312 105 469 417 458 299 142 453 210 307 302
22
493 222 147 37 178 421 416 420 20 7 314 157 88 487 204 146 185 46 5 440 385 378
22
493 416 449 168 149 52 265 194 126 459 124 336 236 337 56 222 80 54 426 204 130 180
22
493 301 123 299 484 43 279 284 387 487 247 10 249 155 95 213 46 152 96 172 22 145
22
493 334 6 103 29 88 190 320 261 182 285 475 327 239 287 352 154 384 175 462 247 102
22
493 473 308 74 440 489 158 205 21 17 106 101 258 234 404 380 369 137 283 487 198 474
22
493 210 105 460 132 357 213 433 410 342 230 336 263 404 171 378 175 445 330 191 224 234
22
493 80 123 177 485 162 15 317 425 446 231 173 435 52 105 417 126 57 374 83 266 117
22
493 274 189 344 180 283 146 480 294 83 394 35 324 359 360 225 162 42 267 345 104 306
22
493 391 332 374 442 472 213 422 117 247 490 184 443 216 302 273 82 278 363 295 218 167
22
493 58 68 364 213 227 239 235 176 138 134 401 372 413 81 131 83 150 368 336 281 319
22
492 304 335 476 288 456 118 33 88 409 262 149 72 248 170 5 275 113 390 164 41 218
22
492 94 3 50 322 90 246 338 49 463 407 147 452 104 425 164 433 368 269 5 284 327
22
492 369 407 256 332 103 125 348 37 328 213 162 350 426 225 381 361 104 81 231 131 52
22
492 350 2 37 99 284 274 431 456 364 347 246 215 282 349 220 281 14 308 211 415 345
22
492 41 485 206 430 164 132 291 233 184 105 106 73 358 4 125 255 126 282 261 446 257
22
492 205 379 193 13 295 163 366 489 183 260 204 69 312 276 254 273 369 387 210 97 147
22
492 463 424 161 355 131 75 57 36 34 66 23 252 314 225 282 24 87 154 410 417 480
22
492 57 238 122 316 414 251 330 345 266 400 25 151 281 142 253 394 404 257 282 158 427
22
492 258 182 198 221 412 403 164 116 417 143 142 279 213 144 17 249 319 211 175 111 19
22
492 434 381 209 403 105 491 55 353 185 155 415 330 187 165 260 472 486 133 206 58 453
22
492 68 24 268 342 164 455 424 358 296 220 67 408 294 435 102 153 60 74 190 263 170
22
492 490 313 120 421 327 186 274 5 223 69 128 320 380 86 383 410 119 22 166 396 40
22
492 314 136 91 271 480 450 72 363 110 285 217 424 3 128 331 214 63 133 233 365 39
22
492 383 29 119 31 320 407 425 322 234 208 243 339 45 83 286 192 198 131 43 213 142
22
491 321 330 290 351 297 60 38 426 386 103 106 124 291 451 341 95 377 480 192 295 113
22
491 484 101 220 4 108 477 290 317 483 308 50 126 382 26 14 384 236 465 289 378 124
22
491 188 308 111 415 318 124 244 354 179 451 147 335 476 166 108 464 29 161 247 148 295
22
491 338 147 300 432 437 438 440 335 233 203 174 74 364 356 248 198 123 236 13 101 164
22
491 141 473 118 405 180 307 146 62 450 400 312 10 370 292 460 275 475 240 143 325 210
22
491 364 324 50 395 279 194 452 489 301 115 478 64 161 252 116 481 232 101 277 430 377
22
491 267 213 310 308 419 50 172 85 86 25 343 474 477 484 274 78 219 82 428 31 373
22
491 272 81 63 248 254 5 111 393 379 418 102 488 432 18 202 433 95 304 330 67 355
22
491 93 80 209 429 221 186 481 331 319 71 325 306 368 222 389 190 53 171 46 14 379
22
491 112 109 128 313 485 162 36 410 479 65 74 78 297 295 49 44 345 465 223 211 137
22
491 198 107 204 432 211 4 223 335 414 320 287 58 485 180 184 229 141 476 168 404 249
22
490 412 248 225 85 80 234 242 116 380 78 428 442 262 160 218 250 279 359 49 201 184
22
490 224 46 343 234 455 163 205 357 250 367 439 260 471 422 233 389 318 390 230 392 4
22
490 251 4 45 415 295 462 19 420 409 196 97 468 256 447 392 226 268 480 341 104 210
22
490 392 21 395 478 19 268 480 404 363 137 251 133 104 410 124 71 343 369 269 470 449
22
490 456 358 432 6 230 477 433 331 428 233 7 355 246 149 39 143 87 158 434 181 242
22
490 373 82 159 91 166 342 470 340 24 343 437 66 227 22 297 412 16 381 268 414 200
22
490 5 393 166 148 192 286 355 257 199 337 233 396 58 469 54 330 140 276 8 430 95
22
490 199 183 377 405 173 322 220 149 410 414 386 450 216 342 145 339 51 121 275 344 83
22
490 423 282 115 52 104 326 424 47 236 77 248 398 239 144 469 11 336 327 460 432 390
22
490 7 460 313 150 307 266 477 430 260 440 141 195 190 479 400 45 285 236 389 12 283
22
490 482 355 241 191 130 239 45 373 58 426 203 146 392 126 323 400 242 408 307 127 397
22
490 189 128 424 115 45 7 378 335 394 252 61 184 20 268 94 328 121 100 118 408 233
22
490 36 40 331 400 371 186 89 236 318 315 140 85 234 92 298 283 25 388 287 277 485
22
490 139 402 238 405 396 280 324 244 328 353 191 177 462 265 379 425 343 202 188 86 135
22
490 241 381 126 303 297 443 462 92 147 222 426 213 372 251 266 33 397 211 166 6 404
22
490 351 281 95 250 454 88 299 230 213 163 147 36 18 83 285 327 475 72 149 226 412
22
489 351 476 448 251 26 241 446 332 327 102 20 396 136 47 230 144 435 390 92 186 65
22
489 207 228 478 15 126 329 61 434 352 301 441 121 270 65 245 316 264 112 98 377 62
22
489 170 73 339 179 338 364 169 208 471 6 387 100 86 232 112 393 470 85 474 313 83
22
489 108 105 8 393 238 466 264 442 296 246 248 35 462 302 174 311 295 438 58 17 123
22
489 192 237 273 459 463 265 383 104 7 387 483 176 100 373 128 33 189 436 218 204 216
22
489 36 348 133 395 457 104 392 125 220 344 328 346 206 433 177 362 117 215 5 443 3
22
489 240 409 43 263 204 149 14 386 373 62 159 3 111 16 75 125 371 210 80 242 155
22
489 155 381 417 472 62 90 328 358 232 310 166 390 32 174 318 19 160 42 68 9 340
22
489 420 344 444 341 53 4 31 313 304 132 122 349 39 247 276 407 93 114 470 488 63
22
489 441 236 91 450 372 131 422 13 427 430 80 185 119 198 194 42 83 134 48 282 71
22
489 314 355 167 361 64 161 352 373 320 413 223 399 194 275 117 407 470 266 154 270 277
22
489 393 319 122 448 244 406 477 76 268 421 222 452 368 440 258 271 92 302 79 305 130
22
489 174 378 465 209 181 155 84 256 112 292 393 476 41 184 358 144 450 134 243 265 244
22
489 478 71 63 181 398 330 146 204 453 227 301 85 113 324 67 107 486 258 346 470 117
22
489 300 172 289 189 212 386 113 192 363 342 61 139 19 138 160 408 184 210 237 284 201
22
489 101 4 424 282 333 107 301 455 23 472 431 147 136 81 459 76 323 327 217 307 409
22
488 446 137 397 485 439 193 436 41 48 468 291 126 265 203 372 127 390 327 14 377 256
22
488 115 143 220 402 114 447 320 297 453 243 253 459 280 308 158 50 149 465 380 352 111
22
488 105 137 299 3 235 57 477 189 242 213 280 296 200 327 138 132 188 423 338 48 196
22
488 28 478 159 485 55 310 381 303 138 129 41 231 178 239 379 484 146 155 113 256 473
22
488 443 133 249 149 288 339 226 54 213 26 472 227 172 232 147 247 151 480 117 283 334
22
488 131 364 11 461 42 170 446 236 70 468 114 479 211 197 385 267 108 443 206 58 171
22
488 253 181 300 110 40 222 184 457 320 254 324 411 432 358 461 445 55 126 280 401 134
22
488 250 219 485 307 61 169 32 16 25 71 126 101 208 236 259 192 474 129 264 408 211
22
488 291 171 334 308 261 194 193 402 2 164 217 179 327 481 216 57 82 103 293 146 384
22
488 144 437 216 254 236 264 60 222 420 297 55 408 467 480 161 204 324 306 89 433 9
22
488 134 378 475 215 318 151 6 15 42 459 262 439 433 486 326 336 148 280 109 48 368
22
488 21 483 44 432 410 445 252 58 435 230 283 129 201 365 304 439 110 145 14 76 426
22
488 352 365 384 336 259 468 239 132 35 40 196 182 158 456 309 261 353 412 86 390 445
22
488 449 74 389 135 31 197 481 279 250 146 376 419 326 301 51 462 242 307 463 372 100
22
487 192 283 145 219 438 139 49 195 148 31 79 26 51 383 62 173 330 342 223 128 154
22
487 146 143 414 213 359 284 198 300 229 287 190 331 383 95 142 133 76 459 336 158 371
22
487 19 119 471 410 272 485 334 72 52 333 275 364 374 313 20 338 347 154 480 371 352
22
487 126 138 97 381 315 185 29 20 86 149 190 476 380 128 246 95 227 396 109 317 465
22
487 120 76 172 290 36 407 395 150 222 412 310 344 267 93 323 392 20 111 190 335 78
22
487 264 245 399 376 93 433 217 375 114 33 278 3 244 152 40 205 392 322 92 415 370
22
487 154 7 156 344 438 475 294 268 421 174 57 100 437 218 110 66 181 397 227 203 163
22
487 207 477 184 378 316 397 104 241 199 449 380 183 402 128 146 85 116 395 435 300 468
22
487 457 318 161 61 165 469 337 69 431 168 196 66 338 145 453 97 71 340 43 239 124
22
487 452 20 209 117 269 64 450 253 440 394 200 118 180 74 470 114 80 214 447 456 467
22
487 299 247 161 294 396 218 57 8 144 24 483 19 49 153 320 226 167 242 209 323 361
22
487 100 98 260 336 373 296 89 125 281 329 448 65 318 444 334 369 282 466 324 158 456
22
487 196 325 74 317 323 33 425 331 60 130 141 333 439 185 214 4 84 88 127 213 157
22
487 39 315 5 189 394 137 396 280 199 236 86 462 35 392 357 18 482 203 300 76 397
22
487 272 197 110 178 100 202 256 127 70 138 187 336 335 316 413 78 65 466 115 358 42
22
487 78 271 24 145 242 178 438 23 125 221 336 416 452 361 258 230 47 302 453 64 360
22
486 337 43 248 169 280 16 421 233 70 136 111 289 383 45 297 187 380 394 442 13 321
22
486 280 476 417 223 410 370 320 2 187 384 41 243 126 16 282 154 239 270 274 478 464
22
486 173 428 472 9 210 278 242 71 47 188 398 399 476 58 162 164 241 6 235 46 183
22
486 70 361 272 344 11 252 378 300 413 164 279 269 273 108 216 416 141 26 410 457 147
22
486 201 289 284 75 333 295 205 327 485 2 104 11 431 410 313 139 458 467 476 3 329
22
486 199 348 440 123 137 293 400 223 426 445 325 78 312 302 342 118 349 252 401 435 148
22
486 237 172 113 162 434 106 56 292 335 146 175 245 16 23 47 24 198 480 143 412 360
22
486 343 340 437 66 79 452 257 473 438 89 230 277 272 29 471 374 428 175 341 416 222
22
486 118 215 245 17 435 37 229 223 265 300 291 32 194 350 56 302 308 166 59 457 72
22
486 453 400 109 201 136 371 12 48 339 436 293 108 101 36 92 287 150 476 366 289 70
22
486 307 183 128 113 13 186 259 146 387 198 304 110 177 262 377 250 454 403 385 10 369
22
486 37 400 34 231 160 306 128 345 57 223 96 120 290 188 381 251 3 126 440 100 191
22
486 428 228 282 202 382 188 65 280 264 241 392 393 286 351 473 142 249 150 346 361 353
22
486 182 457 334 227 473 48 149 115 293 69 22 20 256 76 345 330 460 142 132 324 212
22
486 417 181 218 477 440 434 337 312 66 415 37 83 467 135 269 296 55 318 328 113 144
22
486 23 126 451 257 460 17 448 52 246 455 160 178 26 109 14 308 122 352 316 454 103
22
486 223 420 270 33 76 227 414 20 15 275 229 467 311 426 481 274 319 35 314 258 207
22
486 225 211 210 298 128 16 112 421 308 325 42 114 90 65 456 353 341 253 326 394 161
22
486 156 410 317 350 392 439 460 354 406 373 467 239 427 372 271 230 425 96 61 191 63
22
486 436 251 155 186 58 306 437 13 15 70 418 393 122 458 348 432 185 377 199 116 136
22
486 430 328 166 99 385 302 409 370 246 482 11 34 265 293 52 324 42 437 483 122 251
22
486 360 419 326 41 210 181 152 354 443 135 61 14 287 129 375 202 329 29 462 106 300
22
486 342 18 288 456 275 148 232 359 276 15 240 185 115 433 41 27 38 160 341 476 73
22
486 329 148 359 468 228 108 14 195 8 398 38 463 34 380 262 179 19 388 86 414 456
22
486 284 444 241 278 8 202 410 458 313 413 22 87 323 47 61 213 170 197 420 119 113
22
485 54 412 364 444 10 380 122 282 434 250 75 218 243 440 79 24 151 373 121 18 309
22
485 276 44 154 387 91 90 281 233 188 352 242 269 235 96 75 217 475 313 314 16 244
22
485 461 296 202 133 123 382 479 232 93 283 365 413 41 483 199 45 431 284 58 43 336
22
485 300 353 426 467 183 343 162 415 125 256 397 62 450 361 318 221 167 340 219 207 10
22
485 125 22 256 179 280 119 223 391 175 78 365 253 299 66 350 216 46 258 355 478 142
22
485 466 324 435 453 294 396 206 123 399 108 286 105 42 33 44 58 227 448 221 478 97
22
485 130 432 480 156 227 48 366 100 304 209 203 416 351 324 363 163 300 438 226 357 386
22
485 484 191 472 93 340 290 426 142 223 477 397 456 71 50 310 91 160 441 89 348 244
22
485 76 254 127 270 324 8 272 472 44 409 364 79 370 49 242 53 87 221 107 203 437
22
485 367 155 89 123 29 63 181 308 289 391 321 55 174 277 448 320 418 114 108 43 312
22
484 82 121 297 24 343 348 103 445 305 119 64 264 461 320 356 387 226 402 173 146 472
22
484 162 321 65 127 306 479 118 399 300 420 371 11 203 37 131 456 451 103 63 348 418
22
484 348 204 298 303 317 189 210 399 307 481 377 469 321 109 181 309 371 391 293 70 79
22
484 418 347 393 352 198 183 154 413 45 301 441 295 192 85 33 464 444 346 439 163 376
22
484 219 314 472 285 37 84 220 134 251 479 377 174 254 316 186 326 29 212 60 410 91
22
484 425 154 275 298 130 185 190 423 435 171 333 129 227 28 123 42 456 20 299 94 201
22
484 324 172 311 59 104 156 463 8 288 201 123 423 323 420 71 301 375 117 203 2 243
22
484 368 465 52 115 141 225 271 212 50 310 252 102 224 362 285 406 344 44 474 187 64
22
484 13 110 433 142 185 381 455 184 278 69 48 289 208 239 179 135 192 82 383 22 329
22
484 433 88 310 415 275 86 465 75 340 145 323 81 261 330 19 10 113 424 260 318 80
22
484 19 118 446 70 194 126 199 143 127 349 384 386 201 257 204 164 265 416 125 217 83
22
483 134 102 153 214 297 62 2 437 271 399 401 357 321 180 215 459 149 470 397 195 27
22
483 352 327 317 129 110 98 336 270 250 22 451 177 272 75 207 226 111 73 347 67 117
22
483 340 243 86 348 389 400 195 52 440 58 199 427 401 51 256 445 253 205 34 441 100
22
483 349 423 116 310 226 271 471 234 333 431 427 347 388 346 235 61 195 255 135 204 229
22
483 16 22 210 478 402 380 216 302 139 133 192 19 439 121 314 60 407 217 261 119 388
22
483 15 373 178 185 308 444 469 244 181 448 346 400 11 109 383 278 77 259 93 114 322
22
483 106 240 358 78 32 441 46 192 69 355 215 323 331 18 38 396 329 436 161 282 404
22
483 161 446 190 96 213 392 272 410 258 40 3 235 289 78 331 299 482 376 53 391 422
22
483 400 376 279 125 162 240 212 469 325 407 310 202 381 445 285 12 298 156 321 356 228
22
483 479 313 91 475 39 476 185 379 225 323 136 101 50 293 88 17 154 325 31 276 353
22
483 31 256 159 307 392 95 315 92 448 423 152 437 253 413 404 25 402 459 224 261 87
22
483 450 267 308 250 156 193 264 212 259 369 447 394 96 31 203 282 455 320 86 56 435
22
483 461 39 249 74 224 139 196 473 46 331 425 336 260 390 100 382 328 236 265 476 60
22
483 197 219 100 122 276 196 33 180 50 422 466 254 419 448 429 190 414 26 101 417 70
22
483 86 144 379 269 246 185 52 197 37 451 62 433 284 191 343 151 230 115 288 478 473
22
483 388 387 436 48 290 380 308 54 89 92 309 185 421 242 451 113 219 374 7 366 221
22
483 84 126 123 355 199 154 333 136 142 434 105 112 427 403 401 277 51 135 350 418 472
22
483 79 470 90 222 419 273 172 392 170 125 375 472 347 111 387 428 296 85 98 185 229
22
482 441 373 247 84 82 53 16 440 321 452 291 344 46 154 58 167 340 116 113 396 361
22
482 58 33 330 311 191 276 252 12 470 39 350 469 181 26 46 362 194 418 341 359 60
22
482 5 253 350 412 107 315 255 446 102 453 356 384 175 27 24 401 433 319 146 159 340
22
482 449 100 9 305 313 197 387 470 401 138 295 66 378 276 186 440 165 26 211 259 246
22
482 101 162 400 60 62 474 203 290 353 458 223 206 435 256 220 187 468 159 291 157 370
22
482 357 471 227 133 163 386 342 28 242 257 425 281 323 219 151 174 201 450 226 22 187
22
482 225 382 144 229 326 462 194 63 479 344 31 47 319 442 215 401 381 376 238 198 283
22
482 220 164 32 174 44 26 187 426 92 173 129 377 236 398 90 218 438 147 80 72 317
22
482 269 160 192 335 354 411 357 228 39 293 458 84 9 2 325 131 157 382 250 451 328
22
482 217 21 109 111 134 425 322 453 358 365 215 395 202 12 371 204 424 388 66 49 301
22
482 384 147 450 265 341 410 67 87 420 180 360 8 51 283 204 226 358 396 173 220 379
22
482 299 387 346 240 102 101 364 241 157 393 331 288 419 182 222 47 465 28 89 238 389
22
482 277 83 444 56 463 477 381 257 348 384 417 128 187 450 227 378 93 443 268 280 123
22
482 92 228 316 345 2 358 151 289 445 434 78 292 67 270 322 367 16 291 214 309 252
22
481 278 323 314 166 30 336 127 418 85 152 174 374 179 182 88 413 276 302 368 178 295
22
481 120 262 369 403 305 343 234 226 15 11 199 446 306 17 30 338 379 280 47 18 88
22
481 353 453 115 406 426 16 162 235 138 434 377 252 451 135 388 363 448 84 329 157 206
22
481 318 226 273 176 52 314 79 4 157 434 403 459 343 158 6 65 394 364 193 440 328
22
481 240 235 458 52 176 191 151 423 459 88 220 92 381 162 254 49 216 9 262 270 279
22
481 273 81 135 260 262 99 397 163 116 106 165 89 437 371 182 298 430 275 31 395 428
22
481 285 91 409 423 261 389 43 122 474 177 71 237 369 173 347 249 361 92 35 188 236
22
481 188 470 174 82 357 112 232 29 44 111 327 392 454 49 50 177 230 101 388 116 146
22
481 276 117 250 241 442 262 47 144 8 431 348 187 170 357 359 203 390 235 327 364 353
22
481 284 243 102 190 401 207 226 363 287 264 105 361 138 246 272 333 255 305 322 31 430
22
481 92 284 357 132 196 383 368 143 450 165 429 229 427 151 361 159 337 388 238 454 48
22
481 104 298 316 257 457 251 470 254 166 72 476 399 215 401 306 88 249 403 133 377 436
22
481 237 85 60 400 478 334 308 448 420 82 411 254 447 150 353 62 16 107 154 329 466
22
481 182 98 32 94 287 136 191 368 279 292 380 331 33 14 249 319 409 207 24 121 420
22
481 389 405 103 402 268 14 324 265 200 274 207 97 448 471 451 400 312 353 423 246 478
22
481 440 276 326 286 391 439 433 383 184 124 367 319 107 474 85 43 64 52 116 151 190
22
480 130 433 371 277 157 51 45 210 369 345 346 368 234 48 12 384 60 7 343 298 351
22
480 83 422 131 241 412 180 188 31 309 144 163 177 200 212 298 322 431 381 115 187 136
22
480 337 286 371 183 233 330 451 408 210 456 284 285 274 354 302 423 427 329 474 218 326
22
480 345 69 364 6 147 265 377 58 276 156 254 88 71 331 264 327 25 100 230 70 206
22
480 387 34 214 217 411 326 383 448 115 20 160 269 382 463 141 404 294 17 3 222 293
22
480 269 265 224 154 134 32 314 176 171 316 260 427 74 160 5 399 22 149 444 108 301
22
480 127 30 88 259 85 52 321 435 28 182 319 413 254 66 295 39 221 318 215 458 310
22
479 22 106 72 439 258 30 306 266 449 185 403 253 457 343 294 10 447 174 427 19 223
22
479 212 200 18 159 113 240 210 277 408 309 180 369 126 173 140 43 297 367 455 171 397
22
479 329 69 477 177 475 232 399 108 117 262 381 421 82 264 456 376 274 148 444 460 298
22
479 318 304 254 362 79 35 352 183 46 308 20 206 375 442 201 168 239 149 87 50 198
22
479 248 448 147 63 266 254 252 213 208 17 460 423 375 98 59 256 260 467 94 243 262
22
479 149 438 244 174 78 158 381 431 102 111 140 233 24 466 30 61 334 350 59 393 444
22
479 388 297 331 478 154 294 358 407 90 96 207 469 196 315 295 218 438 396 250 164 40
22
479 49 255 153 347 259 316 365 264 260 253 108 171 73 329 457 25 361 102 92 152 373
22
479 167 306 68 183 454 474 296 165 403 48 356 55 117 368 73 220 87 142 472 357 424
22
479 260 463 275 323 225 287 453 254 308 49 69 272 369 122 294 71 300 193 359 477 222
22
479 81 370 82 469 343 108 386 293 244 381 8 399 395 44 467 446 19 452 2 118 249
22
479 145 48 399 402 214 127 347 444 208 12 230 8 108 244 134 237 154 164 369 395 272
22
479 250 419 16 307 388 47 290 91 44 375 99 68 218 171 42 292 279 69 276 132 336
22
478 261 173 278 375 47 206 67 116 147 244 142 161 465 384 466 53 377 59 156 64 249
22
478 338 3 406 435 115 347 288 94 473 453 371 161 437 56 443 221 355 401 297 411 109
22
478 432 454 197 426 453 141 247 106 22 127 304 245 108 329 88 121 429 85 53 139 9
22
478 403 234 414 110 118 338 26 122 139 309 34 134 236 10 311 58 254 312 357 211 303
22
478 333 83 285 382 460 181 233 430 365 209 265 248 110 260 190 40 332 359 13 343 200
22
478 170 249 404 159 9 29 257 332 178 87 177 470 286 233 152 293 214 138 8 79 82
22
478 55 293 99 295 68 13 230 210 32 401 466 233 246 335 191 44 164 119 249 121 269
22
478 101 380 427 94 327 305 206 186 207 351 430 154 253 76 18 470 63 251 367 395 17
22
478 188 18 218 51 279 418 376 397 350 202 204 281 354 99 333 467 313 187 79 64 466
22
478 35 48 441 11 379 382 103 200 61 348 159 261 231 396 32 445 430 400 418 380 429
22
478 66 337 26 223 450 74 229 274 214 113 194 153 195 373 398 259 126 135 2 323 319
22
478 17 466 219 461 440 52 159 61 254 312 10 292 137 251 155 391 27 40 30 310 447
22
478 72 358 164 438 327 273 50 222 376 30 224 440 337 364 398 351 16 323 180 312 407
22
478 343 439 363 169 269 14 362 201 51 422 434 371 119 325 424 435 62 58 106 229 35
22
477 249 187 321 263 216 16 318 74 422 95 330 384 284 231 325 142 67 470 163 64 336
22
477 24 84 278 303 15 354 12 174 422 232 52 308 386 448 49 227 246 287 458 432 193
22
477 262 235 362 429 179 68 121 315 114 9 385 138 413 379 206 313 432 410 25 303 195
22
477 335 371 342 230 403 302 105 166 305 446 455 136 177 78 90 358 399 52 280 149 118
22
477 119 216 99 289 268 358 164 231 68 452 240 435 93 179 200 171 95 210 83 260 242
22
477 74 236 320 249 7 370 250 373 132 101 41 341 411 429 432 196 81 324 117 66 208
22
477 461 73 279 364 452 78 91 179 411 382 30 447 428 213 145 180 2 339 81 17 289
22
477 440 354 444 153 157 404 371 437 295 321 269 266 88 52 312 387 170 374 323 411 93
22
477 15 413 381 189 366 215 86 401 75 340 122 21 126 13 47 178 334 280 68 284 404
22
477 323 31 304 184 8 340 322 17 131 413 211 147 80 112 146 274 432 343 472 49 275
22
477 56 389 391 187 278 160 388 71 328 118 432 15 100 43 10 137 281 110 172 107 178
22
476 152 376 55 474 259 187 93 242 284 278 280 165 14 43 13 498 439 426 201 46 97
22
476 415 21 204 297 117 313 19 383 66 211 335 216 287 311 340 20 199 413 70 231 345
22
476 102 195 8 453 329 179 46 381 196 413 389 272 219 178 113 296 202 49 445 210 34
22
476 202 187 188 162 148 247 6 279 83 51 42 85 395 295 428 334 430 11 39 219 26
22
476 316 193 120 36 190 3 61 327 41 51 296 342 34 405 245 312 210 179 449 14 162
22
476 352 188 264 272 423 29 261 354 88 381 302 255 48 184 466 9 138 370 328 426 284
22
475 341 325 25 406 359 357 186 219 119 349 348 34 7 428 169 30 308 255 415 340 216
22
475 22 102 399 180 439 148 245 438 114 266 244 352 239 153 98 433 386 407 213 88 254
22
475 78 282 246 175 362 8 88 295 34 54 132 330 299 96 110 356 401 143 26 451 57
22
475 3 465 417 291 65 250 99 384 468 394 64 367 111 166 236 129 274 334 423 305 47
22
475 394 279 402 116 26 371 223 186 167 74 85 229 6 41 449 288 197 43 61 215 462
22
476 44 432 69 254 295 474 138 104 41 98 212 102 296 443 396 416 198 369 248 251 190
22
475 288 226 391 106 381 273 129 373 388 50 382 304 118 10 420 57 369 166 315 419 241
22
475 158 256 337 237 159 164 89 297 61 6 449 143 53 372 472 255 399 450 134 410 109
22
476 388 165 357 113 97 452 59 359 250 185 282 38 168 82 426 123 345 2 395 412 396
22
475 2 108 93 303 198 456 224 45 286 182 401 253 324 365 399 450 320 87 140 51 373
22
476 49 451 280 405 135 470 438 347 162 426 140 335 60 305 148 431 234 107 239 282 331
22
475 184 157 238 471 97 296 254 141 54 345 308 112 351 320 414 74 448 46 51 136 135
22
474 368 274 429 44 426 5 294 238 97 232 397 138 373 233 278 305 176 59 157 146 256
22
474 147 271 121 216 50 42 274 422 419 451 464 93 454 172 266 270 433 138 88 81 342
22
474 384 441 159 22 399 175 361 394 471 191 145 262 165 82 218 374 189 129 259 71 392
22
474 354 253 89 166 376 377 435 398 256 241 472 149 70 287 343 350 115 234 341 362 422
22
474 464 44 270 378 141 319 35 137 2 86 79 402 271 205 331 281 67 411 377 313 5
22
474 164 346 63 302 149 443 232 159 272 263 447 254 229 41 319 277 313 235 184 328 54
22
474 460 407 187 2 213 344 116 216 206 39 390 295 350 139 109 42 455 60 310 144 305
22
474 466 175 158 296 149 251 183 455 155 276 437 259 458 411 286 67 385 335 336 365 239
22
474 219 136 193 316 218 334 125 321 416 96 233 418 28 160 378 277 290 177 407 53 170
22
474 305 251 137 223 57 190 386 467 462 95 18 420 390 117 388 179 14 111 97 58 439
22
474 208 109 37 248 134 218 245 289 79 405 243 87 430 184 332 177 272 303 390 450 50
22
473 27 437 224 278 137 321 370 455 21 243 270 138 209 179 58 174 59 245 301 425 422
22
473 13 29 110 43 184 95 185 100 431 439 160 326 372 25 87 108 303 206 20 284 470
22
473 380 198 355 292 468 15 110 148 200 399 209 103 417 432 66 324 451 465 274 361 416
22
473 244 291 39 270 275 290 75 472 36 313 177 32 302 468 433 69 274 427 203 424 103
22
473 185 300 115 347 112 24 426 464 170 144 97 370 120 253 82 332 207 432 205 118 217
22
473 276 253 202 456 337 8 177 410 143 73 115 18 421 33 26 80 309 185 158 127 240
22
473 471 310 301 374 372 283 130 201 315 185 189 286 279 459 268 152 139 45 312 406 180
22
473 83 241 165 48 47 262 65 220 373 76 49 380 260 405 79 190 315 286 184 442 89
22
473 339 55 184 197 150 206 208 248 346 360 124 117 404 151 54 100 105 296 143 397 152
22
472 448 351 264 29 76 398 207 33 248 418 80 66 246 198 440 287 279 415 312 254 242
22
472 254 180 121 468 85 259 279 403 352 21 353 127 459 46 26 417 177 30 450 220 302
22
472 146 103 48 464 436 148 367 258 334 283 67 383 239 224 365 152 242 354 451 112 235
22
472 243 250 322 422 468 29 48 391 269 234 107 414 138 397 157 4 317 419 62 366 222
22
472 414 256 14 313 394 281 463 453 202 132 75 321 259 417 78 180 169 201 11 93 403
22
472 42 269 162 332 195 40 93 303 216 12 218 79 239 208 36 106 173 427 460 22 272
22
472 192 152 359 360 386 319 210 315 377 326 222 290 30 391 380 363 332 300 183 291 8
22
471 330 407 269 39 130 254 358 37 109 33 280 431 261 148 389 372 238 194 456 344 327
22
471 391 131 403 110 439 250 378 93 153 11 422 122 228 220 316 12 207 92 205 206 96
22
471 156 182 191 355 293 53 143 461 161 175 288 212 84 227 178 306 421 38 383 135 436
22
471 81 389 102 112 215 223 443 306 315 277 319 313 114 264 297 246 106 249 241 299 390
22
471 458 397 9 155 331 396 95 5 344 390 240 430 236 111 150 211 415 376 88 218 373
22
471 165 182 360 263 154 376 445 224 75 279 43 298 266 348 37 326 89 223 134 318 171
22
470 249 101 179 350 330 117 23 337 143 421 424 87 248 139 59 242 77 457 148 263 190
22
470 128 50 81 469 25 225 41 77 59 99 341 148 254 208 412 155 398 467 220 285 30
22
470 394 222 95 217 326 386 125 342 436 422 245 318 161 163 393 226 34 159 410 102 67
22
470 170 386 245 110 347 366 69 157 444 454 430 263 265 446 183 106 24 409 223 359 411
22
470 44 463 141 256 406 119 411 281 183 123 422 343 336 410 356 81 462 400 36 337 461
22
470 450 41 24 162 462 194 118 121 404 7 99 457 39 291 180 44 412 239 125 103 197
22
471 348 241 140 382 114 93 442 360 282 172 81 415 463 444 412 215 456 457 423 409 347
22
470 74 413 199 105 343 171 118 120 462 4 14 302 205 348 89 353 422 124 68 291 185
22
470 25 456 43 106 273 203 448 270 18 465 103 126 334 254 140 376 2 210 392 336 368
22
469 117 104 25 366 305 65 471 247 300 334 196 169 379 219 453 222 408 361 391 28 149
22
469 192 386 255 158 449 406 224 309 294 16 312 147 262 93 239 265 161 42 118 328 199
22
469 129 108 332 237 159 323 325 429 452 363 86 428 397 345 450 20 287 300 217 114 154
22
469 226 133 56 227 349 444 120 99 23 314 280 188 140 164 73 446 198 214 193 265 408
22
469 137 99 96 442 331 153 61 296 180 19 407 304 352 32 345 39 354 451 338 142 282
22
469 435 85 144 247 53 126 11 205 52 259 377 342 409 312 161 73 5 467 165 238 125
22
469 13 19 125 416 348 183 20 274 160 310 442 263 304 400 106 127 169 76 27 3 266
22
469 141 335 32 82 142 224 71 104 172 460 378 75 420 263 158 207 94 380 132 412 464
22
469 368 74 184 413 66 137 146 188 396 277 249 411 91 186 276 88 393 191 168 156 421
22
469 127 318 136 360 401 198 211 407 40 466 207 58 448 274 112 14 235 125 248 209 415
22
469 27 79 415 29 107 275 51 443 247 421 449 50 259 116 122 441 204 209 413 302 346
22
468 58 234 306 169 387 156 201 95 321 309 326 107 67 327 258 198 25 38 404 398 115
22
468 431 406 97 332 358 270 351 372 175 271 237 22 25 172 455 209 403 453 220 251 326
22
468 60 320 13 401 284 122 154 399 88 414 302 416 214 219 321 185 10 257 408 207 424
22
468 175 366 466 225 439 347 52 92 157 363 406 37 260 22 301 30 273 333 266 246 90
22
468 460 150 24 316 308 180 435 365 449 247 232 306 27 101 355 456 85 168 447 11 132
22
468 415 173 383 6 469 159 151 449 455 387 19 234 54 26 324 414 161 220 295 267 105
22
468 93 5 75 25 278 34 194 243 415 84 352 292 91 232 367 188 393 28 85 453 405
22
467 355 170 165 73 189 180 391 258 29 42 325 199 144 219 330 10 372 241 140 292 113
22
467 27 221 85 407 121 218 360 17 230 348 9 329 239 445 351 194 400 391 164 168 311
22
467 453 272 24 122 145 268 331 175 33 78 118 383 369 180 229 290 385 189 296 416 284
22
467 225 304 346 423 173 70 60 32 385 223 452 248 97 159 329 443 460 185 341 461 151
22
467 75 451 87 165 400 435 15 257 166 262 286 225 47 287 144 66 145 302 156 249 276
22
467 73 309 304 371 358 67 147 441 302 188 17 405 43 421 305 417 114 71 64 202 383
22
467 308 102 296 5 241 230 318 327 288 200 435 60 82 385 214 405 91 168 371 188 458
22
467 105 363 324 163 309 152 183 356 205 12 195 460 212 415 428 95 444 437 122 155 438
22
467 103 5 102 285 161 170 120 328 433 40 117 114 282 46 220 83 449 91 255 23 438
22
467 231 301 335 432 13 333 445 292 348 93 229 75 182 27 140 398 373 382 384 334 371
22
466 418 108 372 333 302 63 124 293 49 354 159 4 94 240 48 8 217 23 206 127 191
22
466 445 35 194 38 341 382 90 348 426 359 395 79 406 450 135 368 120 335 141 108 446
22
466 282 309 8 281 63 270 76 135 300 102 27 430 254 378 9 223 163 302 73 330 115
22
466 39 315 424 295 261 205 222 108 35 131 347 432 114 444 172 125 29 113 457 211 273
22
466 416 151 324 436 227 291 455 367 300 248 47 39 142 58 4 338 375 217 33 297 223
22
469 64 156 332 331 429 416 76 20 411 362 107 347 197 267 10 426 338 284 25 395 184
22
465 464 299 84 460 94 184 17 308 169 428 294 392 280 198 383 434 401 131 286 174 422
22
465 184 287 374 202 57 281 16 436 299 385 312 428 382 248 188 60 127 145 311 214 408
22
465 186 308 220 400 223 302 252 198 242 443 267 17 317 89 138 305 311 286 135 312 238
22
465 12 432 93 204 107 86 258 425 10 353 254 100 267 89 464 56 391 165 241 219 419
22
465 197 124 396 427 382 112 13 214 368 97 383 89 8 411 138 186 91 242 287 145 221
22
465 200 67 272 90 93 456 9 461 57 81 267 78 319 346 244 300 338 123 444 285 431
22
465 255 321 123 412 426 298 414 205 8 232 416 346 435 53 411 156 265 250 221 27 33
22
465 120 137 234 196 135 376 203 281 266 402 41 279 334 363 392 323 321 39 420 305 114
22
465 88 301 236 309 194 115 462 74 447 45 91 449 397 260 39 400 287 44 328 139 408
22
465 422 93 76 67 122 382 68 119 13 366 418 22 99 109 415 342 313 23 341 51 37
22
465 54 251 403 174 226 37 56 297 166 344 391 340 432 351 266 368 135 154 307 87 85
22
465 420 168 362 104 265 4 166 427 298 446 202 108 69 437 399 345 96 291 17 396 266
22
465 53 159 106 373 9 223 287 314 154 105 247 176 462 169 301 138 134 74 419 137 24
22
465 69 231 213 343 396 73 440 314 205 98 21 422 34 179 246 277 443 57 55 271 272
22
464 101 193 205 383 415 85 107 399 59 382 190 108 422 34 295 247 344 280 439 348 463
22
464 439 448 221 207 219 362 271 321 9 163 296 186 315 200 410 333 227 305 233 388 2
22
464 442 409 391 11 102 62 6 154 407 174 90 423 73 216 39 119 107 165 302 424 199
22
464 363 151 131 432 266 228 18 47 181 227 177 59 144 353 447 293 204 415 457 426 38
22
464 269 421 443 186 173 123 441 311 260 407 163 227 212 347 286 32 289 135 350 329 358
22
464 411 409 86 280 234 40 235 421 327 210 42 120 28 332 252 336 393 277 77 371 125
22
464 120 141 151 293 187 196 53 318 271 415 373 2 436 229 38 317 83 188 107 176 292
22
464 315 29 127 67 229 233 390 45 336 200 194 256 438 290 426 38 277 20 385 54 214
22
464 250 153 123 346 301 204 77 135 70 222 24 316 441 313 169 374 212 412 379 318 291
22
464 90 462 121 109 213 5 57 78 116 19 74 176 310 444 84 454 314 17 412 458 58
22
464 171 355 67 294 405 104 338 368 179 379 200 331 204 45 459 393 19 335 407 114 5
22
464 246 200 394 103 91 297 376 366 148 52 289 340 44 89 112 63 229 214 2 439 222
22
464 28 281 407 184 78 71 97 190 447 38 258 25 87 286 455 50 369 58 376 388 136
22
463 349 58 97 432 303 330 110 74 394 147 12 32 386 109 261 391 209 242 77 157 87
22
463 262 79 204 395 366 82 241 345 418 193 77 274 367 173 109 435 176 172 206 118 402
22
463 10 107 125 210 333 176 19 139 141 338 346 316 90 119 392 259 22 123 72 239 165
22
463 440 246 293 343 195 196 271 429 310 180 398 374 60 234 315 188 13 81 247 91 110
22
463 40 161 331 388 234 153 115 134 309 181 267 88 428 170 25 209 207 291 442 404 303
22
463 234 97 27 94 116 140 267 295 389 32 283 458 91 416 309 29 261 350 359 289 67
22
463 92 192 254 7 17 210 188 44 466 103 167 198 72 363 177 128 419 23 458 315 197
22
463 311 50 147 174 3 450 326 82 14 248 40 298 399 323 454 214 458 320 157 369 268
