22
1 465 302 179 41 429 56 244 147 105 396 427 136 59 17 155 137 184 157 448 60 99
22
1 293 287 481 30 218 6 394 186 62 256 344 53 441 150 109 426 135 97 388 28 160
22
500 428 451 310 54 442 468 91 285 311 265 459 30 418 127 365 72 401 110 260 357 286
22
500 239 433 10 495 316 219 457 172 31 128 425 364 170 270 397 21 48 145 377 86 471
22
500 329 337 100 449 61 85 473 340 437 14 499 466 482 94 297 200 15 112 344 26 41
22
1 63 480 286 494 300 275 91 285 467 185 36 358 375 309 406 398 301 462 365 459 223
22
500 79 467 164 36 256 353 18 475 281 11 139 113 307 178 438 50 52 88 185 97 153
22
499 205 39 274 468 223 417 6 202 296 478 384 215 238 335 307 354 169 76 406 33 324
22
499 392 101 110 13 369 230 133 436 107 204 10 12 497 388 194 355 452 64 402 139 430
22
1 213 123 65 162 498 98 274 348 154 48 145 172 269 404 166 295 96 484 193 409 90
22
498 266 211 190 287 421 127 380 281 126 264 259 453 462 86 335 107 301 204 398 90 21
22
498 115 212 397 202 206 394 297 159 353 216 75 172 294 163 351 448 326 198 295 339 145
22
498 457 81 41 429 235 464 64 355 430 42 250 179 373 322 428 439 201 346 45 158 255
22
499 79 99 447 165 365 347 444 56 84 340 146 185 379 378 470 276 69 263 116 137 226
22
497 65 468 177 116 19 304 480 276 82 396 465 258 5 490 152 359 456 14 440 377 142
22
497 471 374 248 342 291 388 197 391 244 289 190 96 290 382 6 394 90 137 331 328 231
22
497 81 279 376 333 261 67 322 169 109 303 250 56 412 486 195 337 46 143 260 4 198
22
496 175 226 32 273 238 50 147 162 93 328 37 74 251 205 399 17 346 249 252 229 326
22
496 182 386 483 161 490 67 358 455 434 186 327 424 223 26 317 47 174 271 80 66 207
22
496 216 69 53 49 146 243 479 188 91 427 233 219 148 253 181 375 262 165 149 478 221
22
495 70 246 152 92 150 413 366 471 374 82 129 194 422 469 275 192 51 157 418 30 321
22
495 465 274 80 412 218 113 367 464 326 287 334 339 49 146 425 37 370 452 295 220 414
22
495 168 459 257 354 63 160 477 380 484 290 438 191 385 256 206 462 365 377 347 8 200
22
498 277 468 80 476 94 146 125 28 120 411 350 59 368 240 46 451 257 446 349 383 182
22
494 72 387 484 69 263 304 48 436 242 280 437 296 199 459 472 237 140 357 267 171 406
22
494 309 212 89 380 230 228 322 31 369 78 269 222 416 160 354 257 317 414 176 370 219
22
494 316 25 413 147 476 107 398 204 203 9 399 205 164 455 480 104 274 94 439 245 324
22
493 32 129 8 299 483 192 345 392 295 4 26 78 466 450 403 182 332 374 180 44 91
22
493 382 194 291 97 241 340 146 176 370 270 223 126 303 350 156 491 397 339 10 136 233
22
493 255 158 61 208 402 312 453 162 315 412 221 190 384 488 100 72 266 343 475 119 361
22
493 264 104 484 441 422 329 210 251 75 30 360 179 355 452 425 283 164 42 31 406 171
22
492 105 430 42 209 112 397 156 447 438 248 389 349 58 395 104 283 168 356 175 125 332
22
492 426 232 135 216 166 360 72 149 246 440 478 381 61 136 479 91 423 392 63 160 487
22
492 99 196 173 367 206 180 100 197 294 241 308 167 264 234 268 317 220 123 79 178 269
22
495 394 336 239 67 208 214 141 234 5 313 410 217 427 279 66 281 2 116 201 59 41
22
491 465 418 30 419 31 314 23 332 257 354 142 393 296 111 402 237 331 430 27 112 403
22
491 159 300 397 149 246 293 358 455 67 264 357 382 91 285 147 335 432 249 286 92 383
22
491 189 192 386 313 410 180 374 317 461 73 268 462 154 445 489 178 275 84 283 88 379
22
491 384 190 349 475 47 49 200 345 248 176 279 182 32 484 456 426 80 486 175 488 470
22
490 337 240 143 6 223 458 167 361 157 51 128 222 125 247 150 53 181 84 275 329 426
22
490 168 71 450 62 159 310 116 263 166 360 113 16 442 345 207 219 316 49 425 37 231
22
490 378 318 415 124 10 433 336 239 406 309 186 467 330 189 158 206 303 12 443 55 302
22
490 108 258 226 201 296 199 325 405 308 22 33 154 485 121 127 193 484 185 331 358 149
22
489 421 186 76 367 270 123 400 197 294 484 14 392 461 79 314 217 378 87 482 288 94
22
489 247 344 82 373 158 61 252 58 205 383 286 242 69 210 90 13 304 110 234 331 21
22
489 19 147 341 244 423 35 132 52 232 97 427 39 239 114 80 177 384 168 71 443 249
22
488 353 479 244 273 98 389 195 314 248 295 201 298 214 26 414 350 68 152 37 225 242
22
488 145 194 388 172 75 49 143 337 487 196 252 158 142 433 294 170 267 29 83 271 305
22
488 402 121 218 28 33 227 375 203 300 397 106 47 241 439 175 470 18 473 306 325 246
22
487 101 198 471 56 442 54 387 484 105 111 371 274 230 42 26 130 452 355 337 314 23
22
487 156 350 59 253 297 82 470 176 467 457 360 166 34 325 222 81 294 112 278 472 137
22
487 331 74 119 410 25 426 329 38 116 298 7 399 437 340 146 362 168 13 165 478 90
22
487 88 17 348 57 346 465 368 361 167 283 389 223 315 384 93 286 255 449 349 356 353
22
486 225 152 452 258 289 266 393 199 17 405 121 143 337 235 310 9 385 191 208 111 402
22
486 255 449 61 302 368 133 327 36 414 391 395 301 10 118 312 21 257 200 394 6 153
22
486 347 469 88 379 282 119 410 313 232 292 416 125 319 222 181 472 324 421 227 33 277
22
486 99 461 331 59 350 463 162 252 155 485 23 35 245 440 415 142 239 484 392 57 129
22
485 174 221 267 455 390 108 85 414 154 251 445 201 395 131 223 371 475 378 425 143 219
22
485 25 78 449 352 255 158 19 116 286 92 192 23 411 258 211 308 114 405 253 75 172
22
485 250 153 462 171 121 234 58 481 287 194 322 393 5 188 119 313 410 157 60 130 149
22
485 185 484 387 344 345 209 306 160 44 50 113 402 305 333 237 443 187 284 370 283 103
22
484 86 256 40 276 259 65 392 319 407 169 176 35 223 29 423 126 411 129 479 442 345
22
484 191 50 438 117 352 449 14 408 161 98 124 225 28 448 83 414 375 84 138 215 118
22
484 21 386 445 248 398 4 284 130 339 236 177 80 288 316 219 416 275 472 296 16 113
22
484 310 212 141 265 68 200 302 205 11 208 458 70 337 34 231 439 144 329 150 114 311
22
483 458 264 435 443 57 339 242 198 295 4 424 377 211 114 105 481 381 127 265 124 34
22
483 22 304 13 261 358 272 175 203 143 74 268 262 68 368 174 21 278 150 344 432 44
22
483 288 239 192 134 87 475 412 196 451 263 219 122 316 324 42 333 163 454 135 322 182
22
483 471 186 380 108 302 3 355 161 259 364 414 50 282 349 177 32 467 153 39 206 383
22
482 109 12 156 150 267 32 323 119 313 72 266 28 319 368 271 277 180 371 292 389 151
22
482 108 228 369 78 443 160 354 451 117 70 458 317 35 392 242 158 255 61 107 301 13
22
482 401 320 315 362 240 434 97 388 457 263 81 306 282 379 2 139 124 467 79 314 456
22
481 179 366 37 328 391 194 321 114 211 443 292 263 166 336 239 210 257 163 66 154 445
22
481 95 192 342 338 318 403 262 68 215 409 341 247 266 169 78 258 352 444 315 121 8
22
481 105 380 283 419 128 2 390 327 230 185 88 120 217 411 5 393 243 278 290 450 229
22
480 39 462 268 171 94 47 157 451 403 356 386 289 57 251 398 454 78 346 55 326 44
22
480 238 401 304 72 266 406 212 77 312 437 275 177 274 412 121 411 458 248 383 222 28
22
480 195 283 327 159 479 211 308 114 399 302 196 2 184 296 415 124 467 342 50 341 325
22
479 336 312 30 396 8 443 270 410 175 271 36 93 234 40 137 343 440 437 243 146 211
22
479 17 114 407 31 360 434 199 387 193 370 41 15 112 26 220 201 395 104 210 404 180
22
479 277 468 358 67 455 154 236 430 330 48 436 145 356 131 34 401 244 203 9 383 347
22
479 354 451 432 302 301 392 195 389 99 159 71 318 134 454 475 85 222 363 169 241 283
22
478 157 347 434 58 11 409 261 119 410 16 141 329 38 187 277 418 221 127 310 37 231
22
478 163 454 217 314 411 170 320 302 311 341 233 380 262 275 463 172 274 77 371 258 161
22
478 358 447 250 343 440 46 5 229 419 204 398 189 386 356 162 265 362 220 352 346 443
22
478 49 451 241 438 290 184 281 391 79 370 467 73 226 29 112 309 433 236 82 279 179
22
477 150 425 415 335 426 163 357 471 374 177 274 80 412 24 218 179 137 184 278 275 178
22
477 182 473 359 171 167 214 402 387 96 434 123 153 212 406 448 351 60 401 398 158 295
22
477 101 51 192 95 34 228 175 174 433 45 142 239 125 224 316 122 223 29 356 65 377
22
476 53 335 238 204 359 68 406 115 4 392 427 281 74 315 269 128 322 384 407 19 361
22
476 70 435 338 200 103 367 229 370 273 176 36 339 292 66 260 418 127 42 333 89 364
22
476 205 471 277 23 314 390 447 106 416 125 40 248 442 191 307 113 16 52 246 460 33
22
476 324 227 194 183 104 284 95 415 152 409 355 123 414 77 316 131 334 244 245 362 129
22
475 96 314 184 228 34 248 156 62 353 235 189 122 28 321 462 171 268 35 423 262 359
22
475 356 162 70 167 279 360 263 166 457 351 24 315 386 252 105 200 388 194 367 183 37
22
475 134 231 452 405 308 52 112 209 300 397 119 313 379 185 419 40 233 178 309 18 430
22
474 317 363 316 219 143 43 334 332 138 429 150 257 307 352 158 355 20 414 229 446 254
22
474 451 157 354 448 301 66 277 471 30 395 436 339 142 308 114 211 336 45 439 242 383
22
474 463 40 300 9 397 159 353 130 327 469 178 440 246 49 384 190 194 391 262 459 359
22
474 322 419 25 457 386 189 95 273 208 406 18 309 47 108 67 264 267 70 134 425 442
22
474 245 78 465 71 196 452 58 255 161 358 438 221 4 201 278 288 213 174 364 224 163
22
473 353 95 50 302 11 208 392 65 268 135 38 427 330 98 274 80 242 48 336 433 151
22
473 248 383 430 124 318 312 115 409 212 215 384 47 144 294 391 281 37 224 127 463 275
22
473 428 231 437 43 387 246 343 146 109 73 270 315 118 24 200 103 349 355 452 255 94
22
473 291 411 214 120 363 382 413 85 253 59 126 254 448 54 260 113 249 446 31 322 125
22
472 468 80 139 307 210 462 415 124 227 33 130 368 39 44 420 129 63 257 439 245 329
22
472 426 214 53 76 417 240 434 259 372 184 281 378 231 37 278 267 36 230 304 401 62
22
472 154 196 161 258 452 289 3 100 96 193 49 340 28 209 15 322 128 269 234 164 151
22
472 398 10 314 423 90 284 395 338 435 183 208 145 436 8 202 224 70 273 283 220 302
22
471 90 187 44 233 400 340 164 4 201 10 30 171 268 124 221 415 444 102 196 393 2
22
471 199 128 380 121 403 206 306 376 85 65 356 351 154 157 308 73 270 61 202 172 463
22
471 266 366 75 334 140 41 238 332 379 133 205 11 208 177 274 371 468 91 382 147 341
22
471 339 436 357 454 425 212 15 309 345 46 47 317 26 223 414 217 343 22 451 401 98
22
470 176 262 468 399 146 334 160 201 126 2 331 119 401 304 50 438 292 195 389 57 445
22
470 10 435 432 9 387 96 105 466 272 264 464 323 288 6 4 51 145 436 89 136 39
22
470 125 224 321 236 138 178 469 344 128 118 21 65 363 169 365 462 74 171 19 88 294
22
469 436 200 44 91 188 347 423 229 235 138 429 355 37 83 180 36 158 104 156 98 314
22
469 217 237 140 283 380 316 175 304 110 401 116 39 233 415 29 113 307 210 21 419 128
22
469 31 101 392 4 40 356 453 259 162 390 2 55 152 244 341 147 273 73 256 450 353
22
468 325 231 278 238 141 18 109 303 79 176 192 386 289 403 306 30 295 4 101 19 222
22
468 125 269 308 120 314 282 88 69 166 444 250 350 156 68 322 164 287 93 464 243 202
22
468 396 299 9 397 223 129 448 254 421 33 353 216 313 229 132 99 293 265 362 331 439
22
467 313 41 182 87 322 147 244 283 270 86 183 257 99 346 170 452 308 449 198 106 12
22
467 428 193 290 96 381 90 457 360 126 413 84 13 207 436 427 39 286 383 441 53 159
22
467 221 414 220 273 79 43 282 336 239 7 298 404 307 15 306 402 42 243 121 442 382
22
466 237 284 375 278 234 459 265 71 83 271 77 225 173 417 118 409 208 111 300 9 394
22
466 200 6 134 425 364 348 16 404 204 115 23 247 109 400 329 205 11 346 138 60 342
22
466 245 439 262 363 222 319 457 219 413 189 383 209 15 116 19 338 435 244 438 311 308
22
466 355 4 295 102 370 369 131 228 422 380 56 390 201 259 356 80 371 242 195 110 304
22
465 233 279 73 65 347 249 152 61 258 200 154 51 445 189 301 107 366 463 133 381 90
22
465 287 284 339 145 240 46 59 256 253 403 209 400 303 363 128 316 413 19 25 419 464
22
465 267 173 323 110 207 191 89 432 141 238 298 331 134 40 434 315 24 418 185 282 49
22
465 340 50 305 239 220 417 23 333 164 227 174 214 411 281 457 257 8 299 213 442 54
22
464 80 139 309 18 152 55 147 53 441 349 155 252 418 39 306 24 452 258 176 69 166
22
464 167 73 170 267 308 405 256 450 353 367 173 442 54 95 46 93 304 207 28 416 319
22
464 125 437 154 295 59 363 191 91 188 172 366 280 377 86 372 275 331 332 138 52 343
22
463 418 321 127 132 316 25 175 176 249 55 443 244 438 453 65 62 15 112 266 454 66
22
463 125 434 43 431 278 181 83 142 433 57 151 345 101 392 235 429 352 61 258 412 130
22
463 32 420 378 254 354 63 440 299 105 8 376 397 203 284 74 268 309 193 146 77 174
22
463 47 241 216 5 109 206 267 114 350 196 358 269 414 317 385 401 29 430 333 270 492
22
462 94 85 376 182 334 184 2 96 193 290 198 286 157 124 310 437 49 146 243 458 126
22
462 209 72 363 121 315 262 68 374 186 283 380 142 433 153 304 207 110 174 97 238 432
22
461 76 422 140 334 15 306 112 109 12 206 27 349 58 396 4 395 7 17 114 317 26
22
461 37 84 375 181 413 410 363 222 269 75 186 45 239 150 247 344 432 404 307 451 103
22
461 21 409 33 449 61 65 162 453 182 212 309 95 420 226 329 47 241 144 204 301 107
22
462 141 3 219 232 370 352 255 18 115 309 71 459 133 230 36 47 11 98 292 170 360
22
460 284 421 133 327 364 392 277 136 47 174 409 28 404 397 162 259 447 165 236 95 91
22
460 459 126 448 316 269 302 152 346 58 276 229 426 232 191 94 64 140 121 74 13 402
22
461 418 246 149 343 361 264 167 287 443 249 153 387 102 108 49 385 64 439 242 145 40
22
459 181 189 418 321 224 89 234 40 331 428 170 405 114 308 211 313 192 95 272 255 393
22
459 102 334 404 28 319 122 219 36 35 423 41 332 135 329 212 39 330 171 23 258 161
22
459 149 246 453 218 79 408 311 26 317 168 71 169 441 390 99 398 204 85 279 241 195
22
459 130 260 14 191 385 340 194 172 184 450 373 202 299 190 275 7 391 297 215 303 44
22
458 195 296 457 69 128 188 376 444 115 406 309 26 372 74 245 10 204 107 298 97 194
22
458 277 248 216 218 223 364 294 197 391 341 50 59 330 136 219 168 239 336 72 181 278
22
458 84 134 146 243 185 327 424 230 133 224 300 331 234 137 138 332 235 23 381 274 423
22
457 111 305 208 206 400 152 43 319 361 35 29 223 268 127 406 15 337 434 78 31 225
22
457 79 378 425 134 437 72 266 363 166 69 120 411 412 177 80 130 401 41 138 98 195
22
457 97 238 335 432 141 161 452 248 54 316 25 117 311 164 455 275 86 10 204 454 269
22
456 368 77 271 66 296 393 167 216 354 160 63 193 177 16 113 8 202 384 314 23 378
22
456 413 219 84 375 181 131 225 369 65 259 362 71 304 207 69 283 424 230 135 232 340
22
456 437 293 390 11 200 82 179 266 363 397 300 203 443 215 27 221 156 447 350 239 452
22
456 64 233 427 442 248 54 209 24 143 388 348 74 182 285 79 273 3 197 351 60 67
22
455 438 241 404 123 40 137 228 325 68 412 83 387 443 181 179 294 97 391 81 278 314
22
455 361 268 362 80 252 58 349 152 393 206 109 141 335 232 235 38 8 356 453 162 359
22
455 110 245 352 93 384 183 66 163 116 114 67 421 324 186 383 72 108 185 172 330 444
22
455 257 219 231 30 418 24 150 53 250 132 329 174 251 36 225 419 222 288 191 94 406
22
454 11 108 419 267 73 170 36 424 83 271 177 255 393 299 362 168 265 315 261 308 54
22
454 151 47 59 12 303 413 25 138 235 326 279 273 176 86 107 125 222 306 112 403 259
22
454 453 65 381 250 347 96 290 217 314 328 389 186 334 43 51 30 20 385 119 22 14
22
453 304 74 141 282 206 400 45 196 102 393 150 385 28 416 222 107 436 274 80 4 333
22
453 139 126 320 173 367 261 258 355 275 187 298 7 58 446 317 124 318 254 60 357 143
22
453 434 240 147 244 165 182 175 200 360 273 370 35 286 248 280 256 306 52 315 237 305
22
452 247 153 444 318 124 406 30 224 346 152 447 59 315 218 412 165 137 445 116 257 354
22
452 304 123 208 405 166 198 245 313 216 292 202 8 108 302 182 374 180 45 336 327 79
22
452 113 16 324 436 48 272 189 383 258 446 240 261 9 430 260 232 80 112 185 264 259
22
451 391 437 86 145 293 390 105 299 21 409 350 112 57 92 433 165 74 171 414 123 31
22
451 219 122 307 393 111 315 218 76 371 300 18 223 29 443 368 77 83 408 214 20 147
22
451 95 182 376 37 187 381 392 4 207 110 143 46 261 358 116 407 229 162 361 389 38
22
450 79 176 60 290 82 207 13 218 412 265 441 347 316 122 175 363 274 86 109 20 388
22
450 188 91 376 235 332 318 415 224 365 268 271 244 341 438 147 199 84 278 115 21 215
22
450 409 312 40 379 282 2 306 95 380 260 66 307 16 424 411 398 107 162 287 70 135
22
449 325 160 413 44 214 423 100 215 262 359 361 264 269 305 111 236 139 392 251 348 323
22
449 32 267 270 194 97 62 159 433 144 243 146 290 193 9 300 17 308 293 434 240 143
22
449 187 90 412 24 365 268 171 401 110 324 227 380 306 403 428 234 302 108 371 201 280
22
448 94 385 399 95 427 220 26 128 41 226 420 153 247 216 410 119 291 432 335 197 294
22
448 99 275 81 178 61 363 72 266 272 175 321 264 70 311 117 412 271 77 174 279 85
22
448 232 234 331 137 281 371 82 304 13 110 389 249 439 51 310 382 143 208 14 36 297
22
447 386 409 423 229 329 132 38 335 427 379 348 140 334 338 56 250 444 103 200 297 125
22
447 78 219 316 72 37 431 425 134 305 111 428 40 433 218 171 365 359 68 183 303 106
22
447 114 420 323 299 64 258 281 213 439 45 242 139 336 254 57 194 391 372 175 81 296
22
447 99 173 77 174 349 421 298 191 41 238 4 314 117 124 221 112 309 244 443 304 259
22
446 333 4 295 313 382 99 390 191 441 272 369 37 328 176 200 81 372 269 366 222 189
22
446 393 65 77 124 221 408 314 165 250 153 62 342 245 201 298 7 436 48 414 220 85
22
446 376 304 254 378 87 336 168 61 343 52 121 218 208 407 112 166 263 338 9 3 152
22
445 283 128 31 415 124 368 386 60 351 430 42 54 246 440 52 434 337 287 105 299 131
22
445 325 413 316 423 229 141 217 76 116 407 257 156 59 45 239 433 382 394 38 135 226
22
445 420 439 148 342 110 304 207 204 107 167 83 180 277 374 72 155 126 357 300 203 11
22
444 428 180 392 198 70 167 259 443 152 201 265 71 196 99 2 243 49 120 186 92 274
22
444 76 29 320 145 239 192 316 25 36 230 14 61 74 256 303 109 90 231 328 425 429
22
444 235 272 226 125 222 398 10 141 280 228 334 140 318 27 8 151 100 391 357 184 58
22
443 83 317 220 293 186 421 149 52 431 43 379 88 229 132 188 285 382 78 360 216 279
22
443 44 432 187 275 416 160 63 59 345 151 368 271 304 210 113 115 162 217 424 17 346
22
443 208 402 165 80 38 426 437 53 344 172 139 430 310 126 320 167 27 342 306 127 30
22
442 218 315 124 80 317 294 391 12 262 9 203 154 57 288 434 250 235 305 32 349 380
22
442 98 239 311 408 405 308 358 164 205 108 301 417 88 259 71 331 334 431 419 31 125
22
442 151 227 112 272 175 236 139 215 404 198 131 267 189 97 291 249 435 166 257 50 133
22
441 37 310 287 93 428 179 373 414 133 339 292 270 409 118 8 105 55 346 143 304 159
22
441 64 114 390 2 222 125 410 199 387 228 325 369 272 136 183 219 162 259 370 362 30
22
441 238 141 170 267 395 7 47 380 283 212 406 392 101 150 344 53 252 381 257 63 117
22
441 408 440 269 184 88 400 156 350 77 359 360 415 227 106 54 132 372 6 352 31 361
22
440 431 317 220 53 288 438 297 360 61 202 8 84 375 225 31 419 146 373 276 350 68
22
440 162 221 268 285 92 412 121 435 153 250 12 303 228 131 172 371 274 307 119 216 377
22
440 434 58 252 349 77 160 320 29 122 342 261 409 193 460 231 234 127 256 370 372 379
22
439 380 283 254 75 374 362 418 47 329 135 246 274 158 61 339 2 390 375 163 257 57
22
439 348 55 243 437 314 126 320 408 298 95 192 165 118 409 67 203 156 124 221 31 225
22
438 250 173 12 206 435 211 117 373 276 326 301 304 24 412 392 101 63 298 193 387 96
22
438 162 335 44 194 240 167 73 98 427 39 205 343 339 242 95 289 236 178 372 263 166
22
438 169 88 129 278 312 21 40 331 50 391 100 6 103 183 385 352 345 142 102 134 37
22
437 305 3 144 435 338 376 95 177 274 11 108 39 171 13 401 263 363 359 245 151 345
22
437 248 354 299 202 239 433 336 45 333 139 236 145 436 30 312 40 187 405 17 300 226
22
439 234 399 264 70 432 141 335 272 175 416 222 33 130 25 114 402 111 92 218 412 290
22
436 374 300 347 120 314 8 251 57 373 423 22 20 255 356 259 333 104 10 150 197 391
22
436 312 118 176 256 353 68 359 29 223 208 111 278 375 325 34 422 393 346 205 383 221
22
436 412 25 41 248 31 419 225 341 147 252 26 123 91 321 127 261 177 361 13 112 43
22
435 195 242 75 169 374 233 150 129 226 223 429 254 351 60 392 171 74 268 359 217 264
22
435 276 141 335 434 227 27 111 302 108 419 222 410 313 245 342 307 113 210 377 334 431
22
435 52 246 224 271 77 284 90 306 91 382 288 182 115 384 260 66 178 63 54 151 317
22
434 256 159 62 60 48 424 286 47 59 253 274 77 269 366 172 66 395 201 204 301 107
22
434 63 384 190 49 243 437 116 310 99 91 188 399 205 370 79 323 364 73 195 259 245
22
434 372 280 186 349 246 187 90 324 130 55 346 218 121 13 401 207 37 376 312 215 319
22
433 301 107 110 148 290 251 247 132 322 31 139 236 272 376 379 213 310 130 324 402 120
22
433 217 73 58 152 183 371 177 418 224 321 173 70 117 115 18 406 172 82 373 248 216
22
433 119 157 354 351 56 253 293 96 109 400 404 207 210 337 143 392 353 36 424 30 66
22
432 72 333 42 85 364 16 164 3 100 421 130 45 336 201 7 301 204 118 255 302 32
22
432 101 4 365 39 46 93 418 321 30 77 111 208 17 219 316 413 315 24 75 366 106
22
437 113 149 246 343 334 140 237 43 249 270 367 76 26 46 301 70 417 199 130 309 98
22
431 119 427 333 430 388 97 399 302 11 285 382 144 238 262 244 197 100 290 343 371 183
22
431 89 186 425 37 237 293 58 252 396 8 208 305 14 41 347 56 181 29 19 109 221
22
431 406 309 218 315 36 60 82 179 314 31 128 322 63 54 90 65 275 81 271 267 199
22
430 415 180 141 383 193 96 206 347 56 158 205 353 212 18 29 417 355 82 317 182 236
22
430 33 130 421 322 58 152 403 209 112 168 222 319 81 104 201 339 48 77 368 25 305
22
430 325 137 428 254 207 304 401 391 336 295 392 87 49 52 105 172 269 173 367 41 429
22
429 118 312 353 113 16 66 260 281 134 328 228 295 198 101 178 310 207 351 22 398 53
22
429 247 150 382 91 76 214 117 408 402 289 242 299 202 112 206 423 141 238 179 320 223
22
429 273 142 377 269 174 203 418 127 56 286 337 143 177 11 133 421 227 278 181 151 83
22
428 187 418 349 192 95 286 361 167 358 256 7 138 176 81 316 122 426 85 35 226 32
22
428 323 295 101 45 239 280 183 406 15 77 345 54 152 346 351 149 52 401 409 312 118
22
428 37 328 106 397 360 407 310 88 344 147 137 287 125 34 171 408 389 206 200 103 108
22
427 96 425 231 309 212 281 276 229 132 326 414 292 142 241 338 88 185 254 60 85 182
22
427 411 256 102 5 55 196 99 334 140 203 318 221 224 127 138 80 316 163 260 208 201
22
427 298 340 146 49 59 310 206 171 74 268 280 183 32 160 13 344 103 97 291 107 204
22
426 186 89 7 104 316 367 23 93 168 30 224 264 167 419 184 88 133 424 180 354 160
22
426 202 416 181 375 302 108 390 346 376 141 204 398 223 317 351 60 131 177 80 239 336
22
426 333 4 233 191 360 341 153 24 21 242 300 90 381 284 59 102 296 199 5 342 148
22
425 185 46 372 210 113 417 145 162 259 290 193 69 263 198 4 9 403 361 311 400 308
22
425 91 420 26 32 294 97 100 96 67 264 86 277 157 351 327 133 424 315 24 331 237
22
425 369 53 383 158 355 287 413 270 10 155 352 348 136 47 411 239 423 226 401 110 125
22
424 57 49 237 140 266 302 408 164 130 33 421 383 92 366 70 361 264 176 14 111 208
22
424 60 254 391 100 283 234 331 328 37 338 241 47 249 312 387 141 44 432 333 139 42
22
424 354 257 213 416 319 99 320 183 268 404 113 357 202 105 188 27 248 185 122 23 199
22
423 173 270 308 405 361 223 23 220 120 317 162 80 274 321 224 287 373 179 319 28 413
22
423 219 37 234 304 395 132 38 254 57 157 181 199 183 377 86 68 331 8 62 259 256
22
423 151 345 292 98 295 389 263 69 34 231 6 44 241 152 282 189 364 167 358 288 106
22
422 301 10 185 379 179 226 129 133 359 165 210 310 261 26 215 118 318 9 56 188 382
22
422 141 329 376 97 144 47 241 338 3 399 205 302 89 283 183 377 86 42 333 418 219
22
422 18 175 322 128 54 345 346 342 245 281 46 247 150 15 403 396 299 274 177 80 163
22
422 66 375 34 325 39 104 367 405 289 155 277 189 74 171 336 324 292 288 191 132 331
22
421 110 391 403 15 209 306 210 307 351 257 369 416 255 131 325 228 414 179 276 132 35
22
421 229 326 17 252 205 11 174 77 221 23 14 305 251 348 381 146 386 95 10 355 258
22
421 161 89 237 140 149 52 31 322 25 219 106 97 218 315 121 24 362 201 297 236 5
22
420 300 203 345 151 16 400 303 156 71 366 148 245 414 220 320 374 236 139 189 153 200
22
420 394 314 62 176 273 94 288 403 15 27 229 276 340 293 28 67 261 115 18 211 114
22
420 399 205 128 184 231 80 144 375 284 312 264 361 192 219 122 359 19 213 339 48 74
22
419 66 385 56 102 149 52 276 161 255 76 53 235 77 230 57 187 225 322 37 328 68
22
419 256 380 403 15 112 109 206 303 200 297 47 338 185 254 331 127 268 142 336 116 213
22
419 416 275 389 325 93 175 333 42 180 169 317 341 168 17 13 304 124 182 146 240 299
22
418 152 175 332 388 2 199 293 231 134 254 88 168 107 10 207 248 51 7 401 104 301
22
418 70 161 355 209 306 97 294 274 247 50 44 84 320 223 170 73 131 283 380 91 382
22
418 211 118 409 85 255 377 280 336 227 140 237 43 111 299 102 400 386 289 95 190 120
22
418 411 329 52 397 94 272 250 347 150 146 343 389 66 309 25 222 354 295 63 162 60
22
417 343 57 372 90 284 32 377 285 188 97 272 201 304 13 257 69 338 144 367 173 270
22
417 179 276 414 368 227 392 4 101 53 147 341 50 236 393 296 5 98 192 92 189 286
22
417 232 248 125 319 20 161 64 306 209 24 315 218 213 407 363 185 340 205 399 350 172
22
416 255 287 384 340 309 295 364 82 341 200 301 19 213 113 163 308 402 355 216 313 410
22
416 22 263 189 286 283 95 345 298 253 350 197 232 38 241 181 399 108 130 83 371 177
22
416 274 80 234 127 30 106 86 377 284 381 245 296 199 393 219 413 369 251 171 366 172
22
415 258 38 179 360 66 204 298 95 2 290 126 223 29 246 242 184 281 90 225 31 366
22
415 282 310 28 304 401 297 391 252 349 364 267 33 324 247 344 180 115 244 147 347 91
22
414 280 139 305 121 138 235 397 267 323 126 131 311 405 211 107 213 19 25 222 409 189
22
414 286 61 379 88 185 58 160 329 232 38 231 37 134 378 167 207 391 288 94 176 205
22
414 85 154 23 411 247 382 69 162 396 140 245 141 335 367 124 146 340 190 164 358 47
22
413 332 138 388 247 150 294 183 350 156 94 171 272 213 310 107 307 210 154 60 62 250
22
413 153 170 76 367 217 120 29 320 359 362 48 92 346 111 382 51 212 115 118 155 58
22
413 229 370 244 304 356 375 181 82 276 66 337 371 269 287 190 393 295 119 300 230 151
22
412 174 33 26 220 4 198 85 376 258 23 396 371 136 249 91 188 203 9 301 378 122
22
412 25 236 32 226 408 214 290 96 69 209 15 336 142 52 292 180 277 163 339 48 386
22
412 113 307 404 288 385 291 206 12 54 63 320 207 148 162 262 213 322 251 391 22 222
22
411 195 367 131 223 361 35 347 56 323 32 254 66 189 92 136 385 221 399 11 284 196
22
411 343 111 158 299 105 217 303 109 248 201 395 218 334 43 146 49 139 231 37 114 85
22
411 232 38 119 256 271 174 100 244 45 55 40 393 366 262 115 164 184 404 154 57 355
22
410 341 33 315 29 319 179 300 112 18 212 292 275 178 181 228 31 58 193 387 146 99
22
410 301 10 101 396 2 299 161 402 208 384 165 263 166 266 172 62 259 6 317 26 140
22
410 43 303 182 85 294 401 7 77 339 141 40 157 354 32 265 148 249 52 346 149 184
22
410 244 186 67 316 216 19 407 248 361 164 92 377 280 83 370 163 133 84 5 393 136
22
409 164 70 399 100 365 296 321 274 377 330 9 397 103 328 144 312 21 118 124 143 240
22
409 40 193 159 353 62 347 153 247 220 273 132 29 366 131 228 15 112 209 222 315 121
22
409 308 405 114 17 388 165 286 88 327 160 142 204 157 184 116 227 54 101 334 333 139
22
408 53 99 2 130 318 186 383 89 393 135 312 82 276 315 352 119 313 303 109 306 209
22
408 300 347 153 159 74 268 399 108 249 117 81 207 336 39 368 171 174 42 125 165 68
22
408 45 245 132 328 134 272 30 230 262 376 182 325 228 83 86 183 138 259 96 40 231
22
408 59 389 98 317 220 23 201 395 122 307 320 126 240 149 258 61 360 194 269 378 181
22
407 28 105 83 253 132 27 121 165 259 131 325 194 377 142 5 337 379 238 285 163 343
22
407 149 246 193 64 258 205 4 198 135 209 80 174 271 87 341 247 133 327 36 406 18
22
407 119 313 311 214 117 111 14 190 178 275 7 298 217 23 365 308 203 98 61 255 265
22
406 25 20 396 191 385 61 155 123 305 76 270 100 335 24 397 69 250 153 37 11 302
22
406 287 384 281 46 22 119 216 333 207 110 401 404 310 189 389 150 247 278 375 137 309
22
406 371 324 130 201 293 72 86 77 253 259 351 233 15 10 176 323 226 193 382 285 160
22
405 368 180 147 226 12 399 117 287 270 370 318 177 274 36 133 224 27 168 136 178 290
22
405 254 161 264 98 292 15 21 146 261 64 308 165 236 42 283 181 398 45 216 307 210
22
405 256 62 259 249 48 145 278 87 217 240 337 199 6 391 128 325 322 37 196 38 160
22
404 143 330 142 148 342 195 67 202 396 225 178 275 291 194 19 207 111 180 277 303 159
22
404 253 129 82 223 320 172 364 73 384 265 124 318 77 368 117 20 200 199 398 107 10
22
404 260 357 4 101 392 327 386 284 381 351 278 222 100 250 182 47 63 316 122 70 308
22
403 146 380 281 131 322 160 254 359 37 328 161 355 345 253 394 300 106 361 79 246 384
22
403 93 152 135 329 286 92 383 10 204 142 45 39 299 289 310 19 335 219 358 164 261
22
403 130 388 97 390 99 293 80 274 62 75 172 21 205 112 244 298 363 72 140 334 158
22
402 310 149 167 70 369 8 164 67 399 4 392 5 386 248 342 51 13 252 64 355 161
22
402 195 293 127 235 50 147 160 118 37 72 9 208 279 376 273 370 255 265 168 6 276
22
401 321 191 383 399 70 304 207 350 194 388 217 76 320 155 146 267 62 324 312 121 356
22
401 360 69 363 306 112 384 290 8 184 378 373 141 362 181 331 56 158 63 231 294 100
22
400 237 37 231 371 102 211 185 357 310 127 315 108 399 111 208 313 125 20 45 280 251
22
400 57 289 322 262 309 168 301 229 60 157 292 198 392 394 144 341 147 247 194 291 46
22
400 93 287 170 203 314 120 65 343 92 189 201 7 369 272 288 29 126 303 12 349 376
22
399 13 310 335 6 200 103 351 384 126 377 393 251 348 249 55 108 270 367 35 70 167
22
399 228 383 97 58 349 30 87 281 181 356 300 106 33 113 210 292 195 90 187 319 355
22
432 153 168 27 146 44 249 152 317 220 88 185 292 163 96 28 119 196 58 126 256 117
22
398 112 65 13 352 214 120 121 262 115 212 250 56 69 22 353 241 338 310 122 371 325
22
398 367 270 171 377 292 363 222 101 295 174 368 384 362 71 114 345 331 240 46 66 322
22
398 31 191 64 342 175 78 118 312 254 7 105 147 197 324 276 136 44 335 339 145 35
22
397 277 374 247 272 265 215 303 206 243 384 130 324 263 6 394 288 144 292 85 226 375
22
397 237 43 2 378 11 321 30 81 178 217 314 72 26 317 254 221 27 262 135 40 125
22
397 4 274 5 296 147 128 143 46 291 294 391 382 41 138 332 328 373 300 192 301 365
22
396 8 290 193 337 149 52 274 72 213 289 27 221 9 106 300 392 295 101 47 344 247
22
396 53 391 223 182 279 75 172 122 219 25 210 357 130 324 322 225 61 2 395 104 7
22
396 133 22 216 313 314 330 185 379 18 62 353 191 215 312 112 41 262 349 354 329 76
22
395 121 315 296 15 209 302 108 266 78 146 238 232 213 236 37 106 203 388 274 371 133
22
395 36 251 110 207 68 262 241 305 14 190 287 284 73 132 326 179 362 168 127 30 33
22
395 174 271 77 46 247 394 297 6 200 216 64 355 120 314 278 330 358 124 83 184 250
22
394 28 263 315 292 389 220 129 197 338 150 247 304 13 22 216 136 330 113 210 88 345
22
394 151 204 392 4 219 266 356 162 168 362 112 209 43 237 78 175 318 221 36 367 76
22
394 173 155 62 373 276 82 91 382 12 359 68 260 149 30 40 305 14 381 93 281 33
22
393 210 213 116 156 15 388 138 235 374 189 104 7 386 135 232 183 56 9 203 360 117
22
393 32 164 261 60 351 154 145 339 37 179 252 372 195 98 181 84 375 296 160 281 94
22
393 121 334 230 202 33 30 34 173 234 365 259 387 151 221 124 4 91 304 344 53 326
22
392 284 307 119 22 24 258 347 150 189 78 360 270 40 352 261 20 169 37 319 144 47
22
392 285 288 10 301 44 182 11 371 74 65 197 299 105 143 295 343 246 253 56 109 6
22
392 97 294 388 280 34 227 33 93 190 361 164 114 311 308 375 84 140 337 176 66 242
22
391 160 63 9 244 207 115 212 260 119 47 196 384 225 37 134 272 131 325 73 267 327
22
391 253 111 14 278 181 289 386 98 91 382 188 82 179 61 127 200 6 221 295 4 101
22
391 60 254 219 25 226 32 264 49 146 277 374 180 296 250 262 342 17 211 149 75 118
22
390 180 364 279 278 375 184 250 153 297 230 75 122 316 357 344 224 383 92 101 355 64
22
390 258 194 3 380 51 192 289 58 248 68 209 9 343 330 212 123 10 63 354 33 130
22
389 218 315 241 144 242 216 22 74 97 21 162 342 223 384 308 232 329 279 376 184 378
22
389 109 15 381 284 187 267 214 277 67 208 305 246 52 199 102 5 11 105 341 207 13
22
389 354 63 16 210 307 142 239 104 298 183 30 106 154 380 325 103 82 179 269 27 80
22
388 175 73 364 227 368 25 367 76 341 45 183 385 191 288 56 134 37 228 43 237 333
22
388 123 309 18 206 215 296 246 343 53 241 338 234 40 238 99 310 19 263 188 95 15
22
388 209 112 297 201 110 304 35 132 229 138 41 281 3 295 126 181 346 36 327 171 268
22
387 353 62 376 372 81 43 211 246 314 271 174 368 110 135 235 41 253 206 112 14 249
22
387 346 150 247 285 56 89 380 8 202 102 196 192 145 25 36 57 348 136 330 124 248
22
387 151 54 215 312 67 73 92 19 338 113 307 176 371 274 272 63 26 6 226 32 119
22
386 53 247 100 161 322 128 10 339 316 177 6 154 119 313 165 124 220 26 214 20 141
22
386 164 211 23 284 121 157 60 152 346 56 46 337 276 82 49 127 180 86 239 142 144
22
386 47 325 228 34 265 353 379 264 244 160 135 232 158 69 13 8 369 375 328 201 345
22
385 155 306 209 21 312 72 98 16 307 282 124 171 268 162 65 340 293 99 337 102 176
22
385 35 364 382 285 104 84 348 57 253 59 283 186 380 13 248 187 355 26 123 85 376
22
385 271 262 165 68 44 135 329 331 234 239 302 115 309 339 145 184 149 343 216 256 95
22
384 297 252 58 289 303 3 178 275 272 247 55 9 361 111 305 208 358 67 320 223 179
22
384 143 318 224 321 271 77 295 292 353 256 159 22 304 25 163 47 241 359 345 328 37
22
384 183 86 187 253 350 94 199 5 214 343 115 120 146 50 244 129 118 228 7 367 158
22
383 177 347 232 38 135 87 64 125 28 77 100 341 335 141 330 302 23 258 358 161 369
22
383 198 66 260 88 185 291 342 48 245 339 127 321 268 98 231 328 327 344 147 354 168
22
383 99 2 196 370 270 102 360 156 119 316 22 310 188 290 123 72 334 336 201 381 184
22
382 324 127 130 92 286 369 93 310 169 246 149 346 131 19 232 349 129 323 241 250 153
22
382 150 344 331 143 337 30 257 303 206 103 260 357 102 230 27 221 264 167 283 313 48
22
382 339 242 236 36 183 16 23 200 251 276 179 373 146 371 158 141 291 212 302 105 215
22
381 32 129 119 313 247 150 344 53 350 59 89 186 380 96 193 237 43 27 257 354 63
22
381 177 125 222 360 219 78 272 110 235 332 370 91 57 184 378 367 270 241 312 171 365
22
381 99 293 48 181 228 297 111 362 71 168 341 50 147 269 366 330 223 139 42 238 113
22
380 127 307 378 4 114 17 161 91 335 93 246 122 133 36 296 199 99 293 196 334 240
22
380 46 320 305 297 41 138 342 50 292 176 175 123 24 218 315 61 347 153 18 239 201
22
380 243 94 333 377 22 65 27 324 291 189 354 160 59 21 135 330 185 152 174 40 84
22
379 182 376 300 159 202 220 204 151 350 332 154 360 219 316 172 366 75 129 323 226 35
22
379 333 145 312 73 337 275 181 194 325 28 231 37 234 271 224 318 94 291 191 76 208
22
379 277 180 205 195 257 2 282 274 324 102 299 100 198 101 292 141 68 311 287 268 365
22
379 168 39 241 244 13 207 10 201 355 314 79 329 132 294 259 313 46 70 176 218 256
22
378 7 298 114 177 221 353 118 261 128 31 348 4 198 246 293 199 248 18 143 150 203
22
378 226 220 123 372 75 181 140 257 216 170 73 364 311 64 229 12 303 109 58 147 244
22
377 228 44 263 216 105 215 177 270 284 187 11 20 98 12 315 310 36 130 318 121 271
22
377 127 170 267 375 84 102 299 363 81 275 89 289 94 314 117 32 259 348 225 197 167
22
377 364 264 175 298 52 351 60 64 222 148 134 231 179 376 350 176 136 329 240 305 185
22
376 209 292 375 353 95 48 339 208 305 32 273 370 318 130 19 258 355 17 252 264 70
22
376 156 190 93 287 290 96 8 294 30 127 45 239 374 268 365 80 274 135 329 65 356
22
376 162 56 153 72 188 345 57 51 335 344 247 55 315 187 12 254 7 92 25 9 326
22
375 343 275 372 208 139 7 104 336 341 50 147 211 60 157 51 148 145 301 66 348 184
22
375 87 230 337 156 62 159 150 217 23 18 3 25 219 328 37 364 78 116 232 118 352
22
374 156 47 369 275 134 114 79 256 62 347 25 358 216 304 207 69 263 210 16 154 155
22
374 349 60 339 145 337 8 50 279 235 54 287 5 102 66 283 179 373 103 109 124 221
22
374 325 34 302 194 232 174 187 237 140 165 118 167 36 225 33 162 314 35 53 185 39
22
373 91 359 68 312 323 135 329 232 147 246 346 371 177 176 134 19 190 49 159 256 342
22
373 248 57 307 260 166 296 202 105 290 103 200 56 221 124 305 111 173 270 220 317 123
22
373 126 29 358 144 47 238 141 83 128 333 236 182 131 17 81 372 125 186 224 344 330
22
372 107 286 200 180 337 46 163 66 311 358 134 148 141 329 230 198 101 243 290 313 79
22
372 369 207 110 99 293 196 127 288 169 72 14 131 34 320 29 156 59 24 279 182 271
22
372 318 95 192 341 73 17 234 331 352 162 348 57 251 306 15 233 100 3 187 97 53
22
371 281 93 271 152 199 340 49 146 11 288 57 245 34 126 299 246 252 58 362 43 140
22
371 147 324 227 297 200 103 16 210 95 164 67 117 254 169 160 120 217 182 9 259 316
22
370 59 129 32 35 258 202 335 34 273 233 21 321 365 249 150 354 72 266 119 22 283
22
370 186 89 142 239 360 265 225 322 332 94 288 73 214 221 33 130 324 189 279 302 11
22
369 361 200 297 196 337 58 152 234 40 137 211 17 117 227 52 343 107 289 132 179 100
22
369 294 212 165 9 203 300 183 230 136 53 344 247 34 228 97 291 219 113 307 16 237
22
368 6 167 16 113 160 354 275 228 131 134 265 168 288 291 183 89 193 101 242 339 80
22
368 274 258 64 29 135 329 182 41 98 181 84 62 159 156 253 281 184 119 216 311 83
22
368 277 249 251 363 72 95 289 165 243 40 130 128 173 23 32 187 356 105 299 73 205
22
367 195 287 305 352 158 181 97 139 42 122 91 185 72 29 257 160 174 77 274 127 350
22
367 137 94 26 261 306 71 268 353 156 157 345 248 297 136 333 38 329 243 17 322 284
22
367 184 140 299 8 41 138 85 272 27 48 145 28 34 283 116 313 240 366 68 265 69
22
366 363 337 153 294 33 315 263 357 352 349 185 191 292 339 20 117 300 312 30 188 91
22
366 6 297 53 271 276 71 265 301 29 320 346 249 55 345 228 49 237 51 209 15 364
22
365 257 63 119 330 233 291 261 91 285 76 123 26 306 339 145 198 292 226 323 179 82
22
365 38 127 30 297 250 267 364 37 353 302 237 334 2 128 225 288 122 316 181 187 12
22
365 206 59 201 104 125 111 239 139 42 27 294 3 275 178 115 251 252 92 211 169 228
22
364 66 301 107 20 320 35 55 262 14 109 79 355 64 96 331 137 104 244 150 181 281
22
364 184 328 157 60 210 46 293 189 92 283 300 203 106 31 141 119 191 316 182 151 145
22
363 17 112 99 107 304 232 329 135 68 359 213 19 32 46 243 145 81 316 128 130 33
22
363 83 180 208 255 170 132 77 250 74 159 353 86 175 342 118 21 212 115 173 29 126
22
363 186 5 202 252 241 144 338 194 166 289 103 197 9 167 11 108 154 314 278 221 137
22
362 211 219 71 51 342 159 256 359 165 221 190 177 171 313 216 22 133 358 79 283 89
22
362 189 208 254 298 333 239 98 292 152 340 207 149 246 252 155 58 196 301 10 3 197
22
362 228 34 135 344 53 269 172 324 184 183 350 290 115 143 242 306 125 147 235 181 335
22
361 179 170 254 48 228 357 28 45 22 119 190 279 182 282 88 89 42 153 247 53 200
22
361 262 121 3 265 71 328 231 37 10 301 245 51 78 175 219 122 289 345 334 40 259
22
361 133 327 230 217 23 314 312 117 13 110 81 295 198 246 346 293 17 109 180 266 128
22
360 289 337 218 121 359 136 183 219 316 119 307 210 134 322 319 222 84 278 156 203 109
22
360 12 99 150 92 286 7 201 346 275 271 77 399 257 217 266 49 140 114 17 56 153
22
359 180 113 242 94 176 105 334 102 299 313 119 31 225 173 76 273 341 12 241 106 282
22
359 60 169 266 277 134 231 155 58 190 287 93 23 220 327 57 254 154 351 348 218 315
22
358 197 190 93 149 221 27 7 104 161 64 4 198 125 194 87 346 280 90 275 283 186
22
358 48 305 117 23 164 50 61 352 310 47 345 54 105 8 18 347 306 112 297 200 227
22
359 224 129 32 6 141 124 182 260 265 78 117 20 333 139 42 246 188 73 162 146 312
22
357 345 110 273 228 47 338 285 162 62 249 55 152 196 95 277 221 74 8 105 7 298
22
357 257 163 348 109 200 6 115 146 276 272 73 120 314 9 106 264 70 211 53 219 122
22
357 313 157 351 4 33 222 147 244 174 85 39 107 97 246 137 26 349 86 261 332 355
22
356 303 47 100 3 336 170 264 331 137 2 49 55 104 7 160 325 90 134 166 164 286
22
356 92 98 145 339 51 148 81 150 91 188 52 277 86 183 158 352 82 226 129 238 324
22
355 266 219 97 246 52 153 200 247 183 277 92 189 80 221 315 129 148 51 342 101 190
22
355 49 237 104 39 227 111 147 67 85 182 269 300 350 304 13 110 102 199 345 55 123
22
354 171 295 211 142 239 59 253 200 68 165 215 118 100 37 179 251 38 97 273 351 210
22
354 206 334 270 340 243 322 284 133 222 279 318 27 216 22 41 283 84 120 330 29 315
22
353 97 273 270 57 251 127 321 51 245 286 29 223 252 155 205 22 216 119 161 67 336
22
353 195 98 289 152 304 219 331 294 106 86 227 332 167 140 237 244 341 50 312 21 215
22
352 204 257 161 20 299 202 154 27 309 168 211 298 131 325 274 166 296 193 89 127 268
22
352 171 209 254 60 334 222 264 106 294 285 88 182 150 192 289 183 233 22 314 219 336
22
351 188 314 120 6 200 194 291 140 187 215 8 290 204 251 348 279 322 222 175 101 298
22
351 161 258 2 278 306 112 227 165 83 95 289 239 296 99 332 235 41 257 75 325 128
22
351 249 339 250 347 170 106 297 195 108 329 113 210 16 185 181 166 69 65 116 323 288
22
350 24 121 144 224 166 56 61 158 155 199 290 169 72 304 67 358 7 335 334 294 253
22
349 270 88 332 286 192 95 239 336 132 329 38 168 121 335 238 91 164 23 113 311 68
22
349 256 6 195 98 296 5 174 271 77 110 207 13 150 53 129 8 196 99 75 122 267
22
348 118 102 87 48 95 51 336 156 253 173 314 91 188 307 16 86 227 85 273 38 161
22
348 208 13 288 28 319 144 241 174 271 77 292 98 140 43 290 311 20 262 39 99 196
22
347 60 254 22 216 65 14 37 131 181 103 6 56 327 230 36 280 132 98 3 197 164
22
347 340 152 125 252 330 189 260 66 214 26 123 306 237 88 145 242 295 89 81 106 53
22
350 149 232 173 192 39 251 320 126 172 228 34 190 93 287 209 112 170 168 189 282 6
22
346 330 136 213 28 222 35 81 275 9 285 104 7 84 278 345 63 138 235 176 301 107
22
346 207 110 13 171 174 202 215 46 240 234 331 219 339 193 290 249 148 167 264 162 38
22
345 170 193 343 340 24 218 81 275 178 32 56 194 97 55 200 179 82 276 133 27 209
22
345 63 264 167 30 321 265 168 66 169 41 268 190 203 10 330 39 154 207 258 47 77
22
344 35 129 156 100 197 83 237 98 283 186 80 174 127 151 339 245 220 79 205 200 3
22
344 6 341 138 202 209 68 262 61 211 14 164 178 137 293 118 215 18 219 122 316 25
22
344 44 241 95 192 89 318 333 139 336 301 104 160 163 134 169 19 223 26 171 268 87
22
343 315 51 159 62 259 52 211 198 290 334 284 90 83 296 227 56 291 9 300 322 213
22
343 266 169 189 316 122 341 210 16 170 76 84 66 260 141 67 336 158 94 339 323 282
22
342 305 167 264 147 6 129 158 255 268 171 336 337 84 319 128 168 71 265 40 4 283
22
342 25 219 113 272 231 139 179 285 67 261 206 347 93 197 100 3 52 290 193 38 232
22
341 317 123 5 52 307 160 63 121 55 140 171 74 178 225 14 263 11 293 190 93 135
22
341 138 4 68 134 331 37 18 212 114 311 132 154 195 224 283 157 60 269 276 303 333
22
341 50 44 338 185 226 250 186 51 299 6 197 236 207 261 58 324 127 274 77 131 328
22
340 160 159 181 92 149 8 299 218 24 171 268 4 333 139 50 238 44 141 285 269 172
22
340 34 228 85 224 30 283 186 265 71 227 33 123 328 37 134 58 274 177 126 135 232
22
340 38 195 98 115 18 305 230 36 31 199 194 166 263 113 303 27 96 9 300 157 54
22
339 303 194 97 282 175 163 254 262 126 267 82 179 299 50 62 203 106 294 268 39 133
22
339 315 127 186 7 54 151 146 306 15 71 331 245 152 134 231 207 322 187 139 63 61
22
338 49 189 69 36 271 13 110 87 134 160 214 261 308 204 298 16 307 112 200 320 136
22
338 90 96 84 178 275 109 186 280 183 220 227 175 5 296 287 14 285 149 129 273 313
22
337 290 193 243 53 201 52 246 149 334 237 292 62 307 137 273 196 17 161 22 304 188
22
337 69 19 266 219 316 89 42 139 94 191 54 148 242 14 208 306 209 279 59 78 153
22
336 260 108 91 150 111 232 322 273 320 223 227 183 83 121 271 77 316 219 27 140 313
22
336 119 186 193 255 158 312 18 309 245 190 333 23 138 332 244 161 78 292 293 36 327
